
Discarded input sections

 .group         0x0000000000000000        0xc /root/.jenkins/workspace/v4.1.0_release_build/fsbl/build/cv1801c_wevb_0009a_spinand/bl2/build_message.o
 .text          0x0000000000000000        0x0 /root/.jenkins/workspace/v4.1.0_release_build/fsbl/build/cv1801c_wevb_0009a_spinand/bl2/build_message.o
 .data          0x0000000000000000        0x0 /root/.jenkins/workspace/v4.1.0_release_build/fsbl/build/cv1801c_wevb_0009a_spinand/bl2/build_message.o
 .bss           0x0000000000000000        0x0 /root/.jenkins/workspace/v4.1.0_release_build/fsbl/build/cv1801c_wevb_0009a_spinand/bl2/build_message.o
 .group         0x0000000000000000        0xc /root/.jenkins/workspace/v4.1.0_release_build/fsbl/build/cv1801c_wevb_0009a_spinand/bl2/cpu_helper.o
 .group         0x0000000000000000        0xc /root/.jenkins/workspace/v4.1.0_release_build/fsbl/build/cv1801c_wevb_0009a_spinand/bl2/cpu_helper.o
 .group         0x0000000000000000        0xc /root/.jenkins/workspace/v4.1.0_release_build/fsbl/build/cv1801c_wevb_0009a_spinand/bl2/cpu_helper.o
 .group         0x0000000000000000        0xc /root/.jenkins/workspace/v4.1.0_release_build/fsbl/build/cv1801c_wevb_0009a_spinand/bl2/cpu_helper.o
 .group         0x0000000000000000        0xc /root/.jenkins/workspace/v4.1.0_release_build/fsbl/build/cv1801c_wevb_0009a_spinand/bl2/cpu_helper.o
 .group         0x0000000000000000        0xc /root/.jenkins/workspace/v4.1.0_release_build/fsbl/build/cv1801c_wevb_0009a_spinand/bl2/cpu_helper.o
 .group         0x0000000000000000        0xc /root/.jenkins/workspace/v4.1.0_release_build/fsbl/build/cv1801c_wevb_0009a_spinand/bl2/cpu_helper.o
 .group         0x0000000000000000        0xc /root/.jenkins/workspace/v4.1.0_release_build/fsbl/build/cv1801c_wevb_0009a_spinand/bl2/cpu_helper.o
 .group         0x0000000000000000        0xc /root/.jenkins/workspace/v4.1.0_release_build/fsbl/build/cv1801c_wevb_0009a_spinand/bl2/cpu_helper.o
 .group         0x0000000000000000        0xc /root/.jenkins/workspace/v4.1.0_release_build/fsbl/build/cv1801c_wevb_0009a_spinand/bl2/cpu_helper.o
 .group         0x0000000000000000        0xc /root/.jenkins/workspace/v4.1.0_release_build/fsbl/build/cv1801c_wevb_0009a_spinand/bl2/cpu_helper.o
 .group         0x0000000000000000        0xc /root/.jenkins/workspace/v4.1.0_release_build/fsbl/build/cv1801c_wevb_0009a_spinand/bl2/cpu_helper.o
 .group         0x0000000000000000        0xc /root/.jenkins/workspace/v4.1.0_release_build/fsbl/build/cv1801c_wevb_0009a_spinand/bl2/cpu_helper.o
 .group         0x0000000000000000        0xc /root/.jenkins/workspace/v4.1.0_release_build/fsbl/build/cv1801c_wevb_0009a_spinand/bl2/cpu_helper.o
 .group         0x0000000000000000        0xc /root/.jenkins/workspace/v4.1.0_release_build/fsbl/build/cv1801c_wevb_0009a_spinand/bl2/cpu_helper.o
 .group         0x0000000000000000        0xc /root/.jenkins/workspace/v4.1.0_release_build/fsbl/build/cv1801c_wevb_0009a_spinand/bl2/cpu_helper.o
 .text          0x0000000000000000        0x0 /root/.jenkins/workspace/v4.1.0_release_build/fsbl/build/cv1801c_wevb_0009a_spinand/bl2/cpu_helper.o
 .data          0x0000000000000000        0x0 /root/.jenkins/workspace/v4.1.0_release_build/fsbl/build/cv1801c_wevb_0009a_spinand/bl2/cpu_helper.o
 .bss           0x0000000000000000        0x0 /root/.jenkins/workspace/v4.1.0_release_build/fsbl/build/cv1801c_wevb_0009a_spinand/bl2/cpu_helper.o
 .text.cpu_report_exception
                0x0000000000000000        0x2 /root/.jenkins/workspace/v4.1.0_release_build/fsbl/build/cv1801c_wevb_0009a_spinand/bl2/cpu_helper.o
 .text.enable_cache
                0x0000000000000000        0x2 /root/.jenkins/workspace/v4.1.0_release_build/fsbl/build/cv1801c_wevb_0009a_spinand/bl2/cpu_helper.o
 .group         0x0000000000000000        0xc /root/.jenkins/workspace/v4.1.0_release_build/fsbl/build/cv1801c_wevb_0009a_spinand/bl2/misc_helpers.o
 .group         0x0000000000000000        0xc /root/.jenkins/workspace/v4.1.0_release_build/fsbl/build/cv1801c_wevb_0009a_spinand/bl2/misc_helpers.o
 .group         0x0000000000000000        0xc /root/.jenkins/workspace/v4.1.0_release_build/fsbl/build/cv1801c_wevb_0009a_spinand/bl2/misc_helpers.o
 .text          0x0000000000000000        0x0 /root/.jenkins/workspace/v4.1.0_release_build/fsbl/build/cv1801c_wevb_0009a_spinand/bl2/misc_helpers.o
 .data          0x0000000000000000        0x0 /root/.jenkins/workspace/v4.1.0_release_build/fsbl/build/cv1801c_wevb_0009a_spinand/bl2/misc_helpers.o
 .bss           0x0000000000000000        0x0 /root/.jenkins/workspace/v4.1.0_release_build/fsbl/build/cv1801c_wevb_0009a_spinand/bl2/misc_helpers.o
 .text.memcpy16
                0x0000000000000000        0x8 /root/.jenkins/workspace/v4.1.0_release_build/fsbl/build/cv1801c_wevb_0009a_spinand/bl2/misc_helpers.o
 .text.zeromem  0x0000000000000000        0xc /root/.jenkins/workspace/v4.1.0_release_build/fsbl/build/cv1801c_wevb_0009a_spinand/bl2/misc_helpers.o
[...]
Memory Configuration

Name             Origin             Length             Attributes
RAM              0x000000003bc00000 0x0000000000019000 xrw
*default*        0x0000000000000000 0xffffffffffffffff

Linker script and memory map

                0x000000003bc00000                . = 0x3bc00000
                0x0000000000000001                ASSERT ((. == ALIGN (0x1000)), BL2_BASE address is not aligned on a page boundary.)

ro              0x000000003bc00000     0xb80c
                0x000000003bc00000                __RO_START__ = .
 *bl2_entrypoint.o(.text*)
 .text.init     0x000000003bc00000      0x14c /root/.jenkins/workspace/v4.1.0_release_build/fsbl/build/cv1801c_wevb_0009a_spinand/bl2/bl2_entrypoint.o
                0x000000003bc00000                bl2_entrypoint
 *(.vectors)
 *(.text*)
 .text.sync_cache
                0x000000003bc0014c        0xa /root/.jenkins/workspace/v4.1.0_release_build/fsbl/build/cv1801c_wevb_0009a_spinand/bl2/cpu_helper.o
                0x000000003bc0014c                sync_cache
 .text.flush_dcache_range
                0x000000003bc00156       0x24 /root/.jenkins/workspace/v4.1.0_release_build/fsbl/build/cv1801c_wevb_0009a_spinand/bl2/cache.o
                0x000000003bc00156                flush_dcache_range
 .text.trig_simulation_timer
                0x000000003bc0017a       0x10 /root/.jenkins/workspace/v4.1.0_release_build/fsbl/build/cv1801c_wevb_0009a_spinand/bl2/delay_timer.o
                0x000000003bc0017a                trig_simulation_timer
 .text.udelay   0x000000003bc0018a       0x2a /root/.jenkins/workspace/v4.1.0_release_build/fsbl/build/cv1801c_wevb_0009a_spinand/bl2/delay_timer.o
                0x000000003bc0018a                udelay
 .text.mdelay   0x000000003bc001b4        0xa /root/.jenkins/workspace/v4.1.0_release_build/fsbl/build/cv1801c_wevb_0009a_spinand/bl2/delay_timer.o
                0x000000003bc001b4                mdelay
 .text.get_timer
                0x000000003bc001be       0x24 /root/.jenkins/workspace/v4.1.0_release_build/fsbl/build/cv1801c_wevb_0009a_spinand/bl2/delay_timer.o
                0x000000003bc001be                get_timer
 .text.get_random_from_timer
                0x000000003bc001e2       0x2a /root/.jenkins/workspace/v4.1.0_release_build/fsbl/build/cv1801c_wevb_0009a_spinand/bl2/delay_timer.o
                0x000000003bc001e2                get_random_from_timer
 .text.read_count_tick
                0x000000003bc0020c        0xe /root/.jenkins/workspace/v4.1.0_release_build/fsbl/build/cv1801c_wevb_0009a_spinand/bl2/delay_timer.o
                0x000000003bc0020c                read_count_tick
 .text.jump_to_monitor
                0x000000003bc0021a       0x78 /root/.jenkins/workspace/v4.1.0_release_build/fsbl/build/cv1801c_wevb_0009a_spinand/bl2/bl2_helper.o
                0x000000003bc0021a                jump_to_monitor
 .text.jump_to_loader_2nd
                0x000000003bc00292        0x2 /root/.jenkins/workspace/v4.1.0_release_build/fsbl/build/cv1801c_wevb_0009a_spinand/bl2/bl2_helper.o
                0x000000003bc00292                jump_to_loader_2nd
 .text._uart_putc
                0x000000003bc00294       0x10 /root/.jenkins/workspace/v4.1.0_release_build/fsbl/build/cv1801c_wevb_0009a_spinand/bl2/uart_dw.o
                0x000000003bc00294                _uart_putc
 .text.console_putc
                0x000000003bc002a4       0x1e /root/.jenkins/workspace/v4.1.0_release_build/fsbl/build/cv1801c_wevb_0009a_spinand/bl2/uart_dw.o
                0x000000003bc002a4                console_putc
 .text.console_flush
                0x000000003bc002c2       0x14 /root/.jenkins/workspace/v4.1.0_release_build/fsbl/build/cv1801c_wevb_0009a_spinand/bl2/uart_dw.o
                0x000000003bc002c2                console_flush
 .text.unsigned_num_print
                0x000000003bc002d6       0x82 /root/.jenkins/workspace/v4.1.0_release_build/fsbl/build/cv1801c_wevb_0009a_spinand/bl2/tf_printf.o
 .text.tf_printf
                0x000000003bc00358      0x196 /root/.jenkins/workspace/v4.1.0_release_build/fsbl/build/cv1801c_wevb_0009a_spinand/bl2/tf_printf.o
                0x000000003bc00358                tf_printf
 .text.__system_reset
                0x000000003bc004ee       0xc6 /root/.jenkins/workspace/v4.1.0_release_build/fsbl/build/cv1801c_wevb_0009a_spinand/bl2/platform.o
                0x000000003bc004ee                __system_reset
 .text.panic_handler
                0x000000003bc005b4       0x32 /root/.jenkins/workspace/v4.1.0_release_build/fsbl/build/cv1801c_wevb_0009a_spinand/bl2/platform.o
                0x000000003bc005b4                panic_handler
 .text.reset_c906l
                0x000000003bc005e6       0x46 /root/.jenkins/workspace/v4.1.0_release_build/fsbl/build/cv1801c_wevb_0009a_spinand/bl2/platform.o
                0x000000003bc005e6                reset_c906l
 .text.setup_dl_flag
                0x000000003bc0062c       0x4a /root/.jenkins/workspace/v4.1.0_release_build/fsbl/build/cv1801c_wevb_0009a_spinand/bl2/platform.o
                0x000000003bc0062c                setup_dl_flag
 .text.sys_switch_all_to_pll
                0x000000003bc00676        0xe /root/.jenkins/workspace/v4.1.0_release_build/fsbl/build/cv1801c_wevb_0009a_spinand/bl2/platform.o
                0x000000003bc00676                sys_switch_all_to_pll
 .text.sys_pll_nd
                0x000000003bc00684      0x184 /root/.jenkins/workspace/v4.1.0_release_build/fsbl/build/cv1801c_wevb_0009a_spinand/bl2/platform.o
                0x000000003bc00684                sys_pll_nd
 .text.sys_pll_init
                0x000000003bc00808       0x16 /root/.jenkins/workspace/v4.1.0_release_build/fsbl/build/cv1801c_wevb_0009a_spinand/bl2/platform.o
                0x000000003bc00808                sys_pll_init
 .text.switch_rtc_mode_1st_stage
                0x000000003bc0081e        0x2 /root/.jenkins/workspace/v4.1.0_release_build/fsbl/build/cv1801c_wevb_0009a_spinand/bl2/platform.o
                0x000000003bc0081e                switch_rtc_mode_1st_stage
 .text.switch_rtc_mode_2nd_stage
                0x000000003bc00820       0x40 /root/.jenkins/workspace/v4.1.0_release_build/fsbl/build/cv1801c_wevb_0009a_spinand/bl2/platform.o
                0x000000003bc00820                switch_rtc_mode_2nd_stage
 .text.set_rtc_en_registers
                0x000000003bc00860       0xaa /root/.jenkins/workspace/v4.1.0_release_build/fsbl/build/cv1801c_wevb_0009a_spinand/bl2/platform.o
                0x000000003bc00860                set_rtc_en_registers
 .text.init_comm_info
                0x000000003bc0090a       0x6e /root/.jenkins/workspace/v4.1.0_release_build/fsbl/build/cv1801c_wevb_0009a_spinand/bl2/platform.o
                0x000000003bc0090a                init_comm_info
 .text.dec_verify_image
                0x000000003bc00978        0x4 /root/.jenkins/workspace/v4.1.0_release_build/fsbl/build/cv1801c_wevb_0009a_spinand/bl2/security.o
                0x000000003bc00978                dec_verify_image
 .text.efuse_wait_idle
                0x000000003bc0097c       0x2e /root/.jenkins/workspace/v4.1.0_release_build/fsbl/build/cv1801c_wevb_0009a_spinand/bl2/security.o
                0x000000003bc0097c                efuse_wait_idle
 .text.efuse_power_on
                0x000000003bc009aa       0x1c /root/.jenkins/workspace/v4.1.0_release_build/fsbl/build/cv1801c_wevb_0009a_spinand/bl2/security.o
                0x000000003bc009aa                efuse_power_on
 .text.efuse_program_bit
                0x000000003bc009c6       0x56 /root/.jenkins/workspace/v4.1.0_release_build/fsbl/build/cv1801c_wevb_0009a_spinand/bl2/security.o
                0x000000003bc009c6                efuse_program_bit
 .text.efuse_refresh_shadow
                0x000000003bc00a1c       0x2a /root/.jenkins/workspace/v4.1.0_release_build/fsbl/build/cv1801c_wevb_0009a_spinand/bl2/security.o
                0x000000003bc00a1c                efuse_refresh_shadow
 .text.efuse_power_off
                0x000000003bc00a46       0x1c /root/.jenkins/workspace/v4.1.0_release_build/fsbl/build/cv1801c_wevb_0009a_spinand/bl2/security.o
                0x000000003bc00a46                efuse_power_off
 .text.ntostr   0x000000003bc00a62       0x7a /root/.jenkins/workspace/v4.1.0_release_build/fsbl/build/cv1801c_wevb_0009a_spinand/bl2/misc.o
                0x000000003bc00a62                ntostr
 .text.memset   0x000000003bc00adc       0x5a /root/.jenkins/workspace/v4.1.0_release_build/fsbl/build/cv1801c_wevb_0009a_spinand/bl2/mem.o
                0x000000003bc00adc                memset
 .text.memcpy   0x000000003bc00b36       0x60 /root/.jenkins/workspace/v4.1.0_release_build/fsbl/build/cv1801c_wevb_0009a_spinand/bl2/mem.o
                0x000000003bc00b36                memcpy
 .text.memmove  0x000000003bc00b96       0x20 /root/.jenkins/workspace/v4.1.0_release_build/fsbl/build/cv1801c_wevb_0009a_spinand/bl2/mem.o
                0x000000003bc00b96                memmove
 .text.putchar_l
                0x000000003bc00bb6       0x52 /root/.jenkins/workspace/v4.1.0_release_build/fsbl/build/cv1801c_wevb_0009a_spinand/bl2/putchar.o
                0x000000003bc00bb6                putchar_l
 .text.strcmp   0x000000003bc00c08       0x1c /root/.jenkins/workspace/v4.1.0_release_build/fsbl/build/cv1801c_wevb_0009a_spinand/bl2/strcmp.o
                0x000000003bc00c08                strcmp
 .text.strlen   0x000000003bc00c24       0x12 /root/.jenkins/workspace/v4.1.0_release_build/fsbl/build/cv1801c_wevb_0009a_spinand/bl2/strlen.o
                0x000000003bc00c24                strlen
 .text.gpio_in_value
                0x000000003bc00c36       0x7a /root/.jenkins/workspace/v4.1.0_release_build/fsbl/build/cv1801c_wevb_0009a_spinand/bl2/platform_device.o
                0x000000003bc00c36                gpio_in_value
 .text.usb_id_det
                0x000000003bc00cb0       0x1c /root/.jenkins/workspace/v4.1.0_release_build/fsbl/build/cv1801c_wevb_0009a_spinand/bl2/platform_device.o
                0x000000003bc00cb0                usb_id_det
 .text.read_time_ms
                0x000000003bc00ccc       0x1a /root/.jenkins/workspace/v4.1.0_release_build/fsbl/build/cv1801c_wevb_0009a_spinand/bl2/bl2_main.o
 .text.lock_efuse_chipsn
                0x000000003bc00ce6       0x8a /root/.jenkins/workspace/v4.1.0_release_build/fsbl/build/cv1801c_wevb_0009a_spinand/bl2/bl2_main.o
                0x000000003bc00ce6                lock_efuse_chipsn
 .text.load_image_by_usb
                0x000000003bc00d70       0x40 /root/.jenkins/workspace/v4.1.0_release_build/fsbl/build/cv1801c_wevb_0009a_spinand/bl2/bl2_main.o
                0x000000003bc00d70                load_image_by_usb
 .text.load_param2
                0x000000003bc00db0       0xd0 /root/.jenkins/workspace/v4.1.0_release_build/fsbl/build/cv1801c_wevb_0009a_spinand/bl2/bl2_main.o
                0x000000003bc00db0                load_param2
 .text.load_ddr_param
                0x000000003bc00e80       0xae /root/.jenkins/workspace/v4.1.0_release_build/fsbl/build/cv1801c_wevb_0009a_spinand/bl2/bl2_main.o
                0x000000003bc00e80                load_ddr_param
 .text.load_ddr
                0x000000003bc00f2e       0xc6 /root/.jenkins/workspace/v4.1.0_release_build/fsbl/build/cv1801c_wevb_0009a_spinand/bl2/bl2_main.o
                0x000000003bc00f2e                load_ddr
 .text.load_blcp_2nd
                0x000000003bc00ff4      0x164 /root/.jenkins/workspace/v4.1.0_release_build/fsbl/build/cv1801c_wevb_0009a_spinand/bl2/bl2_main.o
                0x000000003bc00ff4                load_blcp_2nd
 .text.load_monitor
                0x000000003bc01158      0x126 /root/.jenkins/workspace/v4.1.0_release_build/fsbl/build/cv1801c_wevb_0009a_spinand/bl2/bl2_main.o
                0x000000003bc01158                load_monitor
 .text.load_loader_2nd
                0x000000003bc0127e      0x208 /root/.jenkins/workspace/v4.1.0_release_build/fsbl/build/cv1801c_wevb_0009a_spinand/bl2/bl2_main.o
                0x000000003bc0127e                load_loader_2nd
 .text.load_rest
                0x000000003bc01486       0xe6 /root/.jenkins/workspace/v4.1.0_release_build/fsbl/build/cv1801c_wevb_0009a_spinand/bl2/bl2_main.o
                0x000000003bc01486                load_rest
 .text.bl2_main
                0x000000003bc0156c       0x9a /root/.jenkins/workspace/v4.1.0_release_build/fsbl/build/cv1801c_wevb_0009a_spinand/bl2/bl2_main.o
                0x000000003bc0156c                bl2_main
 .text.SzFree   0x000000003bc01606        0x2 /root/.jenkins/workspace/v4.1.0_release_build/fsbl/build/cv1801c_wevb_0009a_spinand/bl2/decompress.o
 .text.SzAlloc  0x000000003bc01608       0x42 /root/.jenkins/workspace/v4.1.0_release_build/fsbl/build/cv1801c_wevb_0009a_spinand/bl2/decompress.o
 .text.decompress_lzma
                0x000000003bc0164a       0xe8 /root/.jenkins/workspace/v4.1.0_release_build/fsbl/build/cv1801c_wevb_0009a_spinand/bl2/decompress.o
                0x000000003bc0164a                decompress_lzma
 .text.LZ4_malloc
                0x000000003bc01732        0x6 /root/.jenkins/workspace/v4.1.0_release_build/fsbl/build/cv1801c_wevb_0009a_spinand/bl2/decompress.o
                0x000000003bc01732                LZ4_malloc
 .text.LZ4_calloc
                0x000000003bc01738       0x28 /root/.jenkins/workspace/v4.1.0_release_build/fsbl/build/cv1801c_wevb_0009a_spinand/bl2/decompress.o
                0x000000003bc01738                LZ4_calloc
 .text.LZ4_free
                0x000000003bc01760        0x2 /root/.jenkins/workspace/v4.1.0_release_build/fsbl/build/cv1801c_wevb_0009a_spinand/bl2/decompress.o
                0x000000003bc01760                LZ4_free
 .text.decompress_lz4
                0x000000003bc01762       0xae /root/.jenkins/workspace/v4.1.0_release_build/fsbl/build/cv1801c_wevb_0009a_spinand/bl2/decompress.o
                0x000000003bc01762                decompress_lz4
 .text.decompress
                0x000000003bc01810       0x7e /root/.jenkins/workspace/v4.1.0_release_build/fsbl/build/cv1801c_wevb_0009a_spinand/bl2/decompress.o
                0x000000003bc01810                decompress
 .text.DWC2_UncachedRead32
                0x000000003bc0188e        0x4 /root/.jenkins/workspace/v4.1.0_release_build/fsbl/build/cv1801c_wevb_0009a_spinand/bl2/cps_cvi.o
                0x000000003bc0188e                DWC2_UncachedRead32
 .text.DWC2_UncachedWrite32
                0x000000003bc01892        0x4 /root/.jenkins/workspace/v4.1.0_release_build/fsbl/build/cv1801c_wevb_0009a_spinand/bl2/cps_cvi.o
                0x000000003bc01892                DWC2_UncachedWrite32
 .text.resume   0x000000003bc01896        0x2 /root/.jenkins/workspace/v4.1.0_release_build/fsbl/build/cv1801c_wevb_0009a_spinand/bl2/usb_tty.o
 .text.requestMemAlloc
                0x000000003bc01898       0x38 /root/.jenkins/workspace/v4.1.0_release_build/fsbl/build/cv1801c_wevb_0009a_spinand/bl2/usb_tty.o
 .text.requestMemFree
                0x000000003bc018d0        0x2 /root/.jenkins/workspace/v4.1.0_release_build/fsbl/build/cv1801c_wevb_0009a_spinand/bl2/usb_tty.o
 .text.acm_complete_set_line_coding
                0x000000003bc018d2       0x1c /root/.jenkins/workspace/v4.1.0_release_build/fsbl/build/cv1801c_wevb_0009a_spinand/bl2/usb_tty.o
 .text.reset    0x000000003bc018ee       0x14 /root/.jenkins/workspace/v4.1.0_release_build/fsbl/build/cv1801c_wevb_0009a_spinand/bl2/usb_tty.o
 .text.disconnect
                0x000000003bc01902       0x2e /root/.jenkins/workspace/v4.1.0_release_build/fsbl/build/cv1801c_wevb_0009a_spinand/bl2/usb_tty.o
 .text.unbind   0x000000003bc01930       0x26 /root/.jenkins/workspace/v4.1.0_release_build/fsbl/build/cv1801c_wevb_0009a_spinand/bl2/usb_tty.o
 .text.bind     0x000000003bc01956       0x42 /root/.jenkins/workspace/v4.1.0_release_build/fsbl/build/cv1801c_wevb_0009a_spinand/bl2/usb_tty.o
 .text.get_unicode_string
                0x000000003bc01998       0x52 /root/.jenkins/workspace/v4.1.0_release_build/fsbl/build/cv1801c_wevb_0009a_spinand/bl2/usb_tty.o
 .text.bulkOutCmpl
                0x000000003bc019ea      0x234 /root/.jenkins/workspace/v4.1.0_release_build/fsbl/build/cv1801c_wevb_0009a_spinand/bl2/usb_tty.o
 .text.getDescAcm
                0x000000003bc01c1e       0x5c /root/.jenkins/workspace/v4.1.0_release_build/fsbl/build/cv1801c_wevb_0009a_spinand/bl2/usb_tty.o
 .text.reqComplete
                0x000000003bc01c7a       0x2a /root/.jenkins/workspace/v4.1.0_release_build/fsbl/build/cv1801c_wevb_0009a_spinand/bl2/usb_tty.o
 .text.bulkInCmpl
                0x000000003bc01ca4       0x50 /root/.jenkins/workspace/v4.1.0_release_build/fsbl/build/cv1801c_wevb_0009a_spinand/bl2/usb_tty.o
 .text.setup    0x000000003bc01cf4      0x43e /root/.jenkins/workspace/v4.1.0_release_build/fsbl/build/cv1801c_wevb_0009a_spinand/bl2/usb_tty.o
 .text.suspend  0x000000003bc02132        0x2 /root/.jenkins/workspace/v4.1.0_release_build/fsbl/build/cv1801c_wevb_0009a_spinand/bl2/usb_tty.o
 .text.convert_buf_addr
                0x000000003bc02134       0xa2 /root/.jenkins/workspace/v4.1.0_release_build/fsbl/build/cv1801c_wevb_0009a_spinand/bl2/usb_tty.o
                0x000000003bc02134                convert_buf_addr
 .text.print_buf_addr
                0x000000003bc021d6       0xd0 /root/.jenkins/workspace/v4.1.0_release_build/fsbl/build/cv1801c_wevb_0009a_spinand/bl2/usb_tty.o
                0x000000003bc021d6                print_buf_addr
 .text.AcmIsr   0x000000003bc022a6        0x6 /root/.jenkins/workspace/v4.1.0_release_build/fsbl/build/cv1801c_wevb_0009a_spinand/bl2/usb_tty.o
                0x000000003bc022a6                AcmIsr
 .text.acm_app_init
                0x000000003bc022ac      0x138 /root/.jenkins/workspace/v4.1.0_release_build/fsbl/build/cv1801c_wevb_0009a_spinand/bl2/usb_tty.o
                0x000000003bc022ac                acm_app_init
 .text.usb_vbus_det
                0x000000003bc023e4        0xc /root/.jenkins/workspace/v4.1.0_release_build/fsbl/build/cv1801c_wevb_0009a_spinand/bl2/usb_tty.o
                0x000000003bc023e4                usb_vbus_det
 .text.get_usb_polling_timeout_value
                0x000000003bc023f0       0x30 /root/.jenkins/workspace/v4.1.0_release_build/fsbl/build/cv1801c_wevb_0009a_spinand/bl2/usb_tty.o
                0x000000003bc023f0                get_usb_polling_timeout_value
 .text.AcmApp   0x000000003bc02420      0x478 /root/.jenkins/workspace/v4.1.0_release_build/fsbl/build/cv1801c_wevb_0009a_spinand/bl2/usb_tty.o
                0x000000003bc02420                AcmApp
 .text.dwc2_fifo_status
                0x000000003bc02898       0x16 /root/.jenkins/workspace/v4.1.0_release_build/fsbl/build/cv1801c_wevb_0009a_spinand/bl2/dwc2_udc_otg.o
 .text.dwc2_free_request
                0x000000003bc028ae       0x3a /root/.jenkins/workspace/v4.1.0_release_build/fsbl/build/cv1801c_wevb_0009a_spinand/bl2/dwc2_udc_otg.o
 .text.pullup   0x000000003bc028e8       0x48 /root/.jenkins/workspace/v4.1.0_release_build/fsbl/build/cv1801c_wevb_0009a_spinand/bl2/dwc2_udc_otg.o
 .text.dwc2_alloc_request
                0x000000003bc02930       0x38 /root/.jenkins/workspace/v4.1.0_release_build/fsbl/build/cv1801c_wevb_0009a_spinand/bl2/dwc2_udc_otg.o
 .text.dwc2_ep_enable
                0x000000003bc02968       0xa0 /root/.jenkins/workspace/v4.1.0_release_build/fsbl/build/cv1801c_wevb_0009a_spinand/bl2/dwc2_udc_otg.o
 .text.dwc2_fifo_flush
                0x000000003bc02a08        0x2 /root/.jenkins/workspace/v4.1.0_release_build/fsbl/build/cv1801c_wevb_0009a_spinand/bl2/dwc2_udc_otg.o
 .text.dwc2_log_write
                0x000000003bc02a0a        0x2 /root/.jenkins/workspace/v4.1.0_release_build/fsbl/build/cv1801c_wevb_0009a_spinand/bl2/dwc2_udc_otg.o
                0x000000003bc02a0a                dwc2_log_write
 .text.dwc2_get_ep0_name
                0x000000003bc02a0c        0xa /root/.jenkins/workspace/v4.1.0_release_build/fsbl/build/cv1801c_wevb_0009a_spinand/bl2/dwc2_udc_otg.o
                0x000000003bc02a0c                dwc2_get_ep0_name
 .text.udc_reinit
                0x000000003bc02a16       0x46 /root/.jenkins/workspace/v4.1.0_release_build/fsbl/build/cv1801c_wevb_0009a_spinand/bl2/dwc2_udc_otg.o
                0x000000003bc02a16                udc_reinit
 .text.dwc2_done
                0x000000003bc02a5c       0x40 /root/.jenkins/workspace/v4.1.0_release_build/fsbl/build/cv1801c_wevb_0009a_spinand/bl2/dwc2_udc_otg.o
                0x000000003bc02a5c                dwc2_done
 .text.dwc2_dequeue
                0x000000003bc02a9c       0x54 /root/.jenkins/workspace/v4.1.0_release_build/fsbl/build/cv1801c_wevb_0009a_spinand/bl2/dwc2_udc_otg.o
 .text.dwc2_nuke
                0x000000003bc02af0       0x2e /root/.jenkins/workspace/v4.1.0_release_build/fsbl/build/cv1801c_wevb_0009a_spinand/bl2/dwc2_udc_otg.o
                0x000000003bc02af0                dwc2_nuke
 .text.usb_gadget_unregister_driver
                0x000000003bc02b1e       0x9a /root/.jenkins/workspace/v4.1.0_release_build/fsbl/build/cv1801c_wevb_0009a_spinand/bl2/dwc2_udc_otg.o
                0x000000003bc02b1e                usb_gadget_unregister_driver
 .text.dwc2_hsotg_set_bit
                0x000000003bc02bb8       0x22 /root/.jenkins/workspace/v4.1.0_release_build/fsbl/build/cv1801c_wevb_0009a_spinand/bl2/dwc2_udc_otg.o
                0x000000003bc02bb8                dwc2_hsotg_set_bit
 .text.dwc2_hsotg_clear_bit
                0x000000003bc02bda       0x24 /root/.jenkins/workspace/v4.1.0_release_build/fsbl/build/cv1801c_wevb_0009a_spinand/bl2/dwc2_udc_otg.o
                0x000000003bc02bda                dwc2_hsotg_clear_bit
 .text.wakeup   0x000000003bc02bfe       0x3c /root/.jenkins/workspace/v4.1.0_release_build/fsbl/build/cv1801c_wevb_0009a_spinand/bl2/dwc2_udc_otg.o
 .text.dwc2_hsotg_wait_bit_set
                0x000000003bc02c3a       0x46 /root/.jenkins/workspace/v4.1.0_release_build/fsbl/build/cv1801c_wevb_0009a_spinand/bl2/dwc2_udc_otg.o
                0x000000003bc02c3a                dwc2_hsotg_wait_bit_set
 .text.dwc2_hsotg_txfifo_flush.constprop.0
                0x000000003bc02c80       0x90 /root/.jenkins/workspace/v4.1.0_release_build/fsbl/build/cv1801c_wevb_0009a_spinand/bl2/dwc2_udc_otg.o
 .text.kill_all_requests.isra.0
                0x000000003bc02d10       0x5e /root/.jenkins/workspace/v4.1.0_release_build/fsbl/build/cv1801c_wevb_0009a_spinand/bl2/dwc2_udc_otg.o
 .text.dwc2_disconnect
                0x000000003bc02d6e       0x56 /root/.jenkins/workspace/v4.1.0_release_build/fsbl/build/cv1801c_wevb_0009a_spinand/bl2/dwc2_udc_otg.o
                0x000000003bc02d6e                dwc2_disconnect
 .text.dwc2_hsotg_init_fifo.constprop.0
                0x000000003bc02dc4       0xda /root/.jenkins/workspace/v4.1.0_release_build/fsbl/build/cv1801c_wevb_0009a_spinand/bl2/dwc2_udc_otg.o
 .text._dwc2_ep_disable.isra.0
                0x000000003bc02e9e      0x1a6 /root/.jenkins/workspace/v4.1.0_release_build/fsbl/build/cv1801c_wevb_0009a_spinand/bl2/dwc2_udc_otg.o
 .text.dwc2_ep_disable
                0x000000003bc03044       0x20 /root/.jenkins/workspace/v4.1.0_release_build/fsbl/build/cv1801c_wevb_0009a_spinand/bl2/dwc2_udc_otg.o
 .text.dwc2_reconfig_usbd
                0x000000003bc03064      0x28c /root/.jenkins/workspace/v4.1.0_release_build/fsbl/build/cv1801c_wevb_0009a_spinand/bl2/dwc2_udc_otg.o
                0x000000003bc03064                dwc2_reconfig_usbd
 .text.usb_gadget_register_driver
                0x000000003bc032f0      0x156 /root/.jenkins/workspace/v4.1.0_release_build/fsbl/build/cv1801c_wevb_0009a_spinand/bl2/dwc2_udc_otg.o
                0x000000003bc032f0                usb_gadget_register_driver
 .text.dwc2_phy_to_log_ep
                0x000000003bc03446       0x12 /root/.jenkins/workspace/v4.1.0_release_build/fsbl/build/cv1801c_wevb_0009a_spinand/bl2/dwc2_udc_otg.o
                0x000000003bc03446                dwc2_phy_to_log_ep
 .text.dwc2_udc_probe
                0x000000003bc03458      0x150 /root/.jenkins/workspace/v4.1.0_release_build/fsbl/build/cv1801c_wevb_0009a_spinand/bl2/dwc2_udc_otg.o
                0x000000003bc03458                dwc2_udc_probe
 .text.usb_gadget_handle_interrupts
                0x000000003bc035a8       0x4c /root/.jenkins/workspace/v4.1.0_release_build/fsbl/build/cv1801c_wevb_0009a_spinand/bl2/dwc2_udc_otg.o
                0x000000003bc035a8                usb_gadget_handle_interrupts
 .text.set_max_pktsize
                0x000000003bc035f4       0x8e /root/.jenkins/workspace/v4.1.0_release_build/fsbl/build/cv1801c_wevb_0009a_spinand/bl2/dwc2_udc_otg_xfer_dma.o
 .text.dwc2_udc_ep_clear_stall
                0x000000003bc03682       0x5e /root/.jenkins/workspace/v4.1.0_release_build/fsbl/build/cv1801c_wevb_0009a_spinand/bl2/dwc2_udc_otg_xfer_dma.o
 .text.dwc2_udc_ep_set_stall
                0x000000003bc036e0       0x60 /root/.jenkins/workspace/v4.1.0_release_build/fsbl/build/cv1801c_wevb_0009a_spinand/bl2/dwc2_udc_otg_xfer_dma.o
 .text.dwc2_ep0_complete_out
                0x000000003bc03740       0x80 /root/.jenkins/workspace/v4.1.0_release_build/fsbl/build/cv1801c_wevb_0009a_spinand/bl2/dwc2_udc_otg_xfer_dma.o
 .text.dwc2_udc_ep0_zlp
                0x000000003bc037c0       0x7e /root/.jenkins/workspace/v4.1.0_release_build/fsbl/build/cv1801c_wevb_0009a_spinand/bl2/dwc2_udc_otg_xfer_dma.o
 .text.dwc2_udc_ep0_set_stall.isra.0
                0x000000003bc0383e       0x68 /root/.jenkins/workspace/v4.1.0_release_build/fsbl/build/cv1801c_wevb_0009a_spinand/bl2/dwc2_udc_otg_xfer_dma.o
 .text.setdma_rx.isra.0
                0x000000003bc038a6       0xa0 /root/.jenkins/workspace/v4.1.0_release_build/fsbl/build/cv1801c_wevb_0009a_spinand/bl2/dwc2_udc_otg_xfer_dma.o
 .text.complete_rx
                0x000000003bc03946       0xf0 /root/.jenkins/workspace/v4.1.0_release_build/fsbl/build/cv1801c_wevb_0009a_spinand/bl2/dwc2_udc_otg_xfer_dma.o
 .text.dwc2_udc_pre_setup
                0x000000003bc03a36       0x16 /root/.jenkins/workspace/v4.1.0_release_build/fsbl/build/cv1801c_wevb_0009a_spinand/bl2/dwc2_udc_otg_xfer_dma.o
                0x000000003bc03a36                dwc2_udc_pre_setup
 .text.dwc2_ep_fifo_write
                0x000000003bc03a4c       0x44 /root/.jenkins/workspace/v4.1.0_release_build/fsbl/build/cv1801c_wevb_0009a_spinand/bl2/dwc2_udc_otg_xfer_dma.o
                0x000000003bc03a4c                dwc2_ep_fifo_write
 .text.setdma_tx
                0x000000003bc03a90      0x150 /root/.jenkins/workspace/v4.1.0_release_build/fsbl/build/cv1801c_wevb_0009a_spinand/bl2/dwc2_udc_otg_xfer_dma.o
 .text.dwc2_ep_fifo_read
                0x000000003bc03be0       0x44 /root/.jenkins/workspace/v4.1.0_release_build/fsbl/build/cv1801c_wevb_0009a_spinand/bl2/dwc2_udc_otg_xfer_dma.o
                0x000000003bc03be0                dwc2_ep_fifo_read
 .text.dwc2_write_fifo_ep0
                0x000000003bc03c24       0x4c /root/.jenkins/workspace/v4.1.0_release_build/fsbl/build/cv1801c_wevb_0009a_spinand/bl2/dwc2_udc_otg_xfer_dma.o
                0x000000003bc03c24                dwc2_write_fifo_ep0
 .text.dwc2_set_address
                0x000000003bc03c70       0x48 /root/.jenkins/workspace/v4.1.0_release_build/fsbl/build/cv1801c_wevb_0009a_spinand/bl2/dwc2_udc_otg_xfer_dma.o
                0x000000003bc03c70                dwc2_set_address
 .text.dwc2_ep0_read
                0x000000003bc03cb8       0x28 /root/.jenkins/workspace/v4.1.0_release_build/fsbl/build/cv1801c_wevb_0009a_spinand/bl2/dwc2_udc_otg_xfer_dma.o
                0x000000003bc03cb8                dwc2_ep0_read
 .text.dwc2_ep0_write
                0x000000003bc03ce0       0x40 /root/.jenkins/workspace/v4.1.0_release_build/fsbl/build/cv1801c_wevb_0009a_spinand/bl2/dwc2_udc_otg_xfer_dma.o
                0x000000003bc03ce0                dwc2_ep0_write
 .text.dwc2_udc_set_nak
                0x000000003bc03d20       0x40 /root/.jenkins/workspace/v4.1.0_release_build/fsbl/build/cv1801c_wevb_0009a_spinand/bl2/dwc2_udc_otg_xfer_dma.o
                0x000000003bc03d20                dwc2_udc_set_nak
 .text.dwc2_udc_set_halt
                0x000000003bc03d60       0x62 /root/.jenkins/workspace/v4.1.0_release_build/fsbl/build/cv1801c_wevb_0009a_spinand/bl2/dwc2_udc_otg_xfer_dma.o
                0x000000003bc03d60                dwc2_udc_set_halt
 .text.dwc2_udc_ep_activate
                0x000000003bc03dc2       0xb2 /root/.jenkins/workspace/v4.1.0_release_build/fsbl/build/cv1801c_wevb_0009a_spinand/bl2/dwc2_udc_otg_xfer_dma.o
                0x000000003bc03dc2                dwc2_udc_ep_activate
 .text.dwc2_handle_ep0
                0x000000003bc03e74      0x346 /root/.jenkins/workspace/v4.1.0_release_build/fsbl/build/cv1801c_wevb_0009a_spinand/bl2/dwc2_udc_otg_xfer_dma.o
                0x000000003bc03e74                dwc2_handle_ep0
 .text.dwc2_udc_irq
                0x000000003bc041ba      0x532 /root/.jenkins/workspace/v4.1.0_release_build/fsbl/build/cv1801c_wevb_0009a_spinand/bl2/dwc2_udc_otg_xfer_dma.o
                0x000000003bc041ba                dwc2_udc_irq
 .text.dwc2_ep0_kick
                0x000000003bc046ec       0x18 /root/.jenkins/workspace/v4.1.0_release_build/fsbl/build/cv1801c_wevb_0009a_spinand/bl2/dwc2_udc_otg_xfer_dma.o
                0x000000003bc046ec                dwc2_ep0_kick
 .text.dwc2_queue
                0x000000003bc04704       0xd8 /root/.jenkins/workspace/v4.1.0_release_build/fsbl/build/cv1801c_wevb_0009a_spinand/bl2/dwc2_udc_otg_xfer_dma.o
                0x000000003bc04704                dwc2_queue
 .text.usb_polling
                0x000000003bc047dc       0x40 /root/.jenkins/workspace/v4.1.0_release_build/fsbl/build/cv1801c_wevb_0009a_spinand/bl2/cv_usb.o
                0x000000003bc047dc                usb_polling
 .text.crc16_ccitt
                0x000000003bc0481c       0x34 /root/.jenkins/workspace/v4.1.0_release_build/fsbl/build/cv1801c_wevb_0009a_spinand/bl2/crc16.o
                0x000000003bc0481c                crc16_ccitt
 .text.LzmaDec_WriteRem
                0x000000003bc04850       0x72 /root/.jenkins/workspace/v4.1.0_release_build/fsbl/build/cv1801c_wevb_0009a_spinand/bl2/LzmaDec.o
 .text.LzmaDec_DecodeReal2
                0x000000003bc048c2     0x13a6 /root/.jenkins/workspace/v4.1.0_release_build/fsbl/build/cv1801c_wevb_0009a_spinand/bl2/LzmaDec.o
 .text.LzmaDec_TryDummy
                0x000000003bc05c68      0x502 /root/.jenkins/workspace/v4.1.0_release_build/fsbl/build/cv1801c_wevb_0009a_spinand/bl2/LzmaDec.o
 .text.LzmaDec_Init
                0x000000003bc0616a       0x14 /root/.jenkins/workspace/v4.1.0_release_build/fsbl/build/cv1801c_wevb_0009a_spinand/bl2/LzmaDec.o
                0x000000003bc0616a                LzmaDec_Init
 .text.LzmaDec_DecodeToDic
                0x000000003bc0617e      0x27c /root/.jenkins/workspace/v4.1.0_release_build/fsbl/build/cv1801c_wevb_0009a_spinand/bl2/LzmaDec.o
                0x000000003bc0617e                LzmaDec_DecodeToDic
 .text.LzmaDec_FreeProbs
                0x000000003bc063fa       0x1c /root/.jenkins/workspace/v4.1.0_release_build/fsbl/build/cv1801c_wevb_0009a_spinand/bl2/LzmaDec.o
                0x000000003bc063fa                LzmaDec_FreeProbs
 .text.LzmaDec_AllocateProbs2.isra.0
                0x000000003bc06416       0x62 /root/.jenkins/workspace/v4.1.0_release_build/fsbl/build/cv1801c_wevb_0009a_spinand/bl2/LzmaDec.o
 .text.LzmaProps_Decode
                0x000000003bc06478       0x4a /root/.jenkins/workspace/v4.1.0_release_build/fsbl/build/cv1801c_wevb_0009a_spinand/bl2/LzmaDec.o
                0x000000003bc06478                LzmaProps_Decode
 .text.LzmaDec_AllocateProbs
                0x000000003bc064c2       0x30 /root/.jenkins/workspace/v4.1.0_release_build/fsbl/build/cv1801c_wevb_0009a_spinand/bl2/LzmaDec.o
                0x000000003bc064c2                LzmaDec_AllocateProbs
 .text.LzmaDecode
                0x000000003bc064f2       0xaa /root/.jenkins/workspace/v4.1.0_release_build/fsbl/build/cv1801c_wevb_0009a_spinand/bl2/LzmaDec.o
                0x000000003bc064f2                LzmaDecode
 .text.LZ4F_readLE32
                0x000000003bc0659c       0x24 /root/.jenkins/workspace/v4.1.0_release_build/fsbl/build/cv1801c_wevb_0009a_spinand/bl2/lz4_all.o
 .text.LZ4_decompress_safe_withSmallPrefix
                0x000000003bc065c0      0x276 /root/.jenkins/workspace/v4.1.0_release_build/fsbl/build/cv1801c_wevb_0009a_spinand/bl2/lz4_all.o
 .text.LZ4F_updateDict
                0x000000003bc06836      0x108 /root/.jenkins/workspace/v4.1.0_release_build/fsbl/build/cv1801c_wevb_0009a_spinand/bl2/lz4_all.o
 .text.LZ4_decompress_safe
                0x000000003bc0693e      0x26e /root/.jenkins/workspace/v4.1.0_release_build/fsbl/build/cv1801c_wevb_0009a_spinand/bl2/lz4_all.o
                0x000000003bc0693e                LZ4_decompress_safe
 .text.LZ4_decompress_safe_withPrefix64k
                0x000000003bc06bac      0x26a /root/.jenkins/workspace/v4.1.0_release_build/fsbl/build/cv1801c_wevb_0009a_spinand/bl2/lz4_all.o
                0x000000003bc06bac                LZ4_decompress_safe_withPrefix64k
 .text.LZ4_decompress_safe_forceExtDict
                0x000000003bc06e16      0x316 /root/.jenkins/workspace/v4.1.0_release_build/fsbl/build/cv1801c_wevb_0009a_spinand/bl2/lz4_all.o
                0x000000003bc06e16                LZ4_decompress_safe_forceExtDict
 .text.LZ4_decompress_safe_usingDict
                0x000000003bc0712c       0x26 /root/.jenkins/workspace/v4.1.0_release_build/fsbl/build/cv1801c_wevb_0009a_spinand/bl2/lz4_all.o
                0x000000003bc0712c                LZ4_decompress_safe_usingDict
 .text.LZ4F_isError
                0x000000003bc07152        0xc /root/.jenkins/workspace/v4.1.0_release_build/fsbl/build/cv1801c_wevb_0009a_spinand/bl2/lz4_all.o
                0x000000003bc07152                LZ4F_isError
 .text.LZ4F_getBlockSize
                0x000000003bc0715e       0x1e /root/.jenkins/workspace/v4.1.0_release_build/fsbl/build/cv1801c_wevb_0009a_spinand/bl2/lz4_all.o
                0x000000003bc0715e                LZ4F_getBlockSize
 .text.LZ4F_decodeHeader
                0x000000003bc0717c      0x1a2 /root/.jenkins/workspace/v4.1.0_release_build/fsbl/build/cv1801c_wevb_0009a_spinand/bl2/lz4_all.o
 .text.LZ4F_createDecompressionContext
                0x000000003bc0731e       0x30 /root/.jenkins/workspace/v4.1.0_release_build/fsbl/build/cv1801c_wevb_0009a_spinand/bl2/lz4_all.o
                0x000000003bc0731e                LZ4F_createDecompressionContext
 .text.LZ4F_decompress
                0x000000003bc0734e      0x7a8 /root/.jenkins/workspace/v4.1.0_release_build/fsbl/build/cv1801c_wevb_0009a_spinand/bl2/lz4_all.o
                0x000000003bc0734e                LZ4F_decompress
 .text.XXH32_avalanche
                0x000000003bc07af6       0x2e /root/.jenkins/workspace/v4.1.0_release_build/fsbl/build/cv1801c_wevb_0009a_spinand/bl2/xxhash.o
 .text.XXH_read32
                0x000000003bc07b24       0x16 /root/.jenkins/workspace/v4.1.0_release_build/fsbl/build/cv1801c_wevb_0009a_spinand/bl2/xxhash.o
 .text.XXH32_finalize.constprop.0
                0x000000003bc07b3a      0x33a /root/.jenkins/workspace/v4.1.0_release_build/fsbl/build/cv1801c_wevb_0009a_spinand/bl2/xxhash.o
 .text.XXH32    0x000000003bc07e74      0x1c6 /root/.jenkins/workspace/v4.1.0_release_build/fsbl/build/cv1801c_wevb_0009a_spinand/bl2/xxhash.o
                0x000000003bc07e74                XXH32
 .text.XXH32_reset
                0x000000003bc0803a       0x56 /root/.jenkins/workspace/v4.1.0_release_build/fsbl/build/cv1801c_wevb_0009a_spinand/bl2/xxhash.o
                0x000000003bc0803a                XXH32_reset
 .text.XXH32_update
                0x000000003bc08090      0x1d0 /root/.jenkins/workspace/v4.1.0_release_build/fsbl/build/cv1801c_wevb_0009a_spinand/bl2/xxhash.o
                0x000000003bc08090                XXH32_update
 .text.XXH32_digest
                0x000000003bc08260       0x40 /root/.jenkins/workspace/v4.1.0_release_build/fsbl/build/cv1801c_wevb_0009a_spinand/bl2/xxhash.o
                0x000000003bc08260                XXH32_digest
 .text.ddr_init
                0x000000003bc082a0       0x34 /root/.jenkins/workspace/v4.1.0_release_build/fsbl/build/cv1801c_wevb_0009a_spinand/bl2/ddr.o
                0x000000003bc082a0                ddr_init
 .text.read_ddr_pkg_info
                0x000000003bc082d4      0x22c /root/.jenkins/workspace/v4.1.0_release_build/fsbl/build/cv1801c_wevb_0009a_spinand/bl2/ddr_pkg_info.o
                0x000000003bc082d4                read_ddr_pkg_info
 .text.get_ddr_vendor
                0x000000003bc08500        0xa /root/.jenkins/workspace/v4.1.0_release_build/fsbl/build/cv1801c_wevb_0009a_spinand/bl2/ddr_pkg_info.o
                0x000000003bc08500                get_ddr_vendor
 .text.axi_mon_start_all
                0x000000003bc0850a       0x50 /root/.jenkins/workspace/v4.1.0_release_build/fsbl/build/cv1801c_wevb_0009a_spinand/bl2/ddr_sys_bring_up.o
                0x000000003bc0850a                axi_mon_start_all
 .text.ddr_sys_bring_up
                0x000000003bc0855a      0x218 /root/.jenkins/workspace/v4.1.0_release_build/fsbl/build/cv1801c_wevb_0009a_spinand/bl2/ddr_sys_bring_up.o
                0x000000003bc0855a                ddr_sys_bring_up
 .text.cvx16_bist_wr_prbs_init
                0x000000003bc08772       0x4e /root/.jenkins/workspace/v4.1.0_release_build/fsbl/build/cv1801c_wevb_0009a_spinand/bl2/ddr_sys.o
                0x000000003bc08772                cvx16_bist_wr_prbs_init
 .text.cvx16_bist_wr_sram_init
                0x000000003bc087c0       0x60 /root/.jenkins/workspace/v4.1.0_release_build/fsbl/build/cv1801c_wevb_0009a_spinand/bl2/ddr_sys.o
                0x000000003bc087c0                cvx16_bist_wr_sram_init
 .text.cvx16_bist_wrlvl_init
                0x000000003bc08820       0x46 /root/.jenkins/workspace/v4.1.0_release_build/fsbl/build/cv1801c_wevb_0009a_spinand/bl2/ddr_sys.o
                0x000000003bc08820                cvx16_bist_wrlvl_init
 .text.cvx16_bist_rdglvl_init
                0x000000003bc08866       0x46 /root/.jenkins/workspace/v4.1.0_release_build/fsbl/build/cv1801c_wevb_0009a_spinand/bl2/ddr_sys.o
                0x000000003bc08866                cvx16_bist_rdglvl_init
 .text.cvx16_bist_rdlvl_init
                0x000000003bc088ac       0xe6 /root/.jenkins/workspace/v4.1.0_release_build/fsbl/build/cv1801c_wevb_0009a_spinand/bl2/ddr_sys.o
                0x000000003bc088ac                cvx16_bist_rdlvl_init
 .text.cvx16_bist_wdqlvl_init
                0x000000003bc08992       0xb0 /root/.jenkins/workspace/v4.1.0_release_build/fsbl/build/cv1801c_wevb_0009a_spinand/bl2/ddr_sys.o
                0x000000003bc08992                cvx16_bist_wdqlvl_init
 .text.cvx16_bist_wdmlvl_init
                0x000000003bc08a42       0x60 /root/.jenkins/workspace/v4.1.0_release_build/fsbl/build/cv1801c_wevb_0009a_spinand/bl2/ddr_sys.o
                0x000000003bc08a42                cvx16_bist_wdmlvl_init
 .text.cvx16_bist_start_check
                0x000000003bc08aa2       0x68 /root/.jenkins/workspace/v4.1.0_release_build/fsbl/build/cv1801c_wevb_0009a_spinand/bl2/ddr_sys.o
                0x000000003bc08aa2                cvx16_bist_start_check
 .text.cvx16_rdvld_train
                0x000000003bc08b0a       0x9e /root/.jenkins/workspace/v4.1.0_release_build/fsbl/build/cv1801c_wevb_0009a_spinand/bl2/ddr_sys.o
                0x000000003bc08b0a                cvx16_rdvld_train
 .text.cvx16_synp_mrw
                0x000000003bc08ba8       0x6e /root/.jenkins/workspace/v4.1.0_release_build/fsbl/build/cv1801c_wevb_0009a_spinand/bl2/ddr_sys.o
                0x000000003bc08ba8                cvx16_synp_mrw
 .text.cvx16_dll_cal
                0x000000003bc08c16       0x5c /root/.jenkins/workspace/v4.1.0_release_build/fsbl/build/cv1801c_wevb_0009a_spinand/bl2/ddr_sys.o
                0x000000003bc08c16                cvx16_dll_cal
 .text.cvx16_clk_normal
                0x000000003bc08c72       0x58 /root/.jenkins/workspace/v4.1.0_release_build/fsbl/build/cv1801c_wevb_0009a_spinand/bl2/ddr_sys.o
                0x000000003bc08c72                cvx16_clk_normal
 .text.cvx16_clk_div2
                0x000000003bc08cca       0x16 /root/.jenkins/workspace/v4.1.0_release_build/fsbl/build/cv1801c_wevb_0009a_spinand/bl2/ddr_sys.o
                0x000000003bc08cca                cvx16_clk_div2
 .text.cvx16_clk_div40
                0x000000003bc08ce0       0x16 /root/.jenkins/workspace/v4.1.0_release_build/fsbl/build/cv1801c_wevb_0009a_spinand/bl2/ddr_sys.o
                0x000000003bc08ce0                cvx16_clk_div40
 .text.cvx16_chg_pll_freq
                0x000000003bc08cf6       0xf2 /root/.jenkins/workspace/v4.1.0_release_build/fsbl/build/cv1801c_wevb_0009a_spinand/bl2/ddr_sys.o
                0x000000003bc08cf6                cvx16_chg_pll_freq
 .text.cvx16_ddr_phy_power_on_seq1
                0x000000003bc08de8       0x42 /root/.jenkins/workspace/v4.1.0_release_build/fsbl/build/cv1801c_wevb_0009a_spinand/bl2/ddr_sys.o
                0x000000003bc08de8                cvx16_ddr_phy_power_on_seq1
 .text.cvx16_ddr_phy_power_on_seq2
                0x000000003bc08e2a       0x46 /root/.jenkins/workspace/v4.1.0_release_build/fsbl/build/cv1801c_wevb_0009a_spinand/bl2/ddr_sys.o
                0x000000003bc08e2a                cvx16_ddr_phy_power_on_seq2
 .text.cvx16_ddr_phy_power_on_seq3
                0x000000003bc08e70       0x38 /root/.jenkins/workspace/v4.1.0_release_build/fsbl/build/cv1801c_wevb_0009a_spinand/bl2/ddr_sys.o
                0x000000003bc08e70                cvx16_ddr_phy_power_on_seq3
 .text.cvx16_wait_for_dfi_init_complete
                0x000000003bc08ea8       0x34 /root/.jenkins/workspace/v4.1.0_release_build/fsbl/build/cv1801c_wevb_0009a_spinand/bl2/ddr_sys.o
                0x000000003bc08ea8                cvx16_wait_for_dfi_init_complete
 .text.cvx16_polling_dfi_init_start
                0x000000003bc08edc       0x18 /root/.jenkins/workspace/v4.1.0_release_build/fsbl/build/cv1801c_wevb_0009a_spinand/bl2/ddr_sys.o
                0x000000003bc08edc                cvx16_polling_dfi_init_start
 .text.cvx16_set_dfi_init_complete
                0x000000003bc08ef4       0x28 /root/.jenkins/workspace/v4.1.0_release_build/fsbl/build/cv1801c_wevb_0009a_spinand/bl2/ddr_sys.o
                0x000000003bc08ef4                cvx16_set_dfi_init_complete
 .text.cvx16_INT_ISR_08
                0x000000003bc08f1c       0x2c /root/.jenkins/workspace/v4.1.0_release_build/fsbl/build/cv1801c_wevb_0009a_spinand/bl2/ddr_sys.o
                0x000000003bc08f1c                cvx16_INT_ISR_08
 .text.cvx16_polling_synp_normal_mode
                0x000000003bc08f48       0x1a /root/.jenkins/workspace/v4.1.0_release_build/fsbl/build/cv1801c_wevb_0009a_spinand/bl2/ddr_sys.o
                0x000000003bc08f48                cvx16_polling_synp_normal_mode
 .text.cvx16_dfi_ca_park_prbs
                0x000000003bc08f62       0x66 /root/.jenkins/workspace/v4.1.0_release_build/fsbl/build/cv1801c_wevb_0009a_spinand/bl2/ddr_sys.o
                0x000000003bc08f62                cvx16_dfi_ca_park_prbs
 .text.cvx16_setting_check
                0x000000003bc08fc8       0x20 /root/.jenkins/workspace/v4.1.0_release_build/fsbl/build/cv1801c_wevb_0009a_spinand/bl2/ddr_sys.o
                0x000000003bc08fc8                cvx16_setting_check
 .text.cvx16_set_dfi_init_start
                0x000000003bc08fe8       0x24 /root/.jenkins/workspace/v4.1.0_release_build/fsbl/build/cv1801c_wevb_0009a_spinand/bl2/ddr_sys.o
                0x000000003bc08fe8                cvx16_set_dfi_init_start
 .text.cvx16_pll_init
                0x000000003bc0900c       0x9a /root/.jenkins/workspace/v4.1.0_release_build/fsbl/build/cv1801c_wevb_0009a_spinand/bl2/ddr_sys.o
                0x000000003bc0900c                cvx16_pll_init
 .text.cvx16_clk_gating_disable
                0x000000003bc090a6       0x46 /root/.jenkins/workspace/v4.1.0_release_build/fsbl/build/cv1801c_wevb_0009a_spinand/bl2/ddr_sys.o
                0x000000003bc090a6                cvx16_clk_gating_disable
 .text.cvx16_clk_gating_enable
                0x000000003bc090ec       0x6c /root/.jenkins/workspace/v4.1.0_release_build/fsbl/build/cv1801c_wevb_0009a_spinand/bl2/ddr_sys.o
                0x000000003bc090ec                cvx16_clk_gating_enable
 .text.cvx16_wrlvl_req
                0x000000003bc09158      0x1be /root/.jenkins/workspace/v4.1.0_release_build/fsbl/build/cv1801c_wevb_0009a_spinand/bl2/ddr_sys.o
                0x000000003bc09158                cvx16_wrlvl_req
 .text.cvx16_rdglvl_req
                0x000000003bc09316      0x12a /root/.jenkins/workspace/v4.1.0_release_build/fsbl/build/cv1801c_wevb_0009a_spinand/bl2/ddr_sys.o
                0x000000003bc09316                cvx16_rdglvl_req
 .text.cvx16_rdlvl_req
                0x000000003bc09440      0x1ca /root/.jenkins/workspace/v4.1.0_release_build/fsbl/build/cv1801c_wevb_0009a_spinand/bl2/ddr_sys.o
                0x000000003bc09440                cvx16_rdlvl_req
 .text.cvx16_wdqlvl_req
                0x000000003bc0960a      0x172 /root/.jenkins/workspace/v4.1.0_release_build/fsbl/build/cv1801c_wevb_0009a_spinand/bl2/ddr_sys.o
                0x000000003bc0960a                cvx16_wdqlvl_req
 .text.cvx16_en_rec_vol_mode
                0x000000003bc0977c        0x2 /root/.jenkins/workspace/v4.1.0_release_build/fsbl/build/cv1801c_wevb_0009a_spinand/bl2/ddr_sys.o
                0x000000003bc0977c                cvx16_en_rec_vol_mode
 .text.ctrl_init_detect_dram_size
                0x000000003bc0977e      0x114 /root/.jenkins/workspace/v4.1.0_release_build/fsbl/build/cv1801c_wevb_0009a_spinand/bl2/ddr_sys.o
                0x000000003bc0977e                ctrl_init_detect_dram_size
 .text.pll_init
                0x000000003bc09892       0x84 /root/.jenkins/workspace/v4.1.0_release_build/fsbl/build/cv1801c_wevb_0009a_spinand/bl2/phy_pll_init.o
                0x000000003bc09892                pll_init
 .text.cvx16_pinmux
                0x000000003bc09916      0x33a /root/.jenkins/workspace/v4.1.0_release_build/fsbl/build/cv1801c_wevb_0009a_spinand/bl2/cvx16_pinmux.o
                0x000000003bc09916                cvx16_pinmux
 .text.cvx16_dram_cap_check
                0x000000003bc09c50        0x2 /root/.jenkins/workspace/v4.1.0_release_build/fsbl/build/cv1801c_wevb_0009a_spinand/bl2/cvx16_dram_cap_check.o
                0x000000003bc09c50                cvx16_dram_cap_check
 .text.ddrc_init
                0x000000003bc09c52      0x224 /root/.jenkins/workspace/v4.1.0_release_build/fsbl/build/cv1801c_wevb_0009a_spinand/bl2/ddrc_init.o
                0x000000003bc09c52                ddrc_init
 .text.ctrl_init_high_patch
                0x000000003bc09e76       0x2e /root/.jenkins/workspace/v4.1.0_release_build/fsbl/build/cv1801c_wevb_0009a_spinand/bl2/ddrc_init.o
                0x000000003bc09e76                ctrl_init_high_patch
 .text.ctrl_init_low_patch
                0x000000003bc09ea4       0x2e /root/.jenkins/workspace/v4.1.0_release_build/fsbl/build/cv1801c_wevb_0009a_spinand/bl2/ddrc_init.o
                0x000000003bc09ea4                ctrl_init_low_patch
 .text.ctrl_init_update_by_dram_size
                0x000000003bc09ed2       0xb0 /root/.jenkins/workspace/v4.1.0_release_build/fsbl/build/cv1801c_wevb_0009a_spinand/bl2/ddrc_init.o
                0x000000003bc09ed2                ctrl_init_update_by_dram_size
 .text.phy_init
                0x000000003bc09f82      0x3b6 /root/.jenkins/workspace/v4.1.0_release_build/fsbl/build/cv1801c_wevb_0009a_spinand/bl2/phy_init.o
                0x000000003bc09f82                phy_init
 *(.rodata*)
 *fill*         0x000000003bc0a338        0x0 
 .rodata.build_message
                0x000000003bc0a338       0x1a /root/.jenkins/workspace/v4.1.0_release_build/fsbl/build/cv1801c_wevb_0009a_spinand/bl2/build_message.o
                0x000000003bc0a338                build_message
 *fill*         0x000000003bc0a352        0x6 
 .rodata.version_string
                0x000000003bc0a358       0x10 /root/.jenkins/workspace/v4.1.0_release_build/fsbl/build/cv1801c_wevb_0009a_spinand/bl2/build_message.o
                0x000000003bc0a358                version_string
 .rodata.jump_to_monitor.str1.8
                0x000000003bc0a368       0x26 /root/.jenkins/workspace/v4.1.0_release_build/fsbl/build/cv1801c_wevb_0009a_spinand/bl2/bl2_helper.o
 *fill*         0x000000003bc0a38e        0x2 
 .rodata.tf_printf.str1.8
                0x000000003bc0a390        0x3 /root/.jenkins/workspace/v4.1.0_release_build/fsbl/build/cv1801c_wevb_0009a_spinand/bl2/tf_printf.o
 *fill*         0x000000003bc0a393        0x1 
 .rodata.tf_printf
                0x000000003bc0a394       0x5c /root/.jenkins/workspace/v4.1.0_release_build/fsbl/build/cv1801c_wevb_0009a_spinand/bl2/tf_printf.o
 .rodata.__system_reset.str1.8
                0x000000003bc0a3f0       0x12 /root/.jenkins/workspace/v4.1.0_release_build/fsbl/build/cv1801c_wevb_0009a_spinand/bl2/platform.o
 *fill*         0x000000003bc0a402        0x6 
 .rodata.panic_handler.str1.8
                0x000000003bc0a408       0x16 /root/.jenkins/workspace/v4.1.0_release_build/fsbl/build/cv1801c_wevb_0009a_spinand/bl2/platform.o
 *fill*         0x000000003bc0a41e        0x2 
 .rodata.reset_c906l.str1.8
                0x000000003bc0a420        0x8 /root/.jenkins/workspace/v4.1.0_release_build/fsbl/build/cv1801c_wevb_0009a_spinand/bl2/platform.o
 .rodata.sys_pll_nd.str1.8
                0x000000003bc0a428        0x9 /root/.jenkins/workspace/v4.1.0_release_build/fsbl/build/cv1801c_wevb_0009a_spinand/bl2/platform.o
 *fill*         0x000000003bc0a431        0x7 
 .rodata.sys_pll_init.str1.8
                0x000000003bc0a438        0x9 /root/.jenkins/workspace/v4.1.0_release_build/fsbl/build/cv1801c_wevb_0009a_spinand/bl2/platform.o
 *fill*         0x000000003bc0a441        0x7 
 .rodata.switch_rtc_mode_2nd_stage.str1.8
                0x000000003bc0a448       0x14 /root/.jenkins/workspace/v4.1.0_release_build/fsbl/build/cv1801c_wevb_0009a_spinand/bl2/platform.o
 *fill*         0x000000003bc0a45c        0x4 
 .rodata.set_rtc_en_registers.str1.8
                0x000000003bc0a460       0x2c /root/.jenkins/workspace/v4.1.0_release_build/fsbl/build/cv1801c_wevb_0009a_spinand/bl2/platform.o
 *fill*         0x000000003bc0a48c        0x4 
 .rodata.cst8   0x000000003bc0a490       0x30 /root/.jenkins/workspace/v4.1.0_release_build/fsbl/build/cv1801c_wevb_0009a_spinand/bl2/platform.o
 .rodata.efuse_wait_idle.str1.8
                0x000000003bc0a4c0       0x15 /root/.jenkins/workspace/v4.1.0_release_build/fsbl/build/cv1801c_wevb_0009a_spinand/bl2/security.o
 *fill*         0x000000003bc0a4d5        0x3 
 .rodata.hex2ascii_data
                0x000000003bc0a4d8       0x25 /root/.jenkins/workspace/v4.1.0_release_build/fsbl/build/cv1801c_wevb_0009a_spinand/bl2/misc.o
                0x000000003bc0a4d8                hex2ascii_data
 *fill*         0x000000003bc0a4fd        0x3 
 .rodata.cst8   0x000000003bc0a500        0x8 /root/.jenkins/workspace/v4.1.0_release_build/fsbl/build/cv1801c_wevb_0009a_spinand/bl2/mem.o
 .rodata.lock_efuse_chipsn.str1.8
                0x000000003bc0a508       0x70 /root/.jenkins/workspace/v4.1.0_release_build/fsbl/build/cv1801c_wevb_0009a_spinand/bl2/bl2_main.o
 .rodata.load_image_by_usb.str1.8
                0x000000003bc0a578       0x1a /root/.jenkins/workspace/v4.1.0_release_build/fsbl/build/cv1801c_wevb_0009a_spinand/bl2/bl2_main.o
 *fill*         0x000000003bc0a592        0x6 
 .rodata.load_param2.str1.8
                0x000000003bc0a598       0x58 /root/.jenkins/workspace/v4.1.0_release_build/fsbl/build/cv1801c_wevb_0009a_spinand/bl2/bl2_main.o
 .rodata.load_ddr_param.str1.8
                0x000000003bc0a5f0       0x48 /root/.jenkins/workspace/v4.1.0_release_build/fsbl/build/cv1801c_wevb_0009a_spinand/bl2/bl2_main.o
 .rodata.load_ddr.str1.8
                0x000000003bc0a638       0x4d /root/.jenkins/workspace/v4.1.0_release_build/fsbl/build/cv1801c_wevb_0009a_spinand/bl2/bl2_main.o
 *fill*         0x000000003bc0a685        0x3 
 .rodata.load_blcp_2nd.str1.8
                0x000000003bc0a688       0xe0 /root/.jenkins/workspace/v4.1.0_release_build/fsbl/build/cv1801c_wevb_0009a_spinand/bl2/bl2_main.o
 .rodata.load_monitor.str1.8
                0x000000003bc0a768       0xcf /root/.jenkins/workspace/v4.1.0_release_build/fsbl/build/cv1801c_wevb_0009a_spinand/bl2/bl2_main.o
 *fill*         0x000000003bc0a837        0x1 
 .rodata.load_loader_2nd.str1.8
                0x000000003bc0a838       0xce /root/.jenkins/workspace/v4.1.0_release_build/fsbl/build/cv1801c_wevb_0009a_spinand/bl2/bl2_main.o
 *fill*         0x000000003bc0a906        0x2 
 .rodata.load_rest.str1.8
                0x000000003bc0a908       0x60 /root/.jenkins/workspace/v4.1.0_release_build/fsbl/build/cv1801c_wevb_0009a_spinand/bl2/bl2_main.o
 .rodata.bl2_main.str1.8
                0x000000003bc0a968       0x84 /root/.jenkins/workspace/v4.1.0_release_build/fsbl/build/cv1801c_wevb_0009a_spinand/bl2/bl2_main.o
 *fill*         0x000000003bc0a9ec        0x4 
 .rodata.cst8   0x000000003bc0a9f0        0x8 /root/.jenkins/workspace/v4.1.0_release_build/fsbl/build/cv1801c_wevb_0009a_spinand/bl2/bl2_main.o
 .rodata.SzAlloc.str1.8
                0x000000003bc0a9f8       0x1f /root/.jenkins/workspace/v4.1.0_release_build/fsbl/build/cv1801c_wevb_0009a_spinand/bl2/decompress.o
 *fill*         0x000000003bc0aa17        0x1 
 .rodata.decompress_lzma.str1.8
                0x000000003bc0aa18       0x92 /root/.jenkins/workspace/v4.1.0_release_build/fsbl/build/cv1801c_wevb_0009a_spinand/bl2/decompress.o
 *fill*         0x000000003bc0aaaa        0x6 
 .rodata.decompress_lz4.str1.8
                0x000000003bc0aab0       0x72 /root/.jenkins/workspace/v4.1.0_release_build/fsbl/build/cv1801c_wevb_0009a_spinand/bl2/decompress.o
 *fill*         0x000000003bc0ab22        0x6 
 .rodata.decompress.str1.8
                0x000000003bc0ab28       0x31 /root/.jenkins/workspace/v4.1.0_release_build/fsbl/build/cv1801c_wevb_0009a_spinand/bl2/decompress.o
 *fill*         0x000000003bc0ab59        0x7 
 .rodata.__func__.0
                0x000000003bc0ab60        0x8 /root/.jenkins/workspace/v4.1.0_release_build/fsbl/build/cv1801c_wevb_0009a_spinand/bl2/decompress.o
 .rodata.__func__.1
                0x000000003bc0ab68       0x10 /root/.jenkins/workspace/v4.1.0_release_build/fsbl/build/cv1801c_wevb_0009a_spinand/bl2/decompress.o
 .rodata.reset.str1.8
                0x000000003bc0ab78       0x16 /root/.jenkins/workspace/v4.1.0_release_build/fsbl/build/cv1801c_wevb_0009a_spinand/bl2/usb_tty.o
 *fill*         0x000000003bc0ab8e        0x2 
 .rodata.unbind.str1.8
                0x000000003bc0ab90        0xd /root/.jenkins/workspace/v4.1.0_release_build/fsbl/build/cv1801c_wevb_0009a_spinand/bl2/usb_tty.o
 *fill*         0x000000003bc0ab9d        0x3 
 .rodata.bind.str1.8
                0x000000003bc0aba0        0x8 /root/.jenkins/workspace/v4.1.0_release_build/fsbl/build/cv1801c_wevb_0009a_spinand/bl2/usb_tty.o
 .rodata.bulkOutCmpl.str1.8
                0x000000003bc0aba8       0x61 /root/.jenkins/workspace/v4.1.0_release_build/fsbl/build/cv1801c_wevb_0009a_spinand/bl2/usb_tty.o
 *fill*         0x000000003bc0ac09        0x7 
 .rodata.reqComplete.str1.8
                0x000000003bc0ac10       0x15 /root/.jenkins/workspace/v4.1.0_release_build/fsbl/build/cv1801c_wevb_0009a_spinand/bl2/usb_tty.o
 *fill*         0x000000003bc0ac25        0x3 
 .rodata.setup.str1.8
                0x000000003bc0ac28       0xd2 /root/.jenkins/workspace/v4.1.0_release_build/fsbl/build/cv1801c_wevb_0009a_spinand/bl2/usb_tty.o
 *fill*         0x000000003bc0acfa        0x2 
 .rodata.setup  0x000000003bc0acfc       0x3c /root/.jenkins/workspace/v4.1.0_release_build/fsbl/build/cv1801c_wevb_0009a_spinand/bl2/usb_tty.o
 .rodata.print_buf_addr.str1.8
                0x000000003bc0ad38       0xea /root/.jenkins/workspace/v4.1.0_release_build/fsbl/build/cv1801c_wevb_0009a_spinand/bl2/usb_tty.o
 *fill*         0x000000003bc0ae22        0x6 
 .rodata.acm_app_init.str1.8
                0x000000003bc0ae28       0x15 /root/.jenkins/workspace/v4.1.0_release_build/fsbl/build/cv1801c_wevb_0009a_spinand/bl2/usb_tty.o
 *fill*         0x000000003bc0ae3d        0x3 
 .rodata.AcmApp.str1.8
                0x000000003bc0ae40      0x10b /root/.jenkins/workspace/v4.1.0_release_build/fsbl/build/cv1801c_wevb_0009a_spinand/bl2/usb_tty.o
 *fill*         0x000000003bc0af4b        0x5 
 .rodata.str1.8
                0x000000003bc0af50        0x4 /root/.jenkins/workspace/v4.1.0_release_build/fsbl/build/cv1801c_wevb_0009a_spinand/bl2/usb_tty.o
 *fill*         0x000000003bc0af54        0x4 
 .rodata.__func__.0
                0x000000003bc0af58        0x5 /root/.jenkins/workspace/v4.1.0_release_build/fsbl/build/cv1801c_wevb_0009a_spinand/bl2/usb_tty.o
 *fill*         0x000000003bc0af5d        0x3 
 .rodata.__func__.1
                0x000000003bc0af60        0x7 /root/.jenkins/workspace/v4.1.0_release_build/fsbl/build/cv1801c_wevb_0009a_spinand/bl2/usb_tty.o
 *fill*         0x000000003bc0af67        0x1 
 .rodata.__func__.4
                0x000000003bc0af68        0xb /root/.jenkins/workspace/v4.1.0_release_build/fsbl/build/cv1801c_wevb_0009a_spinand/bl2/usb_tty.o
 *fill*         0x000000003bc0af73        0x5 
 .rodata.__func__.5
                0x000000003bc0af78        0x6 /root/.jenkins/workspace/v4.1.0_release_build/fsbl/build/cv1801c_wevb_0009a_spinand/bl2/usb_tty.o
 *fill*         0x000000003bc0af7e        0x2 
 .rodata.dwc2_free_request.str1.8
                0x000000003bc0af80       0x23 /root/.jenkins/workspace/v4.1.0_release_build/fsbl/build/cv1801c_wevb_0009a_spinand/bl2/dwc2_udc_otg.o
 *fill*         0x000000003bc0afa3        0x5 
 .rodata.dwc2_hsotg_txfifo_flush.constprop.0.str1.8
                0x000000003bc0afa8       0x4a /root/.jenkins/workspace/v4.1.0_release_build/fsbl/build/cv1801c_wevb_0009a_spinand/bl2/dwc2_udc_otg.o
 *fill*         0x000000003bc0aff2        0x6 
 .rodata.dwc2_hsotg_init_fifo.constprop.0.str1.8
                0x000000003bc0aff8       0x2d /root/.jenkins/workspace/v4.1.0_release_build/fsbl/build/cv1801c_wevb_0009a_spinand/bl2/dwc2_udc_otg.o
 *fill*         0x000000003bc0b025        0x3 
 .rodata._dwc2_ep_disable.isra.0.str1.8
                0x000000003bc0b028       0x77 /root/.jenkins/workspace/v4.1.0_release_build/fsbl/build/cv1801c_wevb_0009a_spinand/bl2/dwc2_udc_otg.o
 *fill*         0x000000003bc0b09f        0x1 
 .rodata.dwc2_reconfig_usbd.str1.8
                0x000000003bc0b0a0       0x71 /root/.jenkins/workspace/v4.1.0_release_build/fsbl/build/cv1801c_wevb_0009a_spinand/bl2/dwc2_udc_otg.o
 *fill*         0x000000003bc0b111        0x7 
 .rodata.dwc2_udc_probe.str1.8
                0x000000003bc0b118       0x4e /root/.jenkins/workspace/v4.1.0_release_build/fsbl/build/cv1801c_wevb_0009a_spinand/bl2/dwc2_udc_otg.o
 *fill*         0x000000003bc0b166        0x2 
 .rodata.__func__.0
                0x000000003bc0b168       0x12 /root/.jenkins/workspace/v4.1.0_release_build/fsbl/build/cv1801c_wevb_0009a_spinand/bl2/dwc2_udc_otg.o
 *fill*         0x000000003bc0b17a        0x6 
 .rodata.__func__.1
                0x000000003bc0b180       0x11 /root/.jenkins/workspace/v4.1.0_release_build/fsbl/build/cv1801c_wevb_0009a_spinand/bl2/dwc2_udc_otg.o
 *fill*         0x000000003bc0b191        0x7 
 .rodata.__func__.2
                0x000000003bc0b198       0x13 /root/.jenkins/workspace/v4.1.0_release_build/fsbl/build/cv1801c_wevb_0009a_spinand/bl2/dwc2_udc_otg.o
 *fill*         0x000000003bc0b1ab        0x5 
 .rodata.__func__.3
                0x000000003bc0b1b0       0x18 /root/.jenkins/workspace/v4.1.0_release_build/fsbl/build/cv1801c_wevb_0009a_spinand/bl2/dwc2_udc_otg.o
 .rodata.__func__.4
                0x000000003bc0b1c8       0x15 /root/.jenkins/workspace/v4.1.0_release_build/fsbl/build/cv1801c_wevb_0009a_spinand/bl2/dwc2_udc_otg.o
 *fill*         0x000000003bc0b1dd        0x3 
 .rodata.driver_name
                0x000000003bc0b1e0        0x9 /root/.jenkins/workspace/v4.1.0_release_build/fsbl/build/cv1801c_wevb_0009a_spinand/bl2/dwc2_udc_otg.o
 *fill*         0x000000003bc0b1e9        0x7 
 .rodata.dwc2_udc_ops
                0x000000003bc0b1f0       0x48 /root/.jenkins/workspace/v4.1.0_release_build/fsbl/build/cv1801c_wevb_0009a_spinand/bl2/dwc2_udc_otg.o
 .rodata.ep0name
                0x000000003bc0b238        0xc /root/.jenkins/workspace/v4.1.0_release_build/fsbl/build/cv1801c_wevb_0009a_spinand/bl2/dwc2_udc_otg.o
 *fill*         0x000000003bc0b244        0x4 
 .rodata.ep1name
                0x000000003bc0b248        0xb /root/.jenkins/workspace/v4.1.0_release_build/fsbl/build/cv1801c_wevb_0009a_spinand/bl2/dwc2_udc_otg.o
 *fill*         0x000000003bc0b253        0x5 
 .rodata.ep2name
                0x000000003bc0b258        0xc /root/.jenkins/workspace/v4.1.0_release_build/fsbl/build/cv1801c_wevb_0009a_spinand/bl2/dwc2_udc_otg.o
 *fill*         0x000000003bc0b264        0x4 
 .rodata.ep3name
                0x000000003bc0b268        0xa /root/.jenkins/workspace/v4.1.0_release_build/fsbl/build/cv1801c_wevb_0009a_spinand/bl2/dwc2_udc_otg.o
 *fill*         0x000000003bc0b272        0x6 
 .rodata.dwc2_handle_ep0.str1.8
                0x000000003bc0b278       0x14 /root/.jenkins/workspace/v4.1.0_release_build/fsbl/build/cv1801c_wevb_0009a_spinand/bl2/dwc2_udc_otg_xfer_dma.o
 .rodata.dwc2_handle_ep0
                0x000000003bc0b28c       0x30 /root/.jenkins/workspace/v4.1.0_release_build/fsbl/build/cv1801c_wevb_0009a_spinand/bl2/dwc2_udc_otg_xfer_dma.o
 *fill*         0x000000003bc0b2bc        0x4 
 .rodata.dwc2_udc_irq.str1.8
                0x000000003bc0b2c0       0x12 /root/.jenkins/workspace/v4.1.0_release_build/fsbl/build/cv1801c_wevb_0009a_spinand/bl2/dwc2_udc_otg_xfer_dma.o
 *fill*         0x000000003bc0b2d2        0x6 
 .rodata.usb_polling.str1.8
                0x000000003bc0b2d8       0x11 /root/.jenkins/workspace/v4.1.0_release_build/fsbl/build/cv1801c_wevb_0009a_spinand/bl2/cv_usb.o
 *fill*         0x000000003bc0b2e9        0x7 
 .rodata.crc16_tab
                0x000000003bc0b2f0      0x200 /root/.jenkins/workspace/v4.1.0_release_build/fsbl/build/cv1801c_wevb_0009a_spinand/bl2/crc16.o
 .rodata.LZ4F_decompress
                0x000000003bc0b4f0       0x3c /root/.jenkins/workspace/v4.1.0_release_build/fsbl/build/cv1801c_wevb_0009a_spinand/bl2/lz4_all.o
 *fill*         0x000000003bc0b52c        0x4 
 .rodata.blockSizes.0
                0x000000003bc0b530       0x20 /root/.jenkins/workspace/v4.1.0_release_build/fsbl/build/cv1801c_wevb_0009a_spinand/bl2/lz4_all.o
 .rodata.dec64table
                0x000000003bc0b550       0x20 /root/.jenkins/workspace/v4.1.0_release_build/fsbl/build/cv1801c_wevb_0009a_spinand/bl2/lz4_all.o
 .rodata.inc32table
                0x000000003bc0b570       0x20 /root/.jenkins/workspace/v4.1.0_release_build/fsbl/build/cv1801c_wevb_0009a_spinand/bl2/lz4_all.o
 .rodata.XXH32_finalize.constprop.0
                0x000000003bc0b590       0x3c /root/.jenkins/workspace/v4.1.0_release_build/fsbl/build/cv1801c_wevb_0009a_spinand/bl2/xxhash.o
 *fill*         0x000000003bc0b5cc        0x4 
 .rodata.ddr_init.str1.8
                0x000000003bc0b5d0       0x26 /root/.jenkins/workspace/v4.1.0_release_build/fsbl/build/cv1801c_wevb_0009a_spinand/bl2/ddr.o
 *fill*         0x000000003bc0b5f6        0x2 
 .rodata.read_ddr_pkg_info.str1.8
                0x000000003bc0b5f8       0xe2 /root/.jenkins/workspace/v4.1.0_release_build/fsbl/build/cv1801c_wevb_0009a_spinand/bl2/ddr_pkg_info.o
 *fill*         0x000000003bc0b6da        0x2 
 .rodata.read_ddr_pkg_info
                0x000000003bc0b6dc       0x48 /root/.jenkins/workspace/v4.1.0_release_build/fsbl/build/cv1801c_wevb_0009a_spinand/bl2/ddr_pkg_info.o
 *fill*         0x000000003bc0b724        0x4 
 .rodata.ddr_sys_bring_up.str1.8
                0x000000003bc0b728       0x81 /root/.jenkins/workspace/v4.1.0_release_build/fsbl/build/cv1801c_wevb_0009a_spinand/bl2/ddr_sys_bring_up.o
 *fill*         0x000000003bc0b7a9        0x7 
 .rodata.cst8   0x000000003bc0b7b0       0x20 /root/.jenkins/workspace/v4.1.0_release_build/fsbl/build/cv1801c_wevb_0009a_spinand/bl2/ddr_sys.o
 .rodata.cvx16_pinmux
                0x000000003bc0b7d0       0x28 /root/.jenkins/workspace/v4.1.0_release_build/fsbl/build/cv1801c_wevb_0009a_spinand/bl2/cvx16_pinmux.o
 .rodata.ctrl_init_update_by_dram_size
                0x000000003bc0b7f8       0x14 /root/.jenkins/workspace/v4.1.0_release_build/fsbl/build/cv1801c_wevb_0009a_spinand/bl2/ddrc_init.o
                0x000000003bc0b80c                __RO_END__ = .

.rela.dyn       0x000000003bc0b810        0x0
 .rela.text.init
                0x000000003bc0b810        0x0 /root/.jenkins/workspace/v4.1.0_release_build/fsbl/build/cv1801c_wevb_0009a_spinand/bl2/cache.o

.data           0x000000003bc0b80c      0x2c4
                0x000000003bc0b810                . = ALIGN (0x10)
 *fill*         0x000000003bc0b80c        0x4 
                0x000000003bc0b810                __DATA_START__ = .
 *(.data*)
 .data.time_records
                0x000000003bc0b810        0x8 /root/.jenkins/workspace/v4.1.0_release_build/fsbl/build/cv1801c_wevb_0009a_spinand/bl2/bl2_main.o
                0x000000003bc0b810                time_records
 .data.ConfDesc
                0x000000003bc0b818        0x9 /root/.jenkins/workspace/v4.1.0_release_build/fsbl/build/cv1801c_wevb_0009a_spinand/bl2/usb_tty.o
 *fill*         0x000000003bc0b821        0x7 
 .data.acm_buf  0x000000003bc0b828        0x8 /root/.jenkins/workspace/v4.1.0_release_build/fsbl/build/cv1801c_wevb_0009a_spinand/bl2/usb_tty.o
 .data.acm_call_mgmt_descriptor
                0x000000003bc0b830        0x5 /root/.jenkins/workspace/v4.1.0_release_build/fsbl/build/cv1801c_wevb_0009a_spinand/bl2/usb_tty.o
 *fill*         0x000000003bc0b835        0x3 
 .data.acm_control_interface_desc
                0x000000003bc0b838        0x9 /root/.jenkins/workspace/v4.1.0_release_build/fsbl/build/cv1801c_wevb_0009a_spinand/bl2/usb_tty.o
 *fill*         0x000000003bc0b841        0x7 
 .data.acm_data_interface_desc
                0x000000003bc0b848        0x9 /root/.jenkins/workspace/v4.1.0_release_build/fsbl/build/cv1801c_wevb_0009a_spinand/bl2/usb_tty.o
 *fill*         0x000000003bc0b851        0x7 
 .data.acm_descriptor
                0x000000003bc0b858        0x4 /root/.jenkins/workspace/v4.1.0_release_build/fsbl/build/cv1801c_wevb_0009a_spinand/bl2/usb_tty.o
 *fill*         0x000000003bc0b85c        0x4 
 .data.acm_fs_in_desc
                0x000000003bc0b860        0x7 /root/.jenkins/workspace/v4.1.0_release_build/fsbl/build/cv1801c_wevb_0009a_spinand/bl2/usb_tty.o
 *fill*         0x000000003bc0b867        0x1 
 .data.acm_fs_notify_desc
                0x000000003bc0b868        0x7 /root/.jenkins/workspace/v4.1.0_release_build/fsbl/build/cv1801c_wevb_0009a_spinand/bl2/usb_tty.o
 *fill*         0x000000003bc0b86f        0x1 
 .data.acm_fs_out_desc
                0x000000003bc0b870        0x7 /root/.jenkins/workspace/v4.1.0_release_build/fsbl/build/cv1801c_wevb_0009a_spinand/bl2/usb_tty.o
 *fill*         0x000000003bc0b877        0x1 
 .data.acm_header_desc
                0x000000003bc0b878        0x5 /root/.jenkins/workspace/v4.1.0_release_build/fsbl/build/cv1801c_wevb_0009a_spinand/bl2/usb_tty.o
 *fill*         0x000000003bc0b87d        0x3 
 .data.acm_hs_in_desc
                0x000000003bc0b880        0x7 /root/.jenkins/workspace/v4.1.0_release_build/fsbl/build/cv1801c_wevb_0009a_spinand/bl2/usb_tty.o
 *fill*         0x000000003bc0b887        0x1 
 .data.acm_hs_notify_desc
                0x000000003bc0b888        0x7 /root/.jenkins/workspace/v4.1.0_release_build/fsbl/build/cv1801c_wevb_0009a_spinand/bl2/usb_tty.o
 *fill*         0x000000003bc0b88f        0x1 
 .data.acm_hs_out_desc
                0x000000003bc0b890        0x7 /root/.jenkins/workspace/v4.1.0_release_build/fsbl/build/cv1801c_wevb_0009a_spinand/bl2/usb_tty.o
 *fill*         0x000000003bc0b897        0x1 
 .data.acm_union_desc
                0x000000003bc0b898        0x5 /root/.jenkins/workspace/v4.1.0_release_build/fsbl/build/cv1801c_wevb_0009a_spinand/bl2/usb_tty.o
 *fill*         0x000000003bc0b89d        0x3 
 .data.bosDesc  0x000000003bc0b8a0        0x5 /root/.jenkins/workspace/v4.1.0_release_build/fsbl/build/cv1801c_wevb_0009a_spinand/bl2/usb_tty.o
 *fill*         0x000000003bc0b8a5        0x3 
 .data.bulkBufAlloc
                0x000000003bc0b8a8        0x8 /root/.jenkins/workspace/v4.1.0_release_build/fsbl/build/cv1801c_wevb_0009a_spinand/bl2/usb_tty.o
 .data.capabilityExtDesc
                0x000000003bc0b8b0        0x7 /root/.jenkins/workspace/v4.1.0_release_build/fsbl/build/cv1801c_wevb_0009a_spinand/bl2/usb_tty.o
 *fill*         0x000000003bc0b8b7        0x1 
 .data.cb0_buf  0x000000003bc0b8b8        0x8 /root/.jenkins/workspace/v4.1.0_release_build/fsbl/build/cv1801c_wevb_0009a_spinand/bl2/usb_tty.o
 .data.cb1_buf  0x000000003bc0b8c0        0x8 /root/.jenkins/workspace/v4.1.0_release_build/fsbl/build/cv1801c_wevb_0009a_spinand/bl2/usb_tty.o
 .data.cb2_buf  0x000000003bc0b8c8        0x8 /root/.jenkins/workspace/v4.1.0_release_build/fsbl/build/cv1801c_wevb_0009a_spinand/bl2/usb_tty.o
 .data.cmdBufAlloc
                0x000000003bc0b8d0        0x8 /root/.jenkins/workspace/v4.1.0_release_build/fsbl/build/cv1801c_wevb_0009a_spinand/bl2/usb_tty.o
 .data.descriptorsFs
                0x000000003bc0b8d8       0x50 /root/.jenkins/workspace/v4.1.0_release_build/fsbl/build/cv1801c_wevb_0009a_spinand/bl2/usb_tty.o
 .data.descriptorsHs
                0x000000003bc0b928       0x50 /root/.jenkins/workspace/v4.1.0_release_build/fsbl/build/cv1801c_wevb_0009a_spinand/bl2/usb_tty.o
 .data.devHsDesc
                0x000000003bc0b978       0x12 /root/.jenkins/workspace/v4.1.0_release_build/fsbl/build/cv1801c_wevb_0009a_spinand/bl2/usb_tty.o
 *fill*         0x000000003bc0b98a        0x6 
 .data.drv_obj  0x000000003bc0b990       0x50 /root/.jenkins/workspace/v4.1.0_release_build/fsbl/build/cv1801c_wevb_0009a_spinand/bl2/usb_tty.o
 .data.ep0BuffAlloc
                0x000000003bc0b9e0        0x8 /root/.jenkins/workspace/v4.1.0_release_build/fsbl/build/cv1801c_wevb_0009a_spinand/bl2/usb_tty.o
 .data.g_driver
                0x000000003bc0b9e8       0x58 /root/.jenkins/workspace/v4.1.0_release_build/fsbl/build/cv1801c_wevb_0009a_spinand/bl2/usb_tty.o
 .data.handler  0x000000003bc0ba40        0x8 /root/.jenkins/workspace/v4.1.0_release_build/fsbl/build/cv1801c_wevb_0009a_spinand/bl2/usb_tty.o
 .data.languageDesc
                0x000000003bc0ba48        0x4 /root/.jenkins/workspace/v4.1.0_release_build/fsbl/build/cv1801c_wevb_0009a_spinand/bl2/usb_tty.o
 *fill*         0x000000003bc0ba4c        0x4 
 .data.qualifierDesc
                0x000000003bc0ba50        0xa /root/.jenkins/workspace/v4.1.0_release_build/fsbl/build/cv1801c_wevb_0009a_spinand/bl2/usb_tty.o
 *fill*         0x000000003bc0ba5a        0x6 
 .data.rsp_buf  0x000000003bc0ba60        0x8 /root/.jenkins/workspace/v4.1.0_release_build/fsbl/build/cv1801c_wevb_0009a_spinand/bl2/usb_tty.o
 .data.setup_buf
                0x000000003bc0ba68        0x8 /root/.jenkins/workspace/v4.1.0_release_build/fsbl/build/cv1801c_wevb_0009a_spinand/bl2/usb_tty.o
 .data.dwc2_ep_ops
                0x000000003bc0ba70       0x50 /root/.jenkins/workspace/v4.1.0_release_build/fsbl/build/cv1801c_wevb_0009a_spinand/bl2/dwc2_udc_otg.o
 .data.ep0_fifo_size
                0x000000003bc0bac0        0x4 /root/.jenkins/workspace/v4.1.0_release_build/fsbl/build/cv1801c_wevb_0009a_spinand/bl2/dwc2_udc_otg_xfer_dma.o
 .data.ep_fifo_size
                0x000000003bc0bac4        0x4 /root/.jenkins/workspace/v4.1.0_release_build/fsbl/build/cv1801c_wevb_0009a_spinand/bl2/dwc2_udc_otg_xfer_dma.o
 .data.cv_usb_vid
                0x000000003bc0bac8        0x2 /root/.jenkins/workspace/v4.1.0_release_build/fsbl/build/cv1801c_wevb_0009a_spinand/bl2/cv_usb.o
                0x000000003bc0bac8                cv_usb_vid
 *fill*         0x000000003bc0baca        0x2 
 .data.ddr_data_rate
                0x000000003bc0bacc        0x4 /root/.jenkins/workspace/v4.1.0_release_build/fsbl/build/cv1801c_wevb_0009a_spinand/bl2/ddrc_init.o
                0x000000003bc0bacc                ddr_data_rate
                0x000000003bc0bad0                . = ALIGN (0x10)
                0x000000003bc0bad0                __DATA_END__ = .

stacks          0x000000003bc0bad0     0x2030
                0x000000003bc0bb00                . = ALIGN (0x40)
 *fill*         0x000000003bc0bad0       0x30 
                0x000000003bc0bb00                __STACKS_START__ = .
                0x000000003bc0db00                . = (. + 0x2000)
 *fill*         0x000000003bc0bb00     0x2000 
                0x000000003bc0db00                . = ALIGN (0x40)
                0x000000003bc0db00                __STACKS_END__ = .

.bss            0x000000003bc0dc00     0x5c10
                0x000000003bc0dc00                . = ALIGN (0x10)
                0x000000003bc0dc00                __BSS_START__ = .
 *(SORT_BY_ALIGNMENT(.bss*))
 .bss.fip_param2
                0x000000003bc0dc00     0x1000 /root/.jenkins/workspace/v4.1.0_release_build/fsbl/build/cv1801c_wevb_0009a_spinand/bl2/bl2_main.o
 .bss.sram_union_buf
                0x000000003bc0ec00     0x4000 /root/.jenkins/workspace/v4.1.0_release_build/fsbl/build/cv1801c_wevb_0009a_spinand/bl2/bl2_main.o
 .bss.acm_bufArr
                0x000000003bc12c00       0x80 /root/.jenkins/workspace/v4.1.0_release_build/fsbl/build/cv1801c_wevb_0009a_spinand/bl2/usb_tty.o
                0x000000003bc12c00                acm_bufArr
 .bss.bulkBufAllocArr
                0x000000003bc12c80      0x200 /root/.jenkins/workspace/v4.1.0_release_build/fsbl/build/cv1801c_wevb_0009a_spinand/bl2/usb_tty.o
                0x000000003bc12c80                bulkBufAllocArr
 .bss.cb0_bufArr
                0x000000003bc12e80       0x80 /root/.jenkins/workspace/v4.1.0_release_build/fsbl/build/cv1801c_wevb_0009a_spinand/bl2/usb_tty.o
                0x000000003bc12e80                cb0_bufArr
 .bss.cb1_bufArr
                0x000000003bc12f00       0x80 /root/.jenkins/workspace/v4.1.0_release_build/fsbl/build/cv1801c_wevb_0009a_spinand/bl2/usb_tty.o
                0x000000003bc12f00                cb1_bufArr
 .bss.cb2_bufArr
                0x000000003bc12f80       0x80 /root/.jenkins/workspace/v4.1.0_release_build/fsbl/build/cv1801c_wevb_0009a_spinand/bl2/usb_tty.o
                0x000000003bc12f80                cb2_bufArr
 .bss.cmdBufAllocArr
                0x000000003bc13000      0x200 /root/.jenkins/workspace/v4.1.0_release_build/fsbl/build/cv1801c_wevb_0009a_spinand/bl2/usb_tty.o
                0x000000003bc13000                cmdBufAllocArr
 .bss.ep0BuffAllocArr
                0x000000003bc13200       0x80 /root/.jenkins/workspace/v4.1.0_release_build/fsbl/build/cv1801c_wevb_0009a_spinand/bl2/usb_tty.o
                0x000000003bc13200                ep0BuffAllocArr
 .bss.handlerArr
                0x000000003bc13280      0x400 /root/.jenkins/workspace/v4.1.0_release_build/fsbl/build/cv1801c_wevb_0009a_spinand/bl2/usb_tty.o
                0x000000003bc13280                handlerArr
 .bss.rsp_bufArr
                0x000000003bc13680       0x10 /root/.jenkins/workspace/v4.1.0_release_build/fsbl/build/cv1801c_wevb_0009a_spinand/bl2/usb_tty.o
                0x000000003bc13680                rsp_bufArr
 *fill*         0x000000003bc13690       0x30 
 .bss.setup_bufArr
                0x000000003bc136c0        0x8 /root/.jenkins/workspace/v4.1.0_release_build/fsbl/build/cv1801c_wevb_0009a_spinand/bl2/usb_tty.o
                0x000000003bc136c0                setup_bufArr
 .bss.fw_dynamic_info
                0x000000003bc136c8       0x30 /root/.jenkins/workspace/v4.1.0_release_build/fsbl/build/cv1801c_wevb_0009a_spinand/bl2/bl2_helper.o
 .bss.comp_alloc_buf
                0x000000003bc136f8        0x8 /root/.jenkins/workspace/v4.1.0_release_build/fsbl/build/cv1801c_wevb_0009a_spinand/bl2/decompress.o
 .bss.comp_alloc_size
                0x000000003bc13700        0x8 /root/.jenkins/workspace/v4.1.0_release_build/fsbl/build/cv1801c_wevb_0009a_spinand/bl2/decompress.o
 .bss.acm       0x000000003bc13708        0x8 /root/.jenkins/workspace/v4.1.0_release_build/fsbl/build/cv1801c_wevb_0009a_spinand/bl2/usb_tty.o
                0x000000003bc13708                acm
 .bss.bulkBuf   0x000000003bc13710        0x8 /root/.jenkins/workspace/v4.1.0_release_build/fsbl/build/cv1801c_wevb_0009a_spinand/bl2/usb_tty.o
 .bss.bulkInReq
                0x000000003bc13718        0x8 /root/.jenkins/workspace/v4.1.0_release_build/fsbl/build/cv1801c_wevb_0009a_spinand/bl2/usb_tty.o
 .bss.bulkOutReq
                0x000000003bc13720        0x8 /root/.jenkins/workspace/v4.1.0_release_build/fsbl/build/cv1801c_wevb_0009a_spinand/bl2/usb_tty.o
 .bss.cmdBuf    0x000000003bc13728        0x8 /root/.jenkins/workspace/v4.1.0_release_build/fsbl/build/cv1801c_wevb_0009a_spinand/bl2/usb_tty.o
 .bss.ep0Buff   0x000000003bc13730        0x8 /root/.jenkins/workspace/v4.1.0_release_build/fsbl/build/cv1801c_wevb_0009a_spinand/bl2/usb_tty.o
 .bss.ep0Req    0x000000003bc13738        0x8 /root/.jenkins/workspace/v4.1.0_release_build/fsbl/build/cv1801c_wevb_0009a_spinand/bl2/usb_tty.o
 .bss.epIn      0x000000003bc13740        0x8 /root/.jenkins/workspace/v4.1.0_release_build/fsbl/build/cv1801c_wevb_0009a_spinand/bl2/usb_tty.o
 .bss.epOut     0x000000003bc13748        0x8 /root/.jenkins/workspace/v4.1.0_release_build/fsbl/build/cv1801c_wevb_0009a_spinand/bl2/usb_tty.o
 .bss.fip_buf   0x000000003bc13750        0x8 /root/.jenkins/workspace/v4.1.0_release_build/fsbl/build/cv1801c_wevb_0009a_spinand/bl2/usb_tty.o
 .bss.productDesc
                0x000000003bc13758       0x1c /root/.jenkins/workspace/v4.1.0_release_build/fsbl/build/cv1801c_wevb_0009a_spinand/bl2/usb_tty.o
 *fill*         0x000000003bc13774        0x4 
 .bss.serial.2  0x000000003bc13778       0x10 /root/.jenkins/workspace/v4.1.0_release_build/fsbl/build/cv1801c_wevb_0009a_spinand/bl2/usb_tty.o
 .bss.serialDesc
                0x000000003bc13788       0x1c /root/.jenkins/workspace/v4.1.0_release_build/fsbl/build/cv1801c_wevb_0009a_spinand/bl2/usb_tty.o
 *fill*         0x000000003bc137a4        0x4 
 .bss.vendorDesc
                0x000000003bc137a8       0x10 /root/.jenkins/workspace/v4.1.0_release_build/fsbl/build/cv1801c_wevb_0009a_spinand/bl2/usb_tty.o
 .bss.reg       0x000000003bc137b8        0x8 /root/.jenkins/workspace/v4.1.0_release_build/fsbl/build/cv1801c_wevb_0009a_spinand/bl2/dwc2_udc_otg.o
                0x000000003bc137b8                reg
 .bss.the_controller
                0x000000003bc137c0        0x8 /root/.jenkins/workspace/v4.1.0_release_build/fsbl/build/cv1801c_wevb_0009a_spinand/bl2/dwc2_udc_otg.o
                0x000000003bc137c0                the_controller
 .bss.reg_set   0x000000003bc137c8        0x8 /root/.jenkins/workspace/v4.1.0_release_build/fsbl/build/cv1801c_wevb_0009a_spinand/bl2/phy_pll_init.o
                0x000000003bc137c8                reg_set
 .bss.reg_span  0x000000003bc137d0        0x8 /root/.jenkins/workspace/v4.1.0_release_build/fsbl/build/cv1801c_wevb_0009a_spinand/bl2/phy_pll_init.o
                0x000000003bc137d0                reg_span
 .bss.reg_step  0x000000003bc137d8        0x8 /root/.jenkins/workspace/v4.1.0_release_build/fsbl/build/cv1801c_wevb_0009a_spinand/bl2/phy_pll_init.o
                0x000000003bc137d8                reg_step
 .bss.fip_tx_offset
                0x000000003bc137e0        0x4 /root/.jenkins/workspace/v4.1.0_release_build/fsbl/build/cv1801c_wevb_0009a_spinand/bl2/usb_tty.o
 .bss.fip_tx_size
                0x000000003bc137e4        0x4 /root/.jenkins/workspace/v4.1.0_release_build/fsbl/build/cv1801c_wevb_0009a_spinand/bl2/usb_tty.o
 .bss.transfer_size
                0x000000003bc137e8        0x4 /root/.jenkins/workspace/v4.1.0_release_build/fsbl/build/cv1801c_wevb_0009a_spinand/bl2/usb_tty.o
 .bss.ts        0x000000003bc137ec        0x4 /root/.jenkins/workspace/v4.1.0_release_build/fsbl/build/cv1801c_wevb_0009a_spinand/bl2/usb_tty.o
 .bss.rddata    0x000000003bc137f0        0x4 /root/.jenkins/workspace/v4.1.0_release_build/fsbl/build/cv1801c_wevb_0009a_spinand/bl2/ddr_sys.o
                0x000000003bc137f0                rddata
 .bss.dev_freq  0x000000003bc137f4        0x4 /root/.jenkins/workspace/v4.1.0_release_build/fsbl/build/cv1801c_wevb_0009a_spinand/bl2/phy_pll_init.o
                0x000000003bc137f4                dev_freq
 .bss.freq_in   0x000000003bc137f8        0x4 /root/.jenkins/workspace/v4.1.0_release_build/fsbl/build/cv1801c_wevb_0009a_spinand/bl2/phy_pll_init.o
                0x000000003bc137f8                freq_in
 .bss.mod_freq  0x000000003bc137fc        0x4 /root/.jenkins/workspace/v4.1.0_release_build/fsbl/build/cv1801c_wevb_0009a_spinand/bl2/phy_pll_init.o
                0x000000003bc137fc                mod_freq
 .bss.tar_freq  0x000000003bc13800        0x4 /root/.jenkins/workspace/v4.1.0_release_build/fsbl/build/cv1801c_wevb_0009a_spinand/bl2/phy_pll_init.o
                0x000000003bc13800                tar_freq
 .bss.ack_idx.6
                0x000000003bc13804        0x1 /root/.jenkins/workspace/v4.1.0_release_build/fsbl/build/cv1801c_wevb_0009a_spinand/bl2/usb_tty.o
 .bss.acm_configValue
                0x000000003bc13805        0x1 /root/.jenkins/workspace/v4.1.0_release_build/fsbl/build/cv1801c_wevb_0009a_spinand/bl2/usb_tty.o
                0x000000003bc13805                acm_configValue
 .bss.configBreak
                0x000000003bc13806        0x1 /root/.jenkins/workspace/v4.1.0_release_build/fsbl/build/cv1801c_wevb_0009a_spinand/bl2/usb_tty.o
 .bss.configValue
                0x000000003bc13807        0x1 /root/.jenkins/workspace/v4.1.0_release_build/fsbl/build/cv1801c_wevb_0009a_spinand/bl2/usb_tty.o
 .bss.flagEnterDL
                0x000000003bc13808        0x1 /root/.jenkins/workspace/v4.1.0_release_build/fsbl/build/cv1801c_wevb_0009a_spinand/bl2/usb_tty.o
 .bss.flagReboot
                0x000000003bc13809        0x1 /root/.jenkins/workspace/v4.1.0_release_build/fsbl/build/cv1801c_wevb_0009a_spinand/bl2/usb_tty.o
 .bss.is_serial_patched.3
                0x000000003bc1380a        0x1 /root/.jenkins/workspace/v4.1.0_release_build/fsbl/build/cv1801c_wevb_0009a_spinand/bl2/usb_tty.o
 .bss.mem_alloc_cnt
                0x000000003bc1380b        0x1 /root/.jenkins/workspace/v4.1.0_release_build/fsbl/build/cv1801c_wevb_0009a_spinand/bl2/usb_tty.o
 .bss.ddr_capacity
                0x000000003bc1380c        0x1 /root/.jenkins/workspace/v4.1.0_release_build/fsbl/build/cv1801c_wevb_0009a_spinand/bl2/ddr_pkg_info.o
                0x000000003bc1380c                ddr_capacity
 .bss.ddr_type  0x000000003bc1380d        0x1 /root/.jenkins/workspace/v4.1.0_release_build/fsbl/build/cv1801c_wevb_0009a_spinand/bl2/ddr_pkg_info.o
                0x000000003bc1380d                ddr_type
 .bss.ddr_vendor
                0x000000003bc1380e        0x1 /root/.jenkins/workspace/v4.1.0_release_build/fsbl/build/cv1801c_wevb_0009a_spinand/bl2/ddr_pkg_info.o
                0x000000003bc1380e                ddr_vendor
 .bss.pkg       0x000000003bc1380f        0x1 /root/.jenkins/workspace/v4.1.0_release_build/fsbl/build/cv1801c_wevb_0009a_spinand/bl2/ddr_pkg_info.o
                0x000000003bc1380f                pkg
 *(COMMON)
                0x000000003bc13810                . = ALIGN (0x10)
                0x000000003bc13810                __BSS_END__ = .
                0x000000003bc13810                __BL2_END__ = .
                0x0000000000005c10                __BSS_SIZE__ = SIZEOF (.bss)
                0x0000000000000001                ASSERT ((. <= 0x3bc19000), BL2 image has exceeded its limit.)
                0x0000000004400100                p_rom_api_cryptodma_aes_decrypt = 0x4400100
                0x0000000004400080                p_rom_api_flash_init = 0x4400080
                0x0000000004400020                p_rom_api_get_boot_src = 0x4400020
                0x00000000044000c0                p_rom_api_get_number_of_retries = 0x44000c0
                0x00000000044000a0                p_rom_api_image_crc = 0x44000a0
                0x0000000004400060                p_rom_api_load_image = 0x4400060
                0x0000000004400040                p_rom_api_set_boot_src = 0x4400040
                0x00000000044000e0                p_rom_api_verify_rsa = 0x44000e0
LOAD /root/.jenkins/workspace/v4.1.0_release_build/fsbl/build/cv1801c_wevb_0009a_spinand/bl2/build_message.o
LOAD /root/.jenkins/workspace/v4.1.0_release_build/fsbl/build/cv1801c_wevb_0009a_spinand/bl2/cpu_helper.o
LOAD /root/.jenkins/workspace/v4.1.0_release_build/fsbl/build/cv1801c_wevb_0009a_spinand/bl2/misc_helpers.o
LOAD /root/.jenkins/workspace/v4.1.0_release_build/fsbl/build/cv1801c_wevb_0009a_spinand/bl2/cache.o
LOAD /root/.jenkins/workspace/v4.1.0_release_build/fsbl/build/cv1801c_wevb_0009a_spinand/bl2/delay_timer.o
LOAD /root/.jenkins/workspace/v4.1.0_release_build/fsbl/build/cv1801c_wevb_0009a_spinand/bl2/bl2_helper.o
LOAD /root/.jenkins/workspace/v4.1.0_release_build/fsbl/build/cv1801c_wevb_0009a_spinand/bl2/uart_dw.o
LOAD /root/.jenkins/workspace/v4.1.0_release_build/fsbl/build/cv1801c_wevb_0009a_spinand/bl2/tf_printf.o
LOAD /root/.jenkins/workspace/v4.1.0_release_build/fsbl/build/cv1801c_wevb_0009a_spinand/bl2/platform.o
LOAD /root/.jenkins/workspace/v4.1.0_release_build/fsbl/build/cv1801c_wevb_0009a_spinand/bl2/security.o
LOAD /root/.jenkins/workspace/v4.1.0_release_build/fsbl/build/cv1801c_wevb_0009a_spinand/bl2/misc.o
LOAD /root/.jenkins/workspace/v4.1.0_release_build/fsbl/build/cv1801c_wevb_0009a_spinand/bl2/assert.o
LOAD /root/.jenkins/workspace/v4.1.0_release_build/fsbl/build/cv1801c_wevb_0009a_spinand/bl2/mem.o
LOAD /root/.jenkins/workspace/v4.1.0_release_build/fsbl/build/cv1801c_wevb_0009a_spinand/bl2/putchar.o
LOAD /root/.jenkins/workspace/v4.1.0_release_build/fsbl/build/cv1801c_wevb_0009a_spinand/bl2/strchr.o
LOAD /root/.jenkins/workspace/v4.1.0_release_build/fsbl/build/cv1801c_wevb_0009a_spinand/bl2/strcmp.o
LOAD /root/.jenkins/workspace/v4.1.0_release_build/fsbl/build/cv1801c_wevb_0009a_spinand/bl2/strlen.o
LOAD /root/.jenkins/workspace/v4.1.0_release_build/fsbl/build/cv1801c_wevb_0009a_spinand/bl2/strncmp.o
LOAD /root/.jenkins/workspace/v4.1.0_release_build/fsbl/build/cv1801c_wevb_0009a_spinand/bl2/strnlen.o
LOAD /root/.jenkins/workspace/v4.1.0_release_build/fsbl/build/cv1801c_wevb_0009a_spinand/bl2/platform_device.o
LOAD /root/.jenkins/workspace/v4.1.0_release_build/fsbl/build/cv1801c_wevb_0009a_spinand/bl2/bl2_main.o
LOAD /root/.jenkins/workspace/v4.1.0_release_build/fsbl/build/cv1801c_wevb_0009a_spinand/bl2/decompress.o
LOAD /root/.jenkins/workspace/v4.1.0_release_build/fsbl/build/cv1801c_wevb_0009a_spinand/bl2/cps_cvi.o
LOAD /root/.jenkins/workspace/v4.1.0_release_build/fsbl/build/cv1801c_wevb_0009a_spinand/bl2/usb_tty.o
LOAD /root/.jenkins/workspace/v4.1.0_release_build/fsbl/build/cv1801c_wevb_0009a_spinand/bl2/dwc2_udc_otg.o
LOAD /root/.jenkins/workspace/v4.1.0_release_build/fsbl/build/cv1801c_wevb_0009a_spinand/bl2/dwc2_udc_otg_xfer_dma.o
LOAD /root/.jenkins/workspace/v4.1.0_release_build/fsbl/build/cv1801c_wevb_0009a_spinand/bl2/cv_usb.o
LOAD /root/.jenkins/workspace/v4.1.0_release_build/fsbl/build/cv1801c_wevb_0009a_spinand/bl2/crc16.o
LOAD /root/.jenkins/workspace/v4.1.0_release_build/fsbl/build/cv1801c_wevb_0009a_spinand/bl2/LzmaDec.o
LOAD /root/.jenkins/workspace/v4.1.0_release_build/fsbl/build/cv1801c_wevb_0009a_spinand/bl2/lz4_all.o
LOAD /root/.jenkins/workspace/v4.1.0_release_build/fsbl/build/cv1801c_wevb_0009a_spinand/bl2/xxhash.o
LOAD /root/.jenkins/workspace/v4.1.0_release_build/fsbl/build/cv1801c_wevb_0009a_spinand/bl2/ddr.o
LOAD /root/.jenkins/workspace/v4.1.0_release_build/fsbl/build/cv1801c_wevb_0009a_spinand/bl2/ddr_pkg_info.o
LOAD /root/.jenkins/workspace/v4.1.0_release_build/fsbl/build/cv1801c_wevb_0009a_spinand/bl2/ddr_sys_bring_up.o
LOAD /root/.jenkins/workspace/v4.1.0_release_build/fsbl/build/cv1801c_wevb_0009a_spinand/bl2/ddr_sys.o
LOAD /root/.jenkins/workspace/v4.1.0_release_build/fsbl/build/cv1801c_wevb_0009a_spinand/bl2/phy_pll_init.o
LOAD /root/.jenkins/workspace/v4.1.0_release_build/fsbl/build/cv1801c_wevb_0009a_spinand/bl2/cvx16_pinmux.o
LOAD /root/.jenkins/workspace/v4.1.0_release_build/fsbl/build/cv1801c_wevb_0009a_spinand/bl2/cvx16_dram_cap_check.o
LOAD /root/.jenkins/workspace/v4.1.0_release_build/fsbl/build/cv1801c_wevb_0009a_spinand/bl2/ddrc_init.o
LOAD /root/.jenkins/workspace/v4.1.0_release_build/fsbl/build/cv1801c_wevb_0009a_spinand/bl2/phy_init.o
LOAD /root/.jenkins/workspace/v4.1.0_release_build/fsbl/build/cv1801c_wevb_0009a_spinand/bl2/ddr_patch_regs.o
LOAD /root/.jenkins/workspace/v4.1.0_release_build/fsbl/build/cv1801c_wevb_0009a_spinand/bl2/bl2_entrypoint.o
OUTPUT(/root/.jenkins/workspace/v4.1.0_release_build/fsbl/build/cv1801c_wevb_0009a_spinand/bl2/bl2.elf elf64-littleriscv)

.debug_info     0x0000000000000000    0x6a2b6
 .debug_info    0x0000000000000000       0x89 /root/.jenkins/workspace/v4.1.0_release_build/fsbl/build/cv1801c_wevb_0009a_spinand/bl2/build_message.o
 .debug_info    0x0000000000000089      0x1a1 /root/.jenkins/workspace/v4.1.0_release_build/fsbl/build/cv1801c_wevb_0009a_spinand/bl2/cpu_helper.o
 .debug_info    0x000000000000022a      0x1e4 /root/.jenkins/workspace/v4.1.0_release_build/fsbl/build/cv1801c_wevb_0009a_spinand/bl2/cache.o
 .debug_info    0x000000000000040e      0x45f /root/.jenkins/workspace/v4.1.0_release_build/fsbl/build/cv1801c_wevb_0009a_spinand/bl2/delay_timer.o
 .debug_info    0x000000000000086d      0x3d6 /root/.jenkins/workspace/v4.1.0_release_build/fsbl/build/cv1801c_wevb_0009a_spinand/bl2/bl2_helper.o
 .debug_info    0x0000000000000c43      0x33f /root/.jenkins/workspace/v4.1.0_release_build/fsbl/build/cv1801c_wevb_0009a_spinand/bl2/uart_dw.o
 .debug_info    0x0000000000000f82      0x474 /root/.jenkins/workspace/v4.1.0_release_build/fsbl/build/cv1801c_wevb_0009a_spinand/bl2/tf_printf.o
 .debug_info    0x00000000000013f6     0x1a6c /root/.jenkins/workspace/v4.1.0_release_build/fsbl/build/cv1801c_wevb_0009a_spinand/bl2/platform.o
 .debug_info    0x0000000000002e62      0x99b /root/.jenkins/workspace/v4.1.0_release_build/fsbl/build/cv1801c_wevb_0009a_spinand/bl2/security.o
 .debug_info    0x00000000000037fd      0x22a /root/.jenkins/workspace/v4.1.0_release_build/fsbl/build/cv1801c_wevb_0009a_spinand/bl2/misc.o
 .debug_info    0x0000000000003a27      0x41f /root/.jenkins/workspace/v4.1.0_release_build/fsbl/build/cv1801c_wevb_0009a_spinand/bl2/mem.o
 .debug_info    0x0000000000003e46      0x2d6 /root/.jenkins/workspace/v4.1.0_release_build/fsbl/build/cv1801c_wevb_0009a_spinand/bl2/putchar.o
 .debug_info    0x000000000000411c      0x13d /root/.jenkins/workspace/v4.1.0_release_build/fsbl/build/cv1801c_wevb_0009a_spinand/bl2/strcmp.o
 .debug_info    0x0000000000004259       0xf6 /root/.jenkins/workspace/v4.1.0_release_build/fsbl/build/cv1801c_wevb_0009a_spinand/bl2/strlen.o
 .debug_info    0x000000000000434f      0x483 /root/.jenkins/workspace/v4.1.0_release_build/fsbl/build/cv1801c_wevb_0009a_spinand/bl2/platform_device.o
 .debug_info    0x00000000000047d2     0x1dba /root/.jenkins/workspace/v4.1.0_release_build/fsbl/build/cv1801c_wevb_0009a_spinand/bl2/bl2_main.o
 .debug_info    0x000000000000658c      0x9df /root/.jenkins/workspace/v4.1.0_release_build/fsbl/build/cv1801c_wevb_0009a_spinand/bl2/decompress.o
 .debug_info    0x0000000000006f6b      0x3a2 /root/.jenkins/workspace/v4.1.0_release_build/fsbl/build/cv1801c_wevb_0009a_spinand/bl2/cps_cvi.o
 .debug_info    0x000000000000730d     0x2fac /root/.jenkins/workspace/v4.1.0_release_build/fsbl/build/cv1801c_wevb_0009a_spinand/bl2/usb_tty.o
 .debug_info    0x000000000000a2b9     0x3221 /root/.jenkins/workspace/v4.1.0_release_build/fsbl/build/cv1801c_wevb_0009a_spinand/bl2/dwc2_udc_otg.o
 .debug_info    0x000000000000d4da     0x39b0 /root/.jenkins/workspace/v4.1.0_release_build/fsbl/build/cv1801c_wevb_0009a_spinand/bl2/dwc2_udc_otg_xfer_dma.o
 .debug_info    0x0000000000010e8a      0x2b7 /root/.jenkins/workspace/v4.1.0_release_build/fsbl/build/cv1801c_wevb_0009a_spinand/bl2/cv_usb.o
 .debug_info    0x0000000000011141      0x279 /root/.jenkins/workspace/v4.1.0_release_build/fsbl/build/cv1801c_wevb_0009a_spinand/bl2/crc16.o
 .debug_info    0x00000000000113ba     0x17d0 /root/.jenkins/workspace/v4.1.0_release_build/fsbl/build/cv1801c_wevb_0009a_spinand/bl2/LzmaDec.o
 .debug_info    0x0000000000012b8a    0x2854a /root/.jenkins/workspace/v4.1.0_release_build/fsbl/build/cv1801c_wevb_0009a_spinand/bl2/lz4_all.o
 .debug_info    0x000000000003b0d4     0x4059 /root/.jenkins/workspace/v4.1.0_release_build/fsbl/build/cv1801c_wevb_0009a_spinand/bl2/xxhash.o
 .debug_info    0x000000000003f12d      0x1a7 /root/.jenkins/workspace/v4.1.0_release_build/fsbl/build/cv1801c_wevb_0009a_spinand/bl2/ddr.o
 .debug_info    0x000000000003f2d4      0x516 /root/.jenkins/workspace/v4.1.0_release_build/fsbl/build/cv1801c_wevb_0009a_spinand/bl2/ddr_pkg_info.o
 .debug_info    0x000000000003f7ea     0x113b /root/.jenkins/workspace/v4.1.0_release_build/fsbl/build/cv1801c_wevb_0009a_spinand/bl2/ddr_sys_bring_up.o
 .debug_info    0x0000000000040925    0x24ffd /root/.jenkins/workspace/v4.1.0_release_build/fsbl/build/cv1801c_wevb_0009a_spinand/bl2/ddr_sys.o
 .debug_info    0x0000000000065922      0x1e0 /root/.jenkins/workspace/v4.1.0_release_build/fsbl/build/cv1801c_wevb_0009a_spinand/bl2/phy_pll_init.o
 .debug_info    0x0000000000065b02     0x11b2 /root/.jenkins/workspace/v4.1.0_release_build/fsbl/build/cv1801c_wevb_0009a_spinand/bl2/cvx16_pinmux.o
 .debug_info    0x0000000000066cb4       0xc8 /root/.jenkins/workspace/v4.1.0_release_build/fsbl/build/cv1801c_wevb_0009a_spinand/bl2/cvx16_dram_cap_check.o
 .debug_info    0x0000000000066d7c     0x1561 /root/.jenkins/workspace/v4.1.0_release_build/fsbl/build/cv1801c_wevb_0009a_spinand/bl2/ddrc_init.o
 .debug_info    0x00000000000682dd     0x1fab /root/.jenkins/workspace/v4.1.0_release_build/fsbl/build/cv1801c_wevb_0009a_spinand/bl2/phy_init.o
 .debug_info    0x000000000006a288       0x2e /root/.jenkins/workspace/v4.1.0_release_build/fsbl/build/cv1801c_wevb_0009a_spinand/bl2/bl2_entrypoint.o

.debug_abbrev   0x0000000000000000     0x4f07