
Discarded input sections

 .group         0x0000000000000000        0xc /root/.jenkins/workspace/v4.1.0_release_build/fsbl/build/cv1800b_wdmb_0008a_spinor/bl2/build_message.o
 .text          0x0000000000000000        0x0 /root/.jenkins/workspace/v4.1.0_release_build/fsbl/build/cv1800b_wdmb_0008a_spinor/bl2/build_message.o
 .data          0x0000000000000000        0x0 /root/.jenkins/workspace/v4.1.0_release_build/fsbl/build/cv1800b_wdmb_0008a_spinor/bl2/build_message.o
 .bss           0x0000000000000000        0x0 /root/.jenkins/workspace/v4.1.0_release_build/fsbl/build/cv1800b_wdmb_0008a_spinor/bl2/build_message.o
 .group         0x0000000000000000        0xc /root/.jenkins/workspace/v4.1.0_release_build/fsbl/build/cv1800b_wdmb_0008a_spinor/bl2/cpu_helper.o
 .group         0x0000000000000000        0xc /root/.jenkins/workspace/v4.1.0_release_build/fsbl/build/cv1800b_wdmb_0008a_spinor/bl2/cpu_helper.o
 .group         0x0000000000000000        0xc /root/.jenkins/workspace/v4.1.0_release_build/fsbl/build/cv1800b_wdmb_0008a_spinor/bl2/cpu_helper.o
 .group         0x0000000000000000        0xc /root/.jenkins/workspace/v4.1.0_release_build/fsbl/build/cv1800b_wdmb_0008a_spinor/bl2/cpu_helper.o
 .group         0x0000000000000000        0xc /root/.jenkins/workspace/v4.1.0_release_build/fsbl/build/cv1800b_wdmb_0008a_spinor/bl2/cpu_helper.o
 .group         0x0000000000000000        0xc /root/.jenkins/workspace/v4.1.0_release_build/fsbl/build/cv1800b_wdmb_0008a_spinor/bl2/cpu_helper.o
 .group         0x0000000000000000        0xc /root/.jenkins/workspace/v4.1.0_release_build/fsbl/build/cv1800b_wdmb_0008a_spinor/bl2/cpu_helper.o
 .group         0x0000000000000000        0xc /root/.jenkins/workspace/v4.1.0_release_build/fsbl/build/cv1800b_wdmb_0008a_spinor/bl2/cpu_helper.o
 .group         0x0000000000000000        0xc /root/.jenkins/workspace/v4.1.0_release_build/fsbl/build/cv1800b_wdmb_0008a_spinor/bl2/cpu_helper.o
 .group         0x0000000000000000        0xc /root/.jenkins/workspace/v4.1.0_release_build/fsbl/build/cv1800b_wdmb_0008a_spinor/bl2/cpu_helper.o
 .group         0x0000000000000000        0xc /root/.jenkins/workspace/v4.1.0_release_build/fsbl/build/cv1800b_wdmb_0008a_spinor/bl2/cpu_helper.o
 .group         0x0000000000000000        0xc /root/.jenkins/workspace/v4.1.0_release_build/fsbl/build/cv1800b_wdmb_0008a_spinor/bl2/cpu_helper.o
 .group         0x0000000000000000        0xc /root/.jenkins/workspace/v4.1.0_release_build/fsbl/build/cv1800b_wdmb_0008a_spinor/bl2/cpu_helper.o
 .group         0x0000000000000000        0xc /root/.jenkins/workspace/v4.1.0_release_build/fsbl/build/cv1800b_wdmb_0008a_spinor/bl2/cpu_helper.o
 .group         0x0000000000000000        0xc /root/.jenkins/workspace/v4.1.0_release_build/fsbl/build/cv1800b_wdmb_0008a_spinor/bl2/cpu_helper.o
 .group         0x0000000000000000        0xc /root/.jenkins/workspace/v4.1.0_release_build/fsbl/build/cv1800b_wdmb_0008a_spinor/bl2/cpu_helper.o
 .text          0x0000000000000000        0x0 /root/.jenkins/workspace/v4.1.0_release_build/fsbl/build/cv1800b_wdmb_0008a_spinor/bl2/cpu_helper.o
 .data          0x0000000000000000        0x0 /root/.jenkins/workspace/v4.1.0_release_build/fsbl/build/cv1800b_wdmb_0008a_spinor/bl2/cpu_helper.o
 .bss           0x0000000000000000        0x0 /root/.jenkins/workspace/v4.1.0_release_build/fsbl/build/cv1800b_wdmb_0008a_spinor/bl2/cpu_helper.o
 .text.cpu_report_exception
                0x0000000000000000        0x2 /root/.jenkins/workspace/v4.1.0_release_build/fsbl/build/cv1800b_wdmb_0008a_spinor/bl2/cpu_helper.o
 .text.enable_cache
                0x0000000000000000        0x2 /root/.jenkins/workspace/v4.1.0_release_build/fsbl/build/cv1800b_wdmb_0008a_spinor/bl2/cpu_helper.o
 .group         0x0000000000000000        0xc /root/.jenkins/workspace/v4.1.0_release_build/fsbl/build/cv1800b_wdmb_0008a_spinor/bl2/misc_helpers.o
 .group         0x0000000000000000        0xc /root/.jenkins/workspace/v4.1.0_release_build/fsbl/build/cv1800b_wdmb_0008a_spinor/bl2/misc_helpers.o
 .group         0x0000000000000000        0xc /root/.jenkins/workspace/v4.1.0_release_build/fsbl/build/cv1800b_wdmb_0008a_spinor/bl2/misc_helpers.o
 .text          0x0000000000000000        0x0 /root/.jenkins/workspace/v4.1.0_release_build/fsbl/build/cv1800b_wdmb_0008a_spinor/bl2/misc_helpers.o
 .data          0x0000000000000000        0x0 /root/.jenkins/workspace/v4.1.0_release_build/fsbl/build/cv1800b_wdmb_0008a_spinor/bl2/misc_helpers.o
 .bss           0x0000000000000000        0x0 /root/.jenkins/workspace/v4.1.0_release_build/fsbl/build/cv1800b_wdmb_0008a_spinor/bl2/misc_helpers.o
 .text.memcpy16
                0x0000000000000000        0x8 /root/.jenkins/workspace/v4.1.0_release_build/fsbl/build/cv1800b_wdmb_0008a_spinor/bl2/misc_helpers.o
 .text.zeromem  0x0000000000000000        0xc /root/.jenkins/workspace/v4.1.0_release_build/fsbl/build/cv1800b_wdmb_0008a_spinor/bl2/misc_helpers.o
[...]
Memory Configuration

Name             Origin             Length             Attributes
RAM              0x000000003bc00000 0x0000000000019000 xrw
*default*        0x0000000000000000 0xffffffffffffffff

Linker script and memory map

                0x000000003bc00000                . = 0x3bc00000
                0x0000000000000001                ASSERT ((. == ALIGN (0x1000)), BL2_BASE address is not aligned on a page boundary.)

ro              0x000000003bc00000     0xb524
                0x000000003bc00000                __RO_START__ = .
 *bl2_entrypoint.o(.text*)
 .text.init     0x000000003bc00000      0x14c /root/.jenkins/workspace/v4.1.0_release_build/fsbl/build/cv1800b_wdmb_0008a_spinor/bl2/bl2_entrypoint.o
                0x000000003bc00000                bl2_entrypoint
 *(.vectors)
 *(.text*)
 .text.sync_cache
                0x000000003bc0014c        0xa /root/.jenkins/workspace/v4.1.0_release_build/fsbl/build/cv1800b_wdmb_0008a_spinor/bl2/cpu_helper.o
                0x000000003bc0014c                sync_cache
 .text.flush_dcache_range
                0x000000003bc00156       0x24 /root/.jenkins/workspace/v4.1.0_release_build/fsbl/build/cv1800b_wdmb_0008a_spinor/bl2/cache.o
                0x000000003bc00156                flush_dcache_range
 .text.trig_simulation_timer
                0x000000003bc0017a       0x10 /root/.jenkins/workspace/v4.1.0_release_build/fsbl/build/cv1800b_wdmb_0008a_spinor/bl2/delay_timer.o
                0x000000003bc0017a                trig_simulation_timer
 .text.udelay   0x000000003bc0018a       0x2a /root/.jenkins/workspace/v4.1.0_release_build/fsbl/build/cv1800b_wdmb_0008a_spinor/bl2/delay_timer.o
                0x000000003bc0018a                udelay
 .text.mdelay   0x000000003bc001b4        0xa /root/.jenkins/workspace/v4.1.0_release_build/fsbl/build/cv1800b_wdmb_0008a_spinor/bl2/delay_timer.o
                0x000000003bc001b4                mdelay
 .text.get_timer
                0x000000003bc001be       0x24 /root/.jenkins/workspace/v4.1.0_release_build/fsbl/build/cv1800b_wdmb_0008a_spinor/bl2/delay_timer.o
                0x000000003bc001be                get_timer
 .text.get_random_from_timer
                0x000000003bc001e2       0x2a /root/.jenkins/workspace/v4.1.0_release_build/fsbl/build/cv1800b_wdmb_0008a_spinor/bl2/delay_timer.o
                0x000000003bc001e2                get_random_from_timer
 .text.read_count_tick
                0x000000003bc0020c        0xe /root/.jenkins/workspace/v4.1.0_release_build/fsbl/build/cv1800b_wdmb_0008a_spinor/bl2/delay_timer.o
                0x000000003bc0020c                read_count_tick
 .text.jump_to_monitor
                0x000000003bc0021a       0x78 /root/.jenkins/workspace/v4.1.0_release_build/fsbl/build/cv1800b_wdmb_0008a_spinor/bl2/bl2_helper.o
                0x000000003bc0021a                jump_to_monitor
 .text.jump_to_loader_2nd
                0x000000003bc00292        0x2 /root/.jenkins/workspace/v4.1.0_release_build/fsbl/build/cv1800b_wdmb_0008a_spinor/bl2/bl2_helper.o
                0x000000003bc00292                jump_to_loader_2nd
 .text._uart_putc
                0x000000003bc00294       0x10 /root/.jenkins/workspace/v4.1.0_release_build/fsbl/build/cv1800b_wdmb_0008a_spinor/bl2/uart_dw.o
                0x000000003bc00294                _uart_putc
 .text.console_putc
                0x000000003bc002a4       0x1e /root/.jenkins/workspace/v4.1.0_release_build/fsbl/build/cv1800b_wdmb_0008a_spinor/bl2/uart_dw.o
                0x000000003bc002a4                console_putc
 .text.console_flush
                0x000000003bc002c2       0x14 /root/.jenkins/workspace/v4.1.0_release_build/fsbl/build/cv1800b_wdmb_0008a_spinor/bl2/uart_dw.o
                0x000000003bc002c2                console_flush
 .text.unsigned_num_print
                0x000000003bc002d6       0x82 /root/.jenkins/workspace/v4.1.0_release_build/fsbl/build/cv1800b_wdmb_0008a_spinor/bl2/tf_printf.o
 .text.tf_printf
                0x000000003bc00358      0x196 /root/.jenkins/workspace/v4.1.0_release_build/fsbl/build/cv1800b_wdmb_0008a_spinor/bl2/tf_printf.o
                0x000000003bc00358                tf_printf
 .text.__system_reset
                0x000000003bc004ee       0xc6 /root/.jenkins/workspace/v4.1.0_release_build/fsbl/build/cv1800b_wdmb_0008a_spinor/bl2/platform.o
                0x000000003bc004ee                __system_reset
 .text.panic_handler
                0x000000003bc005b4       0x32 /root/.jenkins/workspace/v4.1.0_release_build/fsbl/build/cv1800b_wdmb_0008a_spinor/bl2/platform.o
                0x000000003bc005b4                panic_handler
 .text.reset_c906l
                0x000000003bc005e6       0x46 /root/.jenkins/workspace/v4.1.0_release_build/fsbl/build/cv1800b_wdmb_0008a_spinor/bl2/platform.o
                0x000000003bc005e6                reset_c906l
 .text.setup_dl_flag
                0x000000003bc0062c       0x4a /root/.jenkins/workspace/v4.1.0_release_build/fsbl/build/cv1800b_wdmb_0008a_spinor/bl2/platform.o
                0x000000003bc0062c                setup_dl_flag
 .text.sys_switch_all_to_pll
                0x000000003bc00676        0xe /root/.jenkins/workspace/v4.1.0_release_build/fsbl/build/cv1800b_wdmb_0008a_spinor/bl2/platform.o
                0x000000003bc00676                sys_switch_all_to_pll
 .text.sys_pll_nd
                0x000000003bc00684      0x184 /root/.jenkins/workspace/v4.1.0_release_build/fsbl/build/cv1800b_wdmb_0008a_spinor/bl2/platform.o
                0x000000003bc00684                sys_pll_nd
 .text.sys_pll_init
                0x000000003bc00808       0x16 /root/.jenkins/workspace/v4.1.0_release_build/fsbl/build/cv1800b_wdmb_0008a_spinor/bl2/platform.o
                0x000000003bc00808                sys_pll_init
 .text.switch_rtc_mode_1st_stage
                0x000000003bc0081e        0x2 /root/.jenkins/workspace/v4.1.0_release_build/fsbl/build/cv1800b_wdmb_0008a_spinor/bl2/platform.o
                0x000000003bc0081e                switch_rtc_mode_1st_stage
 .text.switch_rtc_mode_2nd_stage
                0x000000003bc00820       0x40 /root/.jenkins/workspace/v4.1.0_release_build/fsbl/build/cv1800b_wdmb_0008a_spinor/bl2/platform.o
                0x000000003bc00820                switch_rtc_mode_2nd_stage
 .text.set_rtc_en_registers
                0x000000003bc00860       0xaa /root/.jenkins/workspace/v4.1.0_release_build/fsbl/build/cv1800b_wdmb_0008a_spinor/bl2/platform.o
                0x000000003bc00860                set_rtc_en_registers
 .text.init_comm_info
                0x000000003bc0090a       0x5c /root/.jenkins/workspace/v4.1.0_release_build/fsbl/build/cv1800b_wdmb_0008a_spinor/bl2/platform.o
                0x000000003bc0090a                init_comm_info
 .text.dec_verify_image
                0x000000003bc00966        0x4 /root/.jenkins/workspace/v4.1.0_release_build/fsbl/build/cv1800b_wdmb_0008a_spinor/bl2/security.o
                0x000000003bc00966                dec_verify_image
 .text.efuse_wait_idle
                0x000000003bc0096a       0x2e /root/.jenkins/workspace/v4.1.0_release_build/fsbl/build/cv1800b_wdmb_0008a_spinor/bl2/security.o
                0x000000003bc0096a                efuse_wait_idle
 .text.efuse_power_on
                0x000000003bc00998       0x1c /root/.jenkins/workspace/v4.1.0_release_build/fsbl/build/cv1800b_wdmb_0008a_spinor/bl2/security.o
                0x000000003bc00998                efuse_power_on
 .text.efuse_program_bit
                0x000000003bc009b4       0x56 /root/.jenkins/workspace/v4.1.0_release_build/fsbl/build/cv1800b_wdmb_0008a_spinor/bl2/security.o
                0x000000003bc009b4                efuse_program_bit
 .text.efuse_refresh_shadow
                0x000000003bc00a0a       0x2a /root/.jenkins/workspace/v4.1.0_release_build/fsbl/build/cv1800b_wdmb_0008a_spinor/bl2/security.o
                0x000000003bc00a0a                efuse_refresh_shadow
 .text.efuse_power_off
                0x000000003bc00a34       0x1c /root/.jenkins/workspace/v4.1.0_release_build/fsbl/build/cv1800b_wdmb_0008a_spinor/bl2/security.o
                0x000000003bc00a34                efuse_power_off
 .text.ntostr   0x000000003bc00a50       0x7a /root/.jenkins/workspace/v4.1.0_release_build/fsbl/build/cv1800b_wdmb_0008a_spinor/bl2/misc.o
                0x000000003bc00a50                ntostr
 .text.memset   0x000000003bc00aca       0x5a /root/.jenkins/workspace/v4.1.0_release_build/fsbl/build/cv1800b_wdmb_0008a_spinor/bl2/mem.o
                0x000000003bc00aca                memset
 .text.memcpy   0x000000003bc00b24       0x60 /root/.jenkins/workspace/v4.1.0_release_build/fsbl/build/cv1800b_wdmb_0008a_spinor/bl2/mem.o
                0x000000003bc00b24                memcpy
 .text.memmove  0x000000003bc00b84       0x20 /root/.jenkins/workspace/v4.1.0_release_build/fsbl/build/cv1800b_wdmb_0008a_spinor/bl2/mem.o
                0x000000003bc00b84                memmove
 .text.putchar_l
                0x000000003bc00ba4       0x52 /root/.jenkins/workspace/v4.1.0_release_build/fsbl/build/cv1800b_wdmb_0008a_spinor/bl2/putchar.o
                0x000000003bc00ba4                putchar_l
 .text.strcmp   0x000000003bc00bf6       0x1c /root/.jenkins/workspace/v4.1.0_release_build/fsbl/build/cv1800b_wdmb_0008a_spinor/bl2/strcmp.o
                0x000000003bc00bf6                strcmp
 .text.strlen   0x000000003bc00c12       0x12 /root/.jenkins/workspace/v4.1.0_release_build/fsbl/build/cv1800b_wdmb_0008a_spinor/bl2/strlen.o
                0x000000003bc00c12                strlen
 .text.gpio_in_value
                0x000000003bc00c24       0x7a /root/.jenkins/workspace/v4.1.0_release_build/fsbl/build/cv1800b_wdmb_0008a_spinor/bl2/platform_device.o
                0x000000003bc00c24                gpio_in_value
 .text.usb_id_det
                0x000000003bc00c9e       0x1c /root/.jenkins/workspace/v4.1.0_release_build/fsbl/build/cv1800b_wdmb_0008a_spinor/bl2/platform_device.o
                0x000000003bc00c9e                usb_id_det
 .text.read_time_ms
                0x000000003bc00cba       0x1a /root/.jenkins/workspace/v4.1.0_release_build/fsbl/build/cv1800b_wdmb_0008a_spinor/bl2/bl2_main.o
 .text.lock_efuse_chipsn
                0x000000003bc00cd4       0x8a /root/.jenkins/workspace/v4.1.0_release_build/fsbl/build/cv1800b_wdmb_0008a_spinor/bl2/bl2_main.o
                0x000000003bc00cd4                lock_efuse_chipsn
 .text.load_image_by_usb
                0x000000003bc00d5e       0x40 /root/.jenkins/workspace/v4.1.0_release_build/fsbl/build/cv1800b_wdmb_0008a_spinor/bl2/bl2_main.o
                0x000000003bc00d5e                load_image_by_usb
 .text.load_param2
                0x000000003bc00d9e       0xd0 /root/.jenkins/workspace/v4.1.0_release_build/fsbl/build/cv1800b_wdmb_0008a_spinor/bl2/bl2_main.o
                0x000000003bc00d9e                load_param2
 .text.load_ddr_param
                0x000000003bc00e6e       0xae /root/.jenkins/workspace/v4.1.0_release_build/fsbl/build/cv1800b_wdmb_0008a_spinor/bl2/bl2_main.o
                0x000000003bc00e6e                load_ddr_param
 .text.load_ddr
                0x000000003bc00f1c       0xc6 /root/.jenkins/workspace/v4.1.0_release_build/fsbl/build/cv1800b_wdmb_0008a_spinor/bl2/bl2_main.o
                0x000000003bc00f1c                load_ddr
 .text.load_blcp_2nd
                0x000000003bc00fe2      0x164 /root/.jenkins/workspace/v4.1.0_release_build/fsbl/build/cv1800b_wdmb_0008a_spinor/bl2/bl2_main.o
                0x000000003bc00fe2                load_blcp_2nd
 .text.load_monitor
                0x000000003bc01146      0x126 /root/.jenkins/workspace/v4.1.0_release_build/fsbl/build/cv1800b_wdmb_0008a_spinor/bl2/bl2_main.o
                0x000000003bc01146                load_monitor
 .text.load_loader_2nd
                0x000000003bc0126c      0x208 /root/.jenkins/workspace/v4.1.0_release_build/fsbl/build/cv1800b_wdmb_0008a_spinor/bl2/bl2_main.o
                0x000000003bc0126c                load_loader_2nd
 .text.load_rest
                0x000000003bc01474       0xe6 /root/.jenkins/workspace/v4.1.0_release_build/fsbl/build/cv1800b_wdmb_0008a_spinor/bl2/bl2_main.o
                0x000000003bc01474                load_rest
 .text.bl2_main
                0x000000003bc0155a       0x9a /root/.jenkins/workspace/v4.1.0_release_build/fsbl/build/cv1800b_wdmb_0008a_spinor/bl2/bl2_main.o
                0x000000003bc0155a                bl2_main
 .text.SzFree   0x000000003bc015f4        0x2 /root/.jenkins/workspace/v4.1.0_release_build/fsbl/build/cv1800b_wdmb_0008a_spinor/bl2/decompress.o
 .text.SzAlloc  0x000000003bc015f6       0x42 /root/.jenkins/workspace/v4.1.0_release_build/fsbl/build/cv1800b_wdmb_0008a_spinor/bl2/decompress.o
 .text.decompress_lzma
                0x000000003bc01638       0xe8 /root/.jenkins/workspace/v4.1.0_release_build/fsbl/build/cv1800b_wdmb_0008a_spinor/bl2/decompress.o
                0x000000003bc01638                decompress_lzma
 .text.LZ4_malloc
                0x000000003bc01720        0x6 /root/.jenkins/workspace/v4.1.0_release_build/fsbl/build/cv1800b_wdmb_0008a_spinor/bl2/decompress.o
                0x000000003bc01720                LZ4_malloc
 .text.LZ4_calloc
                0x000000003bc01726       0x28 /root/.jenkins/workspace/v4.1.0_release_build/fsbl/build/cv1800b_wdmb_0008a_spinor/bl2/decompress.o
                0x000000003bc01726                LZ4_calloc
 .text.LZ4_free
                0x000000003bc0174e        0x2 /root/.jenkins/workspace/v4.1.0_release_build/fsbl/build/cv1800b_wdmb_0008a_spinor/bl2/decompress.o
                0x000000003bc0174e                LZ4_free
 .text.decompress_lz4
                0x000000003bc01750       0xae /root/.jenkins/workspace/v4.1.0_release_build/fsbl/build/cv1800b_wdmb_0008a_spinor/bl2/decompress.o
                0x000000003bc01750                decompress_lz4
 .text.decompress
                0x000000003bc017fe       0x7e /root/.jenkins/workspace/v4.1.0_release_build/fsbl/build/cv1800b_wdmb_0008a_spinor/bl2/decompress.o
                0x000000003bc017fe                decompress
 .text.DWC2_UncachedRead32
                0x000000003bc0187c        0x4 /root/.jenkins/workspace/v4.1.0_release_build/fsbl/build/cv1800b_wdmb_0008a_spinor/bl2/cps_cvi.o
                0x000000003bc0187c                DWC2_UncachedRead32
 .text.DWC2_UncachedWrite32
                0x000000003bc01880        0x4 /root/.jenkins/workspace/v4.1.0_release_build/fsbl/build/cv1800b_wdmb_0008a_spinor/bl2/cps_cvi.o
                0x000000003bc01880                DWC2_UncachedWrite32
 .text.resume   0x000000003bc01884        0x2 /root/.jenkins/workspace/v4.1.0_release_build/fsbl/build/cv1800b_wdmb_0008a_spinor/bl2/usb_tty.o
 .text.requestMemAlloc
                0x000000003bc01886       0x38 /root/.jenkins/workspace/v4.1.0_release_build/fsbl/build/cv1800b_wdmb_0008a_spinor/bl2/usb_tty.o
 .text.requestMemFree
                0x000000003bc018be        0x2 /root/.jenkins/workspace/v4.1.0_release_build/fsbl/build/cv1800b_wdmb_0008a_spinor/bl2/usb_tty.o
 .text.acm_complete_set_line_coding
                0x000000003bc018c0       0x1c /root/.jenkins/workspace/v4.1.0_release_build/fsbl/build/cv1800b_wdmb_0008a_spinor/bl2/usb_tty.o
 .text.reset    0x000000003bc018dc       0x14 /root/.jenkins/workspace/v4.1.0_release_build/fsbl/build/cv1800b_wdmb_0008a_spinor/bl2/usb_tty.o
 .text.disconnect
                0x000000003bc018f0       0x2e /root/.jenkins/workspace/v4.1.0_release_build/fsbl/build/cv1800b_wdmb_0008a_spinor/bl2/usb_tty.o
 .text.unbind   0x000000003bc0191e       0x26 /root/.jenkins/workspace/v4.1.0_release_build/fsbl/build/cv1800b_wdmb_0008a_spinor/bl2/usb_tty.o
 .text.bind     0x000000003bc01944       0x42 /root/.jenkins/workspace/v4.1.0_release_build/fsbl/build/cv1800b_wdmb_0008a_spinor/bl2/usb_tty.o
 .text.get_unicode_string
                0x000000003bc01986       0x52 /root/.jenkins/workspace/v4.1.0_release_build/fsbl/build/cv1800b_wdmb_0008a_spinor/bl2/usb_tty.o
 .text.bulkOutCmpl
                0x000000003bc019d8      0x234 /root/.jenkins/workspace/v4.1.0_release_build/fsbl/build/cv1800b_wdmb_0008a_spinor/bl2/usb_tty.o
 .text.getDescAcm
                0x000000003bc01c0c       0x5c /root/.jenkins/workspace/v4.1.0_release_build/fsbl/build/cv1800b_wdmb_0008a_spinor/bl2/usb_tty.o
 .text.reqComplete
                0x000000003bc01c68       0x2a /root/.jenkins/workspace/v4.1.0_release_build/fsbl/build/cv1800b_wdmb_0008a_spinor/bl2/usb_tty.o
 .text.bulkInCmpl
                0x000000003bc01c92       0x50 /root/.jenkins/workspace/v4.1.0_release_build/fsbl/build/cv1800b_wdmb_0008a_spinor/bl2/usb_tty.o
 .text.setup    0x000000003bc01ce2      0x43e /root/.jenkins/workspace/v4.1.0_release_build/fsbl/build/cv1800b_wdmb_0008a_spinor/bl2/usb_tty.o
 .text.suspend  0x000000003bc02120        0x2 /root/.jenkins/workspace/v4.1.0_release_build/fsbl/build/cv1800b_wdmb_0008a_spinor/bl2/usb_tty.o
 .text.convert_buf_addr
                0x000000003bc02122       0xa2 /root/.jenkins/workspace/v4.1.0_release_build/fsbl/build/cv1800b_wdmb_0008a_spinor/bl2/usb_tty.o
                0x000000003bc02122                convert_buf_addr
 .text.print_buf_addr
                0x000000003bc021c4       0xd0 /root/.jenkins/workspace/v4.1.0_release_build/fsbl/build/cv1800b_wdmb_0008a_spinor/bl2/usb_tty.o
                0x000000003bc021c4                print_buf_addr
 .text.AcmIsr   0x000000003bc02294        0x6 /root/.jenkins/workspace/v4.1.0_release_build/fsbl/build/cv1800b_wdmb_0008a_spinor/bl2/usb_tty.o
                0x000000003bc02294                AcmIsr
 .text.acm_app_init
                0x000000003bc0229a      0x138 /root/.jenkins/workspace/v4.1.0_release_build/fsbl/build/cv1800b_wdmb_0008a_spinor/bl2/usb_tty.o
                0x000000003bc0229a                acm_app_init
 .text.usb_vbus_det
                0x000000003bc023d2        0xc /root/.jenkins/workspace/v4.1.0_release_build/fsbl/build/cv1800b_wdmb_0008a_spinor/bl2/usb_tty.o
                0x000000003bc023d2                usb_vbus_det
 .text.get_usb_polling_timeout_value
                0x000000003bc023de       0x30 /root/.jenkins/workspace/v4.1.0_release_build/fsbl/build/cv1800b_wdmb_0008a_spinor/bl2/usb_tty.o
                0x000000003bc023de                get_usb_polling_timeout_value
 .text.AcmApp   0x000000003bc0240e      0x478 /root/.jenkins/workspace/v4.1.0_release_build/fsbl/build/cv1800b_wdmb_0008a_spinor/bl2/usb_tty.o
                0x000000003bc0240e                AcmApp
 .text.dwc2_fifo_status
                0x000000003bc02886       0x16 /root/.jenkins/workspace/v4.1.0_release_build/fsbl/build/cv1800b_wdmb_0008a_spinor/bl2/dwc2_udc_otg.o
 .text.dwc2_free_request
                0x000000003bc0289c       0x3a /root/.jenkins/workspace/v4.1.0_release_build/fsbl/build/cv1800b_wdmb_0008a_spinor/bl2/dwc2_udc_otg.o
 .text.pullup   0x000000003bc028d6       0x48 /root/.jenkins/workspace/v4.1.0_release_build/fsbl/build/cv1800b_wdmb_0008a_spinor/bl2/dwc2_udc_otg.o
 .text.dwc2_alloc_request
                0x000000003bc0291e       0x38 /root/.jenkins/workspace/v4.1.0_release_build/fsbl/build/cv1800b_wdmb_0008a_spinor/bl2/dwc2_udc_otg.o
 .text.dwc2_ep_enable
                0x000000003bc02956       0xa0 /root/.jenkins/workspace/v4.1.0_release_build/fsbl/build/cv1800b_wdmb_0008a_spinor/bl2/dwc2_udc_otg.o
 .text.dwc2_fifo_flush
                0x000000003bc029f6        0x2 /root/.jenkins/workspace/v4.1.0_release_build/fsbl/build/cv1800b_wdmb_0008a_spinor/bl2/dwc2_udc_otg.o
 .text.dwc2_log_write
                0x000000003bc029f8        0x2 /root/.jenkins/workspace/v4.1.0_release_build/fsbl/build/cv1800b_wdmb_0008a_spinor/bl2/dwc2_udc_otg.o
                0x000000003bc029f8                dwc2_log_write
 .text.dwc2_get_ep0_name
                0x000000003bc029fa        0xa /root/.jenkins/workspace/v4.1.0_release_build/fsbl/build/cv1800b_wdmb_0008a_spinor/bl2/dwc2_udc_otg.o
                0x000000003bc029fa                dwc2_get_ep0_name
 .text.udc_reinit
                0x000000003bc02a04       0x46 /root/.jenkins/workspace/v4.1.0_release_build/fsbl/build/cv1800b_wdmb_0008a_spinor/bl2/dwc2_udc_otg.o
                0x000000003bc02a04                udc_reinit
 .text.dwc2_done
                0x000000003bc02a4a       0x40 /root/.jenkins/workspace/v4.1.0_release_build/fsbl/build/cv1800b_wdmb_0008a_spinor/bl2/dwc2_udc_otg.o
                0x000000003bc02a4a                dwc2_done
 .text.dwc2_dequeue
                0x000000003bc02a8a       0x54 /root/.jenkins/workspace/v4.1.0_release_build/fsbl/build/cv1800b_wdmb_0008a_spinor/bl2/dwc2_udc_otg.o
 .text.dwc2_nuke
                0x000000003bc02ade       0x2e /root/.jenkins/workspace/v4.1.0_release_build/fsbl/build/cv1800b_wdmb_0008a_spinor/bl2/dwc2_udc_otg.o
                0x000000003bc02ade                dwc2_nuke
 .text.usb_gadget_unregister_driver
                0x000000003bc02b0c       0x9a /root/.jenkins/workspace/v4.1.0_release_build/fsbl/build/cv1800b_wdmb_0008a_spinor/bl2/dwc2_udc_otg.o
                0x000000003bc02b0c                usb_gadget_unregister_driver
 .text.dwc2_hsotg_set_bit
                0x000000003bc02ba6       0x22 /root/.jenkins/workspace/v4.1.0_release_build/fsbl/build/cv1800b_wdmb_0008a_spinor/bl2/dwc2_udc_otg.o
                0x000000003bc02ba6                dwc2_hsotg_set_bit
 .text.dwc2_hsotg_clear_bit
                0x000000003bc02bc8       0x24 /root/.jenkins/workspace/v4.1.0_release_build/fsbl/build/cv1800b_wdmb_0008a_spinor/bl2/dwc2_udc_otg.o
                0x000000003bc02bc8                dwc2_hsotg_clear_bit
 .text.wakeup   0x000000003bc02bec       0x3c /root/.jenkins/workspace/v4.1.0_release_build/fsbl/build/cv1800b_wdmb_0008a_spinor/bl2/dwc2_udc_otg.o
 .text.dwc2_hsotg_wait_bit_set
                0x000000003bc02c28       0x46 /root/.jenkins/workspace/v4.1.0_release_build/fsbl/build/cv1800b_wdmb_0008a_spinor/bl2/dwc2_udc_otg.o
                0x000000003bc02c28                dwc2_hsotg_wait_bit_set
 .text.dwc2_hsotg_txfifo_flush.constprop.0
                0x000000003bc02c6e       0x90 /root/.jenkins/workspace/v4.1.0_release_build/fsbl/build/cv1800b_wdmb_0008a_spinor/bl2/dwc2_udc_otg.o
 .text.kill_all_requests.isra.0
                0x000000003bc02cfe       0x5e /root/.jenkins/workspace/v4.1.0_release_build/fsbl/build/cv1800b_wdmb_0008a_spinor/bl2/dwc2_udc_otg.o
 .text.dwc2_disconnect
                0x000000003bc02d5c       0x56 /root/.jenkins/workspace/v4.1.0_release_build/fsbl/build/cv1800b_wdmb_0008a_spinor/bl2/dwc2_udc_otg.o
                0x000000003bc02d5c                dwc2_disconnect
 .text.dwc2_hsotg_init_fifo.constprop.0
                0x000000003bc02db2       0xda /root/.jenkins/workspace/v4.1.0_release_build/fsbl/build/cv1800b_wdmb_0008a_spinor/bl2/dwc2_udc_otg.o
 .text._dwc2_ep_disable.isra.0
                0x000000003bc02e8c      0x1a6 /root/.jenkins/workspace/v4.1.0_release_build/fsbl/build/cv1800b_wdmb_0008a_spinor/bl2/dwc2_udc_otg.o
 .text.dwc2_ep_disable
                0x000000003bc03032       0x20 /root/.jenkins/workspace/v4.1.0_release_build/fsbl/build/cv1800b_wdmb_0008a_spinor/bl2/dwc2_udc_otg.o
 .text.dwc2_reconfig_usbd
                0x000000003bc03052      0x28c /root/.jenkins/workspace/v4.1.0_release_build/fsbl/build/cv1800b_wdmb_0008a_spinor/bl2/dwc2_udc_otg.o
                0x000000003bc03052                dwc2_reconfig_usbd
 .text.usb_gadget_register_driver
                0x000000003bc032de      0x156 /root/.jenkins/workspace/v4.1.0_release_build/fsbl/build/cv1800b_wdmb_0008a_spinor/bl2/dwc2_udc_otg.o
                0x000000003bc032de                usb_gadget_register_driver
 .text.dwc2_phy_to_log_ep
                0x000000003bc03434       0x12 /root/.jenkins/workspace/v4.1.0_release_build/fsbl/build/cv1800b_wdmb_0008a_spinor/bl2/dwc2_udc_otg.o
                0x000000003bc03434                dwc2_phy_to_log_ep
 .text.dwc2_udc_probe
                0x000000003bc03446      0x150 /root/.jenkins/workspace/v4.1.0_release_build/fsbl/build/cv1800b_wdmb_0008a_spinor/bl2/dwc2_udc_otg.o
                0x000000003bc03446                dwc2_udc_probe
 .text.usb_gadget_handle_interrupts
                0x000000003bc03596       0x4c /root/.jenkins/workspace/v4.1.0_release_build/fsbl/build/cv1800b_wdmb_0008a_spinor/bl2/dwc2_udc_otg.o
                0x000000003bc03596                usb_gadget_handle_interrupts
 .text.set_max_pktsize
                0x000000003bc035e2       0x8e /root/.jenkins/workspace/v4.1.0_release_build/fsbl/build/cv1800b_wdmb_0008a_spinor/bl2/dwc2_udc_otg_xfer_dma.o
 .text.dwc2_udc_ep_clear_stall
                0x000000003bc03670       0x5e /root/.jenkins/workspace/v4.1.0_release_build/fsbl/build/cv1800b_wdmb_0008a_spinor/bl2/dwc2_udc_otg_xfer_dma.o
 .text.dwc2_udc_ep_set_stall
                0x000000003bc036ce       0x60 /root/.jenkins/workspace/v4.1.0_release_build/fsbl/build/cv1800b_wdmb_0008a_spinor/bl2/dwc2_udc_otg_xfer_dma.o
 .text.dwc2_ep0_complete_out
                0x000000003bc0372e       0x80 /root/.jenkins/workspace/v4.1.0_release_build/fsbl/build/cv1800b_wdmb_0008a_spinor/bl2/dwc2_udc_otg_xfer_dma.o
 .text.dwc2_udc_ep0_zlp
                0x000000003bc037ae       0x7e /root/.jenkins/workspace/v4.1.0_release_build/fsbl/build/cv1800b_wdmb_0008a_spinor/bl2/dwc2_udc_otg_xfer_dma.o
 .text.dwc2_udc_ep0_set_stall.isra.0
                0x000000003bc0382c       0x68 /root/.jenkins/workspace/v4.1.0_release_build/fsbl/build/cv1800b_wdmb_0008a_spinor/bl2/dwc2_udc_otg_xfer_dma.o
 .text.setdma_rx.isra.0
                0x000000003bc03894       0xa0 /root/.jenkins/workspace/v4.1.0_release_build/fsbl/build/cv1800b_wdmb_0008a_spinor/bl2/dwc2_udc_otg_xfer_dma.o
 .text.complete_rx
                0x000000003bc03934       0xf0 /root/.jenkins/workspace/v4.1.0_release_build/fsbl/build/cv1800b_wdmb_0008a_spinor/bl2/dwc2_udc_otg_xfer_dma.o
 .text.dwc2_udc_pre_setup
                0x000000003bc03a24       0x16 /root/.jenkins/workspace/v4.1.0_release_build/fsbl/build/cv1800b_wdmb_0008a_spinor/bl2/dwc2_udc_otg_xfer_dma.o
                0x000000003bc03a24                dwc2_udc_pre_setup
 .text.dwc2_ep_fifo_write
                0x000000003bc03a3a       0x44 /root/.jenkins/workspace/v4.1.0_release_build/fsbl/build/cv1800b_wdmb_0008a_spinor/bl2/dwc2_udc_otg_xfer_dma.o
                0x000000003bc03a3a                dwc2_ep_fifo_write
 .text.setdma_tx
                0x000000003bc03a7e      0x150 /root/.jenkins/workspace/v4.1.0_release_build/fsbl/build/cv1800b_wdmb_0008a_spinor/bl2/dwc2_udc_otg_xfer_dma.o
 .text.dwc2_ep_fifo_read
                0x000000003bc03bce       0x44 /root/.jenkins/workspace/v4.1.0_release_build/fsbl/build/cv1800b_wdmb_0008a_spinor/bl2/dwc2_udc_otg_xfer_dma.o
                0x000000003bc03bce                dwc2_ep_fifo_read
 .text.dwc2_write_fifo_ep0
                0x000000003bc03c12       0x4c /root/.jenkins/workspace/v4.1.0_release_build/fsbl/build/cv1800b_wdmb_0008a_spinor/bl2/dwc2_udc_otg_xfer_dma.o
                0x000000003bc03c12                dwc2_write_fifo_ep0
 .text.dwc2_set_address
                0x000000003bc03c5e       0x48 /root/.jenkins/workspace/v4.1.0_release_build/fsbl/build/cv1800b_wdmb_0008a_spinor/bl2/dwc2_udc_otg_xfer_dma.o
                0x000000003bc03c5e                dwc2_set_address
 .text.dwc2_ep0_read
                0x000000003bc03ca6       0x28 /root/.jenkins/workspace/v4.1.0_release_build/fsbl/build/cv1800b_wdmb_0008a_spinor/bl2/dwc2_udc_otg_xfer_dma.o
                0x000000003bc03ca6                dwc2_ep0_read
 .text.dwc2_ep0_write
                0x000000003bc03cce       0x40 /root/.jenkins/workspace/v4.1.0_release_build/fsbl/build/cv1800b_wdmb_0008a_spinor/bl2/dwc2_udc_otg_xfer_dma.o
                0x000000003bc03cce                dwc2_ep0_write
 .text.dwc2_udc_set_nak
                0x000000003bc03d0e       0x40 /root/.jenkins/workspace/v4.1.0_release_build/fsbl/build/cv1800b_wdmb_0008a_spinor/bl2/dwc2_udc_otg_xfer_dma.o
                0x000000003bc03d0e                dwc2_udc_set_nak
 .text.dwc2_udc_set_halt
                0x000000003bc03d4e       0x62 /root/.jenkins/workspace/v4.1.0_release_build/fsbl/build/cv1800b_wdmb_0008a_spinor/bl2/dwc2_udc_otg_xfer_dma.o
                0x000000003bc03d4e                dwc2_udc_set_halt
 .text.dwc2_udc_ep_activate
                0x000000003bc03db0       0xb2 /root/.jenkins/workspace/v4.1.0_release_build/fsbl/build/cv1800b_wdmb_0008a_spinor/bl2/dwc2_udc_otg_xfer_dma.o
                0x000000003bc03db0                dwc2_udc_ep_activate
 .text.dwc2_handle_ep0
                0x000000003bc03e62      0x346 /root/.jenkins/workspace/v4.1.0_release_build/fsbl/build/cv1800b_wdmb_0008a_spinor/bl2/dwc2_udc_otg_xfer_dma.o
                0x000000003bc03e62                dwc2_handle_ep0
 .text.dwc2_udc_irq
                0x000000003bc041a8      0x532 /root/.jenkins/workspace/v4.1.0_release_build/fsbl/build/cv1800b_wdmb_0008a_spinor/bl2/dwc2_udc_otg_xfer_dma.o
                0x000000003bc041a8                dwc2_udc_irq
 .text.dwc2_ep0_kick
                0x000000003bc046da       0x18 /root/.jenkins/workspace/v4.1.0_release_build/fsbl/build/cv1800b_wdmb_0008a_spinor/bl2/dwc2_udc_otg_xfer_dma.o
                0x000000003bc046da                dwc2_ep0_kick
 .text.dwc2_queue
                0x000000003bc046f2       0xd8 /root/.jenkins/workspace/v4.1.0_release_build/fsbl/build/cv1800b_wdmb_0008a_spinor/bl2/dwc2_udc_otg_xfer_dma.o
                0x000000003bc046f2                dwc2_queue
 .text.usb_polling
                0x000000003bc047ca       0x40 /root/.jenkins/workspace/v4.1.0_release_build/fsbl/build/cv1800b_wdmb_0008a_spinor/bl2/cv_usb.o
                0x000000003bc047ca                usb_polling
 .text.crc16_ccitt
                0x000000003bc0480a       0x34 /root/.jenkins/workspace/v4.1.0_release_build/fsbl/build/cv1800b_wdmb_0008a_spinor/bl2/crc16.o
                0x000000003bc0480a                crc16_ccitt
 .text.LzmaDec_WriteRem
                0x000000003bc0483e       0x72 /root/.jenkins/workspace/v4.1.0_release_build/fsbl/build/cv1800b_wdmb_0008a_spinor/bl2/LzmaDec.o
 .text.LzmaDec_DecodeReal2
                0x000000003bc048b0     0x13a6 /root/.jenkins/workspace/v4.1.0_release_build/fsbl/build/cv1800b_wdmb_0008a_spinor/bl2/LzmaDec.o
 .text.LzmaDec_TryDummy
                0x000000003bc05c56      0x502 /root/.jenkins/workspace/v4.1.0_release_build/fsbl/build/cv1800b_wdmb_0008a_spinor/bl2/LzmaDec.o
 .text.LzmaDec_Init
                0x000000003bc06158       0x14 /root/.jenkins/workspace/v4.1.0_release_build/fsbl/build/cv1800b_wdmb_0008a_spinor/bl2/LzmaDec.o
                0x000000003bc06158                LzmaDec_Init
 .text.LzmaDec_DecodeToDic
                0x000000003bc0616c      0x27c /root/.jenkins/workspace/v4.1.0_release_build/fsbl/build/cv1800b_wdmb_0008a_spinor/bl2/LzmaDec.o
                0x000000003bc0616c                LzmaDec_DecodeToDic
 .text.LzmaDec_FreeProbs
                0x000000003bc063e8       0x1c /root/.jenkins/workspace/v4.1.0_release_build/fsbl/build/cv1800b_wdmb_0008a_spinor/bl2/LzmaDec.o
                0x000000003bc063e8                LzmaDec_FreeProbs
 .text.LzmaDec_AllocateProbs2.isra.0
                0x000000003bc06404       0x62 /root/.jenkins/workspace/v4.1.0_release_build/fsbl/build/cv1800b_wdmb_0008a_spinor/bl2/LzmaDec.o
 .text.LzmaProps_Decode
                0x000000003bc06466       0x4a /root/.jenkins/workspace/v4.1.0_release_build/fsbl/build/cv1800b_wdmb_0008a_spinor/bl2/LzmaDec.o
                0x000000003bc06466                LzmaProps_Decode
 .text.LzmaDec_AllocateProbs
                0x000000003bc064b0       0x30 /root/.jenkins/workspace/v4.1.0_release_build/fsbl/build/cv1800b_wdmb_0008a_spinor/bl2/LzmaDec.o
                0x000000003bc064b0                LzmaDec_AllocateProbs
 .text.LzmaDecode
                0x000000003bc064e0       0xaa /root/.jenkins/workspace/v4.1.0_release_build/fsbl/build/cv1800b_wdmb_0008a_spinor/bl2/LzmaDec.o
                0x000000003bc064e0                LzmaDecode
 .text.LZ4F_readLE32
                0x000000003bc0658a       0x24 /root/.jenkins/workspace/v4.1.0_release_build/fsbl/build/cv1800b_wdmb_0008a_spinor/bl2/lz4_all.o
 .text.LZ4_decompress_safe_withSmallPrefix
                0x000000003bc065ae      0x276 /root/.jenkins/workspace/v4.1.0_release_build/fsbl/build/cv1800b_wdmb_0008a_spinor/bl2/lz4_all.o
 .text.LZ4F_updateDict
                0x000000003bc06824      0x108 /root/.jenkins/workspace/v4.1.0_release_build/fsbl/build/cv1800b_wdmb_0008a_spinor/bl2/lz4_all.o
 .text.LZ4_decompress_safe
                0x000000003bc0692c      0x26e /root/.jenkins/workspace/v4.1.0_release_build/fsbl/build/cv1800b_wdmb_0008a_spinor/bl2/lz4_all.o
                0x000000003bc0692c                LZ4_decompress_safe
 .text.LZ4_decompress_safe_withPrefix64k
                0x000000003bc06b9a      0x26a /root/.jenkins/workspace/v4.1.0_release_build/fsbl/build/cv1800b_wdmb_0008a_spinor/bl2/lz4_all.o
                0x000000003bc06b9a                LZ4_decompress_safe_withPrefix64k
 .text.LZ4_decompress_safe_forceExtDict
                0x000000003bc06e04      0x316 /root/.jenkins/workspace/v4.1.0_release_build/fsbl/build/cv1800b_wdmb_0008a_spinor/bl2/lz4_all.o
                0x000000003bc06e04                LZ4_decompress_safe_forceExtDict
 .text.LZ4_decompress_safe_usingDict
                0x000000003bc0711a       0x26 /root/.jenkins/workspace/v4.1.0_release_build/fsbl/build/cv1800b_wdmb_0008a_spinor/bl2/lz4_all.o
                0x000000003bc0711a                LZ4_decompress_safe_usingDict
 .text.LZ4F_isError
                0x000000003bc07140        0xc /root/.jenkins/workspace/v4.1.0_release_build/fsbl/build/cv1800b_wdmb_0008a_spinor/bl2/lz4_all.o
                0x000000003bc07140                LZ4F_isError
 .text.LZ4F_getBlockSize
                0x000000003bc0714c       0x1e /root/.jenkins/workspace/v4.1.0_release_build/fsbl/build/cv1800b_wdmb_0008a_spinor/bl2/lz4_all.o
                0x000000003bc0714c                LZ4F_getBlockSize
 .text.LZ4F_decodeHeader
                0x000000003bc0716a      0x1a2 /root/.jenkins/workspace/v4.1.0_release_build/fsbl/build/cv1800b_wdmb_0008a_spinor/bl2/lz4_all.o
 .text.LZ4F_createDecompressionContext
                0x000000003bc0730c       0x30 /root/.jenkins/workspace/v4.1.0_release_build/fsbl/build/cv1800b_wdmb_0008a_spinor/bl2/lz4_all.o
                0x000000003bc0730c                LZ4F_createDecompressionContext
 .text.LZ4F_decompress
                0x000000003bc0733c      0x7a8 /root/.jenkins/workspace/v4.1.0_release_build/fsbl/build/cv1800b_wdmb_0008a_spinor/bl2/lz4_all.o
                0x000000003bc0733c                LZ4F_decompress
 .text.XXH32_avalanche
                0x000000003bc07ae4       0x2e /root/.jenkins/workspace/v4.1.0_release_build/fsbl/build/cv1800b_wdmb_0008a_spinor/bl2/xxhash.o
 .text.XXH_read32
                0x000000003bc07b12       0x16 /root/.jenkins/workspace/v4.1.0_release_build/fsbl/build/cv1800b_wdmb_0008a_spinor/bl2/xxhash.o
 .text.XXH32_finalize.constprop.0
                0x000000003bc07b28      0x33a /root/.jenkins/workspace/v4.1.0_release_build/fsbl/build/cv1800b_wdmb_0008a_spinor/bl2/xxhash.o
 .text.XXH32    0x000000003bc07e62      0x1c6 /root/.jenkins/workspace/v4.1.0_release_build/fsbl/build/cv1800b_wdmb_0008a_spinor/bl2/xxhash.o
                0x000000003bc07e62                XXH32
 .text.XXH32_reset
                0x000000003bc08028       0x56 /root/.jenkins/workspace/v4.1.0_release_build/fsbl/build/cv1800b_wdmb_0008a_spinor/bl2/xxhash.o
                0x000000003bc08028                XXH32_reset
 .text.XXH32_update
                0x000000003bc0807e      0x1d0 /root/.jenkins/workspace/v4.1.0_release_build/fsbl/build/cv1800b_wdmb_0008a_spinor/bl2/xxhash.o
                0x000000003bc0807e                XXH32_update
 .text.XXH32_digest
                0x000000003bc0824e       0x40 /root/.jenkins/workspace/v4.1.0_release_build/fsbl/build/cv1800b_wdmb_0008a_spinor/bl2/xxhash.o
                0x000000003bc0824e                XXH32_digest
 .text.ddr_init
                0x000000003bc0828e       0x34 /root/.jenkins/workspace/v4.1.0_release_build/fsbl/build/cv1800b_wdmb_0008a_spinor/bl2/ddr.o
                0x000000003bc0828e                ddr_init
 .text.read_ddr_pkg_info
                0x000000003bc082c2      0x22c /root/.jenkins/workspace/v4.1.0_release_build/fsbl/build/cv1800b_wdmb_0008a_spinor/bl2/ddr_pkg_info.o
                0x000000003bc082c2                read_ddr_pkg_info
 .text.get_ddr_vendor
                0x000000003bc084ee        0xa /root/.jenkins/workspace/v4.1.0_release_build/fsbl/build/cv1800b_wdmb_0008a_spinor/bl2/ddr_pkg_info.o
                0x000000003bc084ee                get_ddr_vendor
 .text.axi_mon_start_all
                0x000000003bc084f8       0x50 /root/.jenkins/workspace/v4.1.0_release_build/fsbl/build/cv1800b_wdmb_0008a_spinor/bl2/ddr_sys_bring_up.o
                0x000000003bc084f8                axi_mon_start_all
 .text.ddr_sys_bring_up
                0x000000003bc08548      0x218 /root/.jenkins/workspace/v4.1.0_release_build/fsbl/build/cv1800b_wdmb_0008a_spinor/bl2/ddr_sys_bring_up.o
                0x000000003bc08548                ddr_sys_bring_up
 .text.cvx16_bist_wr_prbs_init
                0x000000003bc08760       0x4e /root/.jenkins/workspace/v4.1.0_release_build/fsbl/build/cv1800b_wdmb_0008a_spinor/bl2/ddr_sys.o
                0x000000003bc08760                cvx16_bist_wr_prbs_init
 .text.cvx16_bist_wr_sram_init
                0x000000003bc087ae       0x60 /root/.jenkins/workspace/v4.1.0_release_build/fsbl/build/cv1800b_wdmb_0008a_spinor/bl2/ddr_sys.o
                0x000000003bc087ae                cvx16_bist_wr_sram_init
 .text.cvx16_bist_rdglvl_init
                0x000000003bc0880e       0x46 /root/.jenkins/workspace/v4.1.0_release_build/fsbl/build/cv1800b_wdmb_0008a_spinor/bl2/ddr_sys.o
                0x000000003bc0880e                cvx16_bist_rdglvl_init
 .text.cvx16_bist_rdlvl_init
                0x000000003bc08854       0xe6 /root/.jenkins/workspace/v4.1.0_release_build/fsbl/build/cv1800b_wdmb_0008a_spinor/bl2/ddr_sys.o
                0x000000003bc08854                cvx16_bist_rdlvl_init
 .text.cvx16_bist_wdqlvl_init
                0x000000003bc0893a       0xb0 /root/.jenkins/workspace/v4.1.0_release_build/fsbl/build/cv1800b_wdmb_0008a_spinor/bl2/ddr_sys.o
                0x000000003bc0893a                cvx16_bist_wdqlvl_init
 .text.cvx16_bist_wdmlvl_init
                0x000000003bc089ea       0x60 /root/.jenkins/workspace/v4.1.0_release_build/fsbl/build/cv1800b_wdmb_0008a_spinor/bl2/ddr_sys.o
                0x000000003bc089ea                cvx16_bist_wdmlvl_init
 .text.cvx16_bist_start_check
                0x000000003bc08a4a       0x68 /root/.jenkins/workspace/v4.1.0_release_build/fsbl/build/cv1800b_wdmb_0008a_spinor/bl2/ddr_sys.o
                0x000000003bc08a4a                cvx16_bist_start_check
 .text.cvx16_rdvld_train
                0x000000003bc08ab2       0x9e /root/.jenkins/workspace/v4.1.0_release_build/fsbl/build/cv1800b_wdmb_0008a_spinor/bl2/ddr_sys.o
                0x000000003bc08ab2                cvx16_rdvld_train
 .text.cvx16_dll_cal
                0x000000003bc08b50       0x5c /root/.jenkins/workspace/v4.1.0_release_build/fsbl/build/cv1800b_wdmb_0008a_spinor/bl2/ddr_sys.o
                0x000000003bc08b50                cvx16_dll_cal
 .text.cvx16_clk_normal
                0x000000003bc08bac       0x58 /root/.jenkins/workspace/v4.1.0_release_build/fsbl/build/cv1800b_wdmb_0008a_spinor/bl2/ddr_sys.o
                0x000000003bc08bac                cvx16_clk_normal
 .text.cvx16_clk_div2
                0x000000003bc08c04       0x16 /root/.jenkins/workspace/v4.1.0_release_build/fsbl/build/cv1800b_wdmb_0008a_spinor/bl2/ddr_sys.o
                0x000000003bc08c04                cvx16_clk_div2
 .text.cvx16_clk_div40
                0x000000003bc08c1a       0x16 /root/.jenkins/workspace/v4.1.0_release_build/fsbl/build/cv1800b_wdmb_0008a_spinor/bl2/ddr_sys.o
                0x000000003bc08c1a                cvx16_clk_div40
 .text.cvx16_chg_pll_freq
                0x000000003bc08c30       0xf2 /root/.jenkins/workspace/v4.1.0_release_build/fsbl/build/cv1800b_wdmb_0008a_spinor/bl2/ddr_sys.o
                0x000000003bc08c30                cvx16_chg_pll_freq
 .text.cvx16_ddr_phy_power_on_seq1
                0x000000003bc08d22       0x42 /root/.jenkins/workspace/v4.1.0_release_build/fsbl/build/cv1800b_wdmb_0008a_spinor/bl2/ddr_sys.o
                0x000000003bc08d22                cvx16_ddr_phy_power_on_seq1
 .text.cvx16_ddr_phy_power_on_seq2
                0x000000003bc08d64       0x46 /root/.jenkins/workspace/v4.1.0_release_build/fsbl/build/cv1800b_wdmb_0008a_spinor/bl2/ddr_sys.o
                0x000000003bc08d64                cvx16_ddr_phy_power_on_seq2
 .text.cvx16_ddr_phy_power_on_seq3
                0x000000003bc08daa       0x38 /root/.jenkins/workspace/v4.1.0_release_build/fsbl/build/cv1800b_wdmb_0008a_spinor/bl2/ddr_sys.o
                0x000000003bc08daa                cvx16_ddr_phy_power_on_seq3
 .text.cvx16_wait_for_dfi_init_complete
                0x000000003bc08de2       0x34 /root/.jenkins/workspace/v4.1.0_release_build/fsbl/build/cv1800b_wdmb_0008a_spinor/bl2/ddr_sys.o
                0x000000003bc08de2                cvx16_wait_for_dfi_init_complete
 .text.cvx16_polling_dfi_init_start
                0x000000003bc08e16       0x18 /root/.jenkins/workspace/v4.1.0_release_build/fsbl/build/cv1800b_wdmb_0008a_spinor/bl2/ddr_sys.o
                0x000000003bc08e16                cvx16_polling_dfi_init_start
 .text.cvx16_set_dfi_init_complete
                0x000000003bc08e2e       0x28 /root/.jenkins/workspace/v4.1.0_release_build/fsbl/build/cv1800b_wdmb_0008a_spinor/bl2/ddr_sys.o
                0x000000003bc08e2e                cvx16_set_dfi_init_complete
 .text.cvx16_INT_ISR_08
                0x000000003bc08e56       0x2c /root/.jenkins/workspace/v4.1.0_release_build/fsbl/build/cv1800b_wdmb_0008a_spinor/bl2/ddr_sys.o
                0x000000003bc08e56                cvx16_INT_ISR_08
 .text.cvx16_polling_synp_normal_mode
                0x000000003bc08e82       0x1a /root/.jenkins/workspace/v4.1.0_release_build/fsbl/build/cv1800b_wdmb_0008a_spinor/bl2/ddr_sys.o
                0x000000003bc08e82                cvx16_polling_synp_normal_mode
 .text.cvx16_dfi_ca_park_prbs
                0x000000003bc08e9c       0x66 /root/.jenkins/workspace/v4.1.0_release_build/fsbl/build/cv1800b_wdmb_0008a_spinor/bl2/ddr_sys.o
                0x000000003bc08e9c                cvx16_dfi_ca_park_prbs
 .text.cvx16_wrlvl_req
                0x000000003bc08f02        0x2 /root/.jenkins/workspace/v4.1.0_release_build/fsbl/build/cv1800b_wdmb_0008a_spinor/bl2/ddr_sys.o
                0x000000003bc08f02                cvx16_wrlvl_req
 .text.cvx16_setting_check
                0x000000003bc08f04       0x20 /root/.jenkins/workspace/v4.1.0_release_build/fsbl/build/cv1800b_wdmb_0008a_spinor/bl2/ddr_sys.o
                0x000000003bc08f04                cvx16_setting_check
 .text.cvx16_set_dfi_init_start
                0x000000003bc08f24       0x24 /root/.jenkins/workspace/v4.1.0_release_build/fsbl/build/cv1800b_wdmb_0008a_spinor/bl2/ddr_sys.o
                0x000000003bc08f24                cvx16_set_dfi_init_start
 .text.cvx16_pll_init
                0x000000003bc08f48       0x90 /root/.jenkins/workspace/v4.1.0_release_build/fsbl/build/cv1800b_wdmb_0008a_spinor/bl2/ddr_sys.o
                0x000000003bc08f48                cvx16_pll_init
 .text.cvx16_clk_gating_disable
                0x000000003bc08fd8       0x46 /root/.jenkins/workspace/v4.1.0_release_build/fsbl/build/cv1800b_wdmb_0008a_spinor/bl2/ddr_sys.o
                0x000000003bc08fd8                cvx16_clk_gating_disable
 .text.cvx16_clk_gating_enable
                0x000000003bc0901e       0x6c /root/.jenkins/workspace/v4.1.0_release_build/fsbl/build/cv1800b_wdmb_0008a_spinor/bl2/ddr_sys.o
                0x000000003bc0901e                cvx16_clk_gating_enable
 .text.cvx16_rdglvl_req
                0x000000003bc0908a       0xbc /root/.jenkins/workspace/v4.1.0_release_build/fsbl/build/cv1800b_wdmb_0008a_spinor/bl2/ddr_sys.o
                0x000000003bc0908a                cvx16_rdglvl_req
 .text.cvx16_rdlvl_req
                0x000000003bc09146      0x156 /root/.jenkins/workspace/v4.1.0_release_build/fsbl/build/cv1800b_wdmb_0008a_spinor/bl2/ddr_sys.o
                0x000000003bc09146                cvx16_rdlvl_req
 .text.cvx16_wdqlvl_req
                0x000000003bc0929c      0x172 /root/.jenkins/workspace/v4.1.0_release_build/fsbl/build/cv1800b_wdmb_0008a_spinor/bl2/ddr_sys.o
                0x000000003bc0929c                cvx16_wdqlvl_req
 .text.cvx16_en_rec_vol_mode
                0x000000003bc0940e       0x1a /root/.jenkins/workspace/v4.1.0_release_build/fsbl/build/cv1800b_wdmb_0008a_spinor/bl2/ddr_sys.o
                0x000000003bc0940e                cvx16_en_rec_vol_mode
 .text.ctrl_init_detect_dram_size
                0x000000003bc09428       0x22 /root/.jenkins/workspace/v4.1.0_release_build/fsbl/build/cv1800b_wdmb_0008a_spinor/bl2/ddr_sys.o
                0x000000003bc09428                ctrl_init_detect_dram_size
 .text.pll_init
                0x000000003bc0944a       0x84 /root/.jenkins/workspace/v4.1.0_release_build/fsbl/build/cv1800b_wdmb_0008a_spinor/bl2/phy_pll_init.o
                0x000000003bc0944a                pll_init
 .text.cvx16_pinmux
                0x000000003bc094ce      0x33a /root/.jenkins/workspace/v4.1.0_release_build/fsbl/build/cv1800b_wdmb_0008a_spinor/bl2/cvx16_pinmux.o
                0x000000003bc094ce                cvx16_pinmux
 .text.cvx16_dram_cap_check
                0x000000003bc09808        0x2 /root/.jenkins/workspace/v4.1.0_release_build/fsbl/build/cv1800b_wdmb_0008a_spinor/bl2/cvx16_dram_cap_check.o
                0x000000003bc09808                cvx16_dram_cap_check
 .text.ddrc_init
                0x000000003bc0980a      0x1fe /root/.jenkins/workspace/v4.1.0_release_build/fsbl/build/cv1800b_wdmb_0008a_spinor/bl2/ddrc_init.o
                0x000000003bc0980a                ddrc_init
 .text.ctrl_init_high_patch
                0x000000003bc09a08       0x2e /root/.jenkins/workspace/v4.1.0_release_build/fsbl/build/cv1800b_wdmb_0008a_spinor/bl2/ddrc_init.o
                0x000000003bc09a08                ctrl_init_high_patch
 .text.ctrl_init_low_patch
                0x000000003bc09a36       0x2e /root/.jenkins/workspace/v4.1.0_release_build/fsbl/build/cv1800b_wdmb_0008a_spinor/bl2/ddrc_init.o
                0x000000003bc09a36                ctrl_init_low_patch
 .text.ctrl_init_update_by_dram_size
                0x000000003bc09a64      0x21a /root/.jenkins/workspace/v4.1.0_release_build/fsbl/build/cv1800b_wdmb_0008a_spinor/bl2/ddrc_init.o
                0x000000003bc09a64                ctrl_init_update_by_dram_size
 .text.phy_init
                0x000000003bc09c7e      0x3da /root/.jenkins/workspace/v4.1.0_release_build/fsbl/build/cv1800b_wdmb_0008a_spinor/bl2/phy_init.o
                0x000000003bc09c7e                phy_init
 *(.rodata*)
 *fill*         0x000000003bc0a058        0x0 
 .rodata.build_message
                0x000000003bc0a058       0x1a /root/.jenkins/workspace/v4.1.0_release_build/fsbl/build/cv1800b_wdmb_0008a_spinor/bl2/build_message.o
                0x000000003bc0a058                build_message
 *fill*         0x000000003bc0a072        0x6 
 .rodata.version_string
                0x000000003bc0a078       0x10 /root/.jenkins/workspace/v4.1.0_release_build/fsbl/build/cv1800b_wdmb_0008a_spinor/bl2/build_message.o
                0x000000003bc0a078                version_string
 .rodata.jump_to_monitor.str1.8
                0x000000003bc0a088       0x26 /root/.jenkins/workspace/v4.1.0_release_build/fsbl/build/cv1800b_wdmb_0008a_spinor/bl2/bl2_helper.o
 *fill*         0x000000003bc0a0ae        0x2 
 .rodata.tf_printf.str1.8
                0x000000003bc0a0b0        0x3 /root/.jenkins/workspace/v4.1.0_release_build/fsbl/build/cv1800b_wdmb_0008a_spinor/bl2/tf_printf.o
 *fill*         0x000000003bc0a0b3        0x1 
 .rodata.tf_printf
                0x000000003bc0a0b4       0x5c /root/.jenkins/workspace/v4.1.0_release_build/fsbl/build/cv1800b_wdmb_0008a_spinor/bl2/tf_printf.o
 .rodata.__system_reset.str1.8
                0x000000003bc0a110       0x12 /root/.jenkins/workspace/v4.1.0_release_build/fsbl/build/cv1800b_wdmb_0008a_spinor/bl2/platform.o
 *fill*         0x000000003bc0a122        0x6 
 .rodata.panic_handler.str1.8
                0x000000003bc0a128       0x16 /root/.jenkins/workspace/v4.1.0_release_build/fsbl/build/cv1800b_wdmb_0008a_spinor/bl2/platform.o
 *fill*         0x000000003bc0a13e        0x2 
 .rodata.reset_c906l.str1.8
                0x000000003bc0a140        0x8 /root/.jenkins/workspace/v4.1.0_release_build/fsbl/build/cv1800b_wdmb_0008a_spinor/bl2/platform.o
 .rodata.sys_pll_nd.str1.8
                0x000000003bc0a148        0x9 /root/.jenkins/workspace/v4.1.0_release_build/fsbl/build/cv1800b_wdmb_0008a_spinor/bl2/platform.o
 *fill*         0x000000003bc0a151        0x7 
 .rodata.sys_pll_init.str1.8
                0x000000003bc0a158        0x9 /root/.jenkins/workspace/v4.1.0_release_build/fsbl/build/cv1800b_wdmb_0008a_spinor/bl2/platform.o
 *fill*         0x000000003bc0a161        0x7 
 .rodata.switch_rtc_mode_2nd_stage.str1.8
                0x000000003bc0a168       0x14 /root/.jenkins/workspace/v4.1.0_release_build/fsbl/build/cv1800b_wdmb_0008a_spinor/bl2/platform.o
 *fill*         0x000000003bc0a17c        0x4 
 .rodata.set_rtc_en_registers.str1.8
                0x000000003bc0a180       0x2c /root/.jenkins/workspace/v4.1.0_release_build/fsbl/build/cv1800b_wdmb_0008a_spinor/bl2/platform.o
 *fill*         0x000000003bc0a1ac        0x4 
 .rodata.cst8   0x000000003bc0a1b0       0x28 /root/.jenkins/workspace/v4.1.0_release_build/fsbl/build/cv1800b_wdmb_0008a_spinor/bl2/platform.o
 .rodata.efuse_wait_idle.str1.8
                0x000000003bc0a1d8       0x15 /root/.jenkins/workspace/v4.1.0_release_build/fsbl/build/cv1800b_wdmb_0008a_spinor/bl2/security.o
 *fill*         0x000000003bc0a1ed        0x3 
 .rodata.hex2ascii_data
                0x000000003bc0a1f0       0x25 /root/.jenkins/workspace/v4.1.0_release_build/fsbl/build/cv1800b_wdmb_0008a_spinor/bl2/misc.o
                0x000000003bc0a1f0                hex2ascii_data
 *fill*         0x000000003bc0a215        0x3 
 .rodata.cst8   0x000000003bc0a218        0x8 /root/.jenkins/workspace/v4.1.0_release_build/fsbl/build/cv1800b_wdmb_0008a_spinor/bl2/mem.o
 .rodata.lock_efuse_chipsn.str1.8
                0x000000003bc0a220       0x70 /root/.jenkins/workspace/v4.1.0_release_build/fsbl/build/cv1800b_wdmb_0008a_spinor/bl2/bl2_main.o
 .rodata.load_image_by_usb.str1.8
                0x000000003bc0a290       0x1a /root/.jenkins/workspace/v4.1.0_release_build/fsbl/build/cv1800b_wdmb_0008a_spinor/bl2/bl2_main.o
 *fill*         0x000000003bc0a2aa        0x6 
 .rodata.load_param2.str1.8
                0x000000003bc0a2b0       0x58 /root/.jenkins/workspace/v4.1.0_release_build/fsbl/build/cv1800b_wdmb_0008a_spinor/bl2/bl2_main.o
 .rodata.load_ddr_param.str1.8
                0x000000003bc0a308       0x48 /root/.jenkins/workspace/v4.1.0_release_build/fsbl/build/cv1800b_wdmb_0008a_spinor/bl2/bl2_main.o
 .rodata.load_ddr.str1.8
                0x000000003bc0a350       0x4d /root/.jenkins/workspace/v4.1.0_release_build/fsbl/build/cv1800b_wdmb_0008a_spinor/bl2/bl2_main.o
 *fill*         0x000000003bc0a39d        0x3 
 .rodata.load_blcp_2nd.str1.8
                0x000000003bc0a3a0       0xe0 /root/.jenkins/workspace/v4.1.0_release_build/fsbl/build/cv1800b_wdmb_0008a_spinor/bl2/bl2_main.o
 .rodata.load_monitor.str1.8
                0x000000003bc0a480       0xcf /root/.jenkins/workspace/v4.1.0_release_build/fsbl/build/cv1800b_wdmb_0008a_spinor/bl2/bl2_main.o
 *fill*         0x000000003bc0a54f        0x1 
 .rodata.load_loader_2nd.str1.8
                0x000000003bc0a550       0xce /root/.jenkins/workspace/v4.1.0_release_build/fsbl/build/cv1800b_wdmb_0008a_spinor/bl2/bl2_main.o
 *fill*         0x000000003bc0a61e        0x2 
 .rodata.load_rest.str1.8
                0x000000003bc0a620       0x60 /root/.jenkins/workspace/v4.1.0_release_build/fsbl/build/cv1800b_wdmb_0008a_spinor/bl2/bl2_main.o
 .rodata.bl2_main.str1.8
                0x000000003bc0a680       0x84 /root/.jenkins/workspace/v4.1.0_release_build/fsbl/build/cv1800b_wdmb_0008a_spinor/bl2/bl2_main.o
 *fill*         0x000000003bc0a704        0x4 
 .rodata.cst8   0x000000003bc0a708        0x8 /root/.jenkins/workspace/v4.1.0_release_build/fsbl/build/cv1800b_wdmb_0008a_spinor/bl2/bl2_main.o
 .rodata.SzAlloc.str1.8
                0x000000003bc0a710       0x1f /root/.jenkins/workspace/v4.1.0_release_build/fsbl/build/cv1800b_wdmb_0008a_spinor/bl2/decompress.o
 *fill*         0x000000003bc0a72f        0x1 
 .rodata.decompress_lzma.str1.8
                0x000000003bc0a730       0x92 /root/.jenkins/workspace/v4.1.0_release_build/fsbl/build/cv1800b_wdmb_0008a_spinor/bl2/decompress.o
 *fill*         0x000000003bc0a7c2        0x6 
 .rodata.decompress_lz4.str1.8
                0x000000003bc0a7c8       0x72 /root/.jenkins/workspace/v4.1.0_release_build/fsbl/build/cv1800b_wdmb_0008a_spinor/bl2/decompress.o
 *fill*         0x000000003bc0a83a        0x6 
 .rodata.decompress.str1.8
                0x000000003bc0a840       0x31 /root/.jenkins/workspace/v4.1.0_release_build/fsbl/build/cv1800b_wdmb_0008a_spinor/bl2/decompress.o
 *fill*         0x000000003bc0a871        0x7 
 .rodata.__func__.0
                0x000000003bc0a878        0x8 /root/.jenkins/workspace/v4.1.0_release_build/fsbl/build/cv1800b_wdmb_0008a_spinor/bl2/decompress.o
 .rodata.__func__.1
                0x000000003bc0a880       0x10 /root/.jenkins/workspace/v4.1.0_release_build/fsbl/build/cv1800b_wdmb_0008a_spinor/bl2/decompress.o
 .rodata.reset.str1.8
                0x000000003bc0a890       0x16 /root/.jenkins/workspace/v4.1.0_release_build/fsbl/build/cv1800b_wdmb_0008a_spinor/bl2/usb_tty.o
 *fill*         0x000000003bc0a8a6        0x2 
 .rodata.unbind.str1.8
                0x000000003bc0a8a8        0xd /root/.jenkins/workspace/v4.1.0_release_build/fsbl/build/cv1800b_wdmb_0008a_spinor/bl2/usb_tty.o
 *fill*         0x000000003bc0a8b5        0x3 
 .rodata.bind.str1.8
                0x000000003bc0a8b8        0x8 /root/.jenkins/workspace/v4.1.0_release_build/fsbl/build/cv1800b_wdmb_0008a_spinor/bl2/usb_tty.o
 .rodata.bulkOutCmpl.str1.8
                0x000000003bc0a8c0       0x61 /root/.jenkins/workspace/v4.1.0_release_build/fsbl/build/cv1800b_wdmb_0008a_spinor/bl2/usb_tty.o
 *fill*         0x000000003bc0a921        0x7 
 .rodata.reqComplete.str1.8
                0x000000003bc0a928       0x15 /root/.jenkins/workspace/v4.1.0_release_build/fsbl/build/cv1800b_wdmb_0008a_spinor/bl2/usb_tty.o
 *fill*         0x000000003bc0a93d        0x3 
 .rodata.setup.str1.8
                0x000000003bc0a940       0xd2 /root/.jenkins/workspace/v4.1.0_release_build/fsbl/build/cv1800b_wdmb_0008a_spinor/bl2/usb_tty.o
 *fill*         0x000000003bc0aa12        0x2 
 .rodata.setup  0x000000003bc0aa14       0x3c /root/.jenkins/workspace/v4.1.0_release_build/fsbl/build/cv1800b_wdmb_0008a_spinor/bl2/usb_tty.o
 .rodata.print_buf_addr.str1.8
                0x000000003bc0aa50       0xea /root/.jenkins/workspace/v4.1.0_release_build/fsbl/build/cv1800b_wdmb_0008a_spinor/bl2/usb_tty.o
 *fill*         0x000000003bc0ab3a        0x6 
 .rodata.acm_app_init.str1.8
                0x000000003bc0ab40       0x15 /root/.jenkins/workspace/v4.1.0_release_build/fsbl/build/cv1800b_wdmb_0008a_spinor/bl2/usb_tty.o
 *fill*         0x000000003bc0ab55        0x3 
 .rodata.AcmApp.str1.8
                0x000000003bc0ab58      0x10b /root/.jenkins/workspace/v4.1.0_release_build/fsbl/build/cv1800b_wdmb_0008a_spinor/bl2/usb_tty.o
 *fill*         0x000000003bc0ac63        0x5 
 .rodata.str1.8
                0x000000003bc0ac68        0x4 /root/.jenkins/workspace/v4.1.0_release_build/fsbl/build/cv1800b_wdmb_0008a_spinor/bl2/usb_tty.o
 *fill*         0x000000003bc0ac6c        0x4 
 .rodata.__func__.0
                0x000000003bc0ac70        0x5 /root/.jenkins/workspace/v4.1.0_release_build/fsbl/build/cv1800b_wdmb_0008a_spinor/bl2/usb_tty.o
 *fill*         0x000000003bc0ac75        0x3 
 .rodata.__func__.1
                0x000000003bc0ac78        0x7 /root/.jenkins/workspace/v4.1.0_release_build/fsbl/build/cv1800b_wdmb_0008a_spinor/bl2/usb_tty.o
 *fill*         0x000000003bc0ac7f        0x1 
 .rodata.__func__.4
                0x000000003bc0ac80        0xb /root/.jenkins/workspace/v4.1.0_release_build/fsbl/build/cv1800b_wdmb_0008a_spinor/bl2/usb_tty.o
 *fill*         0x000000003bc0ac8b        0x5 
 .rodata.__func__.5
                0x000000003bc0ac90        0x6 /root/.jenkins/workspace/v4.1.0_release_build/fsbl/build/cv1800b_wdmb_0008a_spinor/bl2/usb_tty.o
 *fill*         0x000000003bc0ac96        0x2 
 .rodata.dwc2_free_request.str1.8
                0x000000003bc0ac98       0x23 /root/.jenkins/workspace/v4.1.0_release_build/fsbl/build/cv1800b_wdmb_0008a_spinor/bl2/dwc2_udc_otg.o
 *fill*         0x000000003bc0acbb        0x5 
 .rodata.dwc2_hsotg_txfifo_flush.constprop.0.str1.8
                0x000000003bc0acc0       0x4a /root/.jenkins/workspace/v4.1.0_release_build/fsbl/build/cv1800b_wdmb_0008a_spinor/bl2/dwc2_udc_otg.o
 *fill*         0x000000003bc0ad0a        0x6 
 .rodata.dwc2_hsotg_init_fifo.constprop.0.str1.8
                0x000000003bc0ad10       0x2d /root/.jenkins/workspace/v4.1.0_release_build/fsbl/build/cv1800b_wdmb_0008a_spinor/bl2/dwc2_udc_otg.o
 *fill*         0x000000003bc0ad3d        0x3 
 .rodata._dwc2_ep_disable.isra.0.str1.8
                0x000000003bc0ad40       0x77 /root/.jenkins/workspace/v4.1.0_release_build/fsbl/build/cv1800b_wdmb_0008a_spinor/bl2/dwc2_udc_otg.o
 *fill*         0x000000003bc0adb7        0x1 
 .rodata.dwc2_reconfig_usbd.str1.8
                0x000000003bc0adb8       0x71 /root/.jenkins/workspace/v4.1.0_release_build/fsbl/build/cv1800b_wdmb_0008a_spinor/bl2/dwc2_udc_otg.o
 *fill*         0x000000003bc0ae29        0x7 
 .rodata.dwc2_udc_probe.str1.8
                0x000000003bc0ae30       0x4e /root/.jenkins/workspace/v4.1.0_release_build/fsbl/build/cv1800b_wdmb_0008a_spinor/bl2/dwc2_udc_otg.o
 *fill*         0x000000003bc0ae7e        0x2 
 .rodata.__func__.0
                0x000000003bc0ae80       0x12 /root/.jenkins/workspace/v4.1.0_release_build/fsbl/build/cv1800b_wdmb_0008a_spinor/bl2/dwc2_udc_otg.o
 *fill*         0x000000003bc0ae92        0x6 
 .rodata.__func__.1
                0x000000003bc0ae98       0x11 /root/.jenkins/workspace/v4.1.0_release_build/fsbl/build/cv1800b_wdmb_0008a_spinor/bl2/dwc2_udc_otg.o
 *fill*         0x000000003bc0aea9        0x7 
 .rodata.__func__.2
                0x000000003bc0aeb0       0x13 /root/.jenkins/workspace/v4.1.0_release_build/fsbl/build/cv1800b_wdmb_0008a_spinor/bl2/dwc2_udc_otg.o
 *fill*         0x000000003bc0aec3        0x5 
 .rodata.__func__.3
                0x000000003bc0aec8       0x18 /root/.jenkins/workspace/v4.1.0_release_build/fsbl/build/cv1800b_wdmb_0008a_spinor/bl2/dwc2_udc_otg.o
 .rodata.__func__.4
                0x000000003bc0aee0       0x15 /root/.jenkins/workspace/v4.1.0_release_build/fsbl/build/cv1800b_wdmb_0008a_spinor/bl2/dwc2_udc_otg.o
 *fill*         0x000000003bc0aef5        0x3 
 .rodata.driver_name
                0x000000003bc0aef8        0x9 /root/.jenkins/workspace/v4.1.0_release_build/fsbl/build/cv1800b_wdmb_0008a_spinor/bl2/dwc2_udc_otg.o
 *fill*         0x000000003bc0af01        0x7 
 .rodata.dwc2_udc_ops
                0x000000003bc0af08       0x48 /root/.jenkins/workspace/v4.1.0_release_build/fsbl/build/cv1800b_wdmb_0008a_spinor/bl2/dwc2_udc_otg.o
 .rodata.ep0name
                0x000000003bc0af50        0xc /root/.jenkins/workspace/v4.1.0_release_build/fsbl/build/cv1800b_wdmb_0008a_spinor/bl2/dwc2_udc_otg.o
 *fill*         0x000000003bc0af5c        0x4 
 .rodata.ep1name
                0x000000003bc0af60        0xb /root/.jenkins/workspace/v4.1.0_release_build/fsbl/build/cv1800b_wdmb_0008a_spinor/bl2/dwc2_udc_otg.o
 *fill*         0x000000003bc0af6b        0x5 
 .rodata.ep2name
                0x000000003bc0af70        0xc /root/.jenkins/workspace/v4.1.0_release_build/fsbl/build/cv1800b_wdmb_0008a_spinor/bl2/dwc2_udc_otg.o
 *fill*         0x000000003bc0af7c        0x4 
 .rodata.ep3name
                0x000000003bc0af80        0xa /root/.jenkins/workspace/v4.1.0_release_build/fsbl/build/cv1800b_wdmb_0008a_spinor/bl2/dwc2_udc_otg.o
 *fill*         0x000000003bc0af8a        0x6 
 .rodata.dwc2_handle_ep0.str1.8
                0x000000003bc0af90       0x14 /root/.jenkins/workspace/v4.1.0_release_build/fsbl/build/cv1800b_wdmb_0008a_spinor/bl2/dwc2_udc_otg_xfer_dma.o
 .rodata.dwc2_handle_ep0
                0x000000003bc0afa4       0x30 /root/.jenkins/workspace/v4.1.0_release_build/fsbl/build/cv1800b_wdmb_0008a_spinor/bl2/dwc2_udc_otg_xfer_dma.o
 *fill*         0x000000003bc0afd4        0x4 
 .rodata.dwc2_udc_irq.str1.8
                0x000000003bc0afd8       0x12 /root/.jenkins/workspace/v4.1.0_release_build/fsbl/build/cv1800b_wdmb_0008a_spinor/bl2/dwc2_udc_otg_xfer_dma.o
 *fill*         0x000000003bc0afea        0x6 
 .rodata.usb_polling.str1.8
                0x000000003bc0aff0       0x11 /root/.jenkins/workspace/v4.1.0_release_build/fsbl/build/cv1800b_wdmb_0008a_spinor/bl2/cv_usb.o
 *fill*         0x000000003bc0b001        0x7 
 .rodata.crc16_tab
                0x000000003bc0b008      0x200 /root/.jenkins/workspace/v4.1.0_release_build/fsbl/build/cv1800b_wdmb_0008a_spinor/bl2/crc16.o
 .rodata.LZ4F_decompress
                0x000000003bc0b208       0x3c /root/.jenkins/workspace/v4.1.0_release_build/fsbl/build/cv1800b_wdmb_0008a_spinor/bl2/lz4_all.o
 *fill*         0x000000003bc0b244        0x4 
 .rodata.blockSizes.0
                0x000000003bc0b248       0x20 /root/.jenkins/workspace/v4.1.0_release_build/fsbl/build/cv1800b_wdmb_0008a_spinor/bl2/lz4_all.o
 .rodata.dec64table
                0x000000003bc0b268       0x20 /root/.jenkins/workspace/v4.1.0_release_build/fsbl/build/cv1800b_wdmb_0008a_spinor/bl2/lz4_all.o
 .rodata.inc32table
                0x000000003bc0b288       0x20 /root/.jenkins/workspace/v4.1.0_release_build/fsbl/build/cv1800b_wdmb_0008a_spinor/bl2/lz4_all.o
 .rodata.XXH32_finalize.constprop.0
                0x000000003bc0b2a8       0x3c /root/.jenkins/workspace/v4.1.0_release_build/fsbl/build/cv1800b_wdmb_0008a_spinor/bl2/xxhash.o
 *fill*         0x000000003bc0b2e4        0x4 
 .rodata.ddr_init.str1.8
                0x000000003bc0b2e8       0x26 /root/.jenkins/workspace/v4.1.0_release_build/fsbl/build/cv1800b_wdmb_0008a_spinor/bl2/ddr.o
 *fill*         0x000000003bc0b30e        0x2 
 .rodata.read_ddr_pkg_info.str1.8
                0x000000003bc0b310       0xe2 /root/.jenkins/workspace/v4.1.0_release_build/fsbl/build/cv1800b_wdmb_0008a_spinor/bl2/ddr_pkg_info.o
 *fill*         0x000000003bc0b3f2        0x2 
 .rodata.read_ddr_pkg_info
                0x000000003bc0b3f4       0x48 /root/.jenkins/workspace/v4.1.0_release_build/fsbl/build/cv1800b_wdmb_0008a_spinor/bl2/ddr_pkg_info.o
 *fill*         0x000000003bc0b43c        0x4 
 .rodata.ddr_sys_bring_up.str1.8
                0x000000003bc0b440       0x81 /root/.jenkins/workspace/v4.1.0_release_build/fsbl/build/cv1800b_wdmb_0008a_spinor/bl2/ddr_sys_bring_up.o
 *fill*         0x000000003bc0b4c1        0x7 
 .rodata.cst8   0x000000003bc0b4c8       0x20 /root/.jenkins/workspace/v4.1.0_release_build/fsbl/build/cv1800b_wdmb_0008a_spinor/bl2/ddr_sys.o
 .rodata.cvx16_pinmux
                0x000000003bc0b4e8       0x28 /root/.jenkins/workspace/v4.1.0_release_build/fsbl/build/cv1800b_wdmb_0008a_spinor/bl2/cvx16_pinmux.o
 .rodata.ctrl_init_update_by_dram_size
                0x000000003bc0b510       0x14 /root/.jenkins/workspace/v4.1.0_release_build/fsbl/build/cv1800b_wdmb_0008a_spinor/bl2/ddrc_init.o
                0x000000003bc0b524                __RO_END__ = .

.rela.dyn       0x000000003bc0b528        0x0
 .rela.text.init
                0x000000003bc0b528        0x0 /root/.jenkins/workspace/v4.1.0_release_build/fsbl/build/cv1800b_wdmb_0008a_spinor/bl2/cache.o

.data           0x000000003bc0b524      0x2cc
                0x000000003bc0b530                . = ALIGN (0x10)
 *fill*         0x000000003bc0b524        0xc 
                0x000000003bc0b530                __DATA_START__ = .
 *(.data*)
 .data.time_records
                0x000000003bc0b530        0x8 /root/.jenkins/workspace/v4.1.0_release_build/fsbl/build/cv1800b_wdmb_0008a_spinor/bl2/bl2_main.o
                0x000000003bc0b530                time_records
 .data.ConfDesc
                0x000000003bc0b538        0x9 /root/.jenkins/workspace/v4.1.0_release_build/fsbl/build/cv1800b_wdmb_0008a_spinor/bl2/usb_tty.o
 *fill*         0x000000003bc0b541        0x7 
 .data.acm_buf  0x000000003bc0b548        0x8 /root/.jenkins/workspace/v4.1.0_release_build/fsbl/build/cv1800b_wdmb_0008a_spinor/bl2/usb_tty.o
 .data.acm_call_mgmt_descriptor
                0x000000003bc0b550        0x5 /root/.jenkins/workspace/v4.1.0_release_build/fsbl/build/cv1800b_wdmb_0008a_spinor/bl2/usb_tty.o
 *fill*         0x000000003bc0b555        0x3 
 .data.acm_control_interface_desc
                0x000000003bc0b558        0x9 /root/.jenkins/workspace/v4.1.0_release_build/fsbl/build/cv1800b_wdmb_0008a_spinor/bl2/usb_tty.o
 *fill*         0x000000003bc0b561        0x7 
 .data.acm_data_interface_desc
                0x000000003bc0b568        0x9 /root/.jenkins/workspace/v4.1.0_release_build/fsbl/build/cv1800b_wdmb_0008a_spinor/bl2/usb_tty.o
 *fill*         0x000000003bc0b571        0x7 
 .data.acm_descriptor
                0x000000003bc0b578        0x4 /root/.jenkins/workspace/v4.1.0_release_build/fsbl/build/cv1800b_wdmb_0008a_spinor/bl2/usb_tty.o
 *fill*         0x000000003bc0b57c        0x4 
 .data.acm_fs_in_desc
                0x000000003bc0b580        0x7 /root/.jenkins/workspace/v4.1.0_release_build/fsbl/build/cv1800b_wdmb_0008a_spinor/bl2/usb_tty.o
 *fill*         0x000000003bc0b587        0x1 
 .data.acm_fs_notify_desc
                0x000000003bc0b588        0x7 /root/.jenkins/workspace/v4.1.0_release_build/fsbl/build/cv1800b_wdmb_0008a_spinor/bl2/usb_tty.o
 *fill*         0x000000003bc0b58f        0x1 
 .data.acm_fs_out_desc
                0x000000003bc0b590        0x7 /root/.jenkins/workspace/v4.1.0_release_build/fsbl/build/cv1800b_wdmb_0008a_spinor/bl2/usb_tty.o
 *fill*         0x000000003bc0b597        0x1 
 .data.acm_header_desc
                0x000000003bc0b598        0x5 /root/.jenkins/workspace/v4.1.0_release_build/fsbl/build/cv1800b_wdmb_0008a_spinor/bl2/usb_tty.o
 *fill*         0x000000003bc0b59d        0x3 
 .data.acm_hs_in_desc
                0x000000003bc0b5a0        0x7 /root/.jenkins/workspace/v4.1.0_release_build/fsbl/build/cv1800b_wdmb_0008a_spinor/bl2/usb_tty.o
 *fill*         0x000000003bc0b5a7        0x1 
 .data.acm_hs_notify_desc
                0x000000003bc0b5a8        0x7 /root/.jenkins/workspace/v4.1.0_release_build/fsbl/build/cv1800b_wdmb_0008a_spinor/bl2/usb_tty.o
 *fill*         0x000000003bc0b5af        0x1 
 .data.acm_hs_out_desc
                0x000000003bc0b5b0        0x7 /root/.jenkins/workspace/v4.1.0_release_build/fsbl/build/cv1800b_wdmb_0008a_spinor/bl2/usb_tty.o
 *fill*         0x000000003bc0b5b7        0x1 
 .data.acm_union_desc
                0x000000003bc0b5b8        0x5 /root/.jenkins/workspace/v4.1.0_release_build/fsbl/build/cv1800b_wdmb_0008a_spinor/bl2/usb_tty.o
 *fill*         0x000000003bc0b5bd        0x3 
 .data.bosDesc  0x000000003bc0b5c0        0x5 /root/.jenkins/workspace/v4.1.0_release_build/fsbl/build/cv1800b_wdmb_0008a_spinor/bl2/usb_tty.o
 *fill*         0x000000003bc0b5c5        0x3 
 .data.bulkBufAlloc
                0x000000003bc0b5c8        0x8 /root/.jenkins/workspace/v4.1.0_release_build/fsbl/build/cv1800b_wdmb_0008a_spinor/bl2/usb_tty.o
 .data.capabilityExtDesc
                0x000000003bc0b5d0        0x7 /root/.jenkins/workspace/v4.1.0_release_build/fsbl/build/cv1800b_wdmb_0008a_spinor/bl2/usb_tty.o
 *fill*         0x000000003bc0b5d7        0x1 
 .data.cb0_buf  0x000000003bc0b5d8        0x8 /root/.jenkins/workspace/v4.1.0_release_build/fsbl/build/cv1800b_wdmb_0008a_spinor/bl2/usb_tty.o
 .data.cb1_buf  0x000000003bc0b5e0        0x8 /root/.jenkins/workspace/v4.1.0_release_build/fsbl/build/cv1800b_wdmb_0008a_spinor/bl2/usb_tty.o
 .data.cb2_buf  0x000000003bc0b5e8        0x8 /root/.jenkins/workspace/v4.1.0_release_build/fsbl/build/cv1800b_wdmb_0008a_spinor/bl2/usb_tty.o
 .data.cmdBufAlloc
                0x000000003bc0b5f0        0x8 /root/.jenkins/workspace/v4.1.0_release_build/fsbl/build/cv1800b_wdmb_0008a_spinor/bl2/usb_tty.o
 .data.descriptorsFs
                0x000000003bc0b5f8       0x50 /root/.jenkins/workspace/v4.1.0_release_build/fsbl/build/cv1800b_wdmb_0008a_spinor/bl2/usb_tty.o
 .data.descriptorsHs
                0x000000003bc0b648       0x50 /root/.jenkins/workspace/v4.1.0_release_build/fsbl/build/cv1800b_wdmb_0008a_spinor/bl2/usb_tty.o
 .data.devHsDesc
                0x000000003bc0b698       0x12 /root/.jenkins/workspace/v4.1.0_release_build/fsbl/build/cv1800b_wdmb_0008a_spinor/bl2/usb_tty.o
 *fill*         0x000000003bc0b6aa        0x6 
 .data.drv_obj  0x000000003bc0b6b0       0x50 /root/.jenkins/workspace/v4.1.0_release_build/fsbl/build/cv1800b_wdmb_0008a_spinor/bl2/usb_tty.o
 .data.ep0BuffAlloc
                0x000000003bc0b700        0x8 /root/.jenkins/workspace/v4.1.0_release_build/fsbl/build/cv1800b_wdmb_0008a_spinor/bl2/usb_tty.o
 .data.g_driver
                0x000000003bc0b708       0x58 /root/.jenkins/workspace/v4.1.0_release_build/fsbl/build/cv1800b_wdmb_0008a_spinor/bl2/usb_tty.o
 .data.handler  0x000000003bc0b760        0x8 /root/.jenkins/workspace/v4.1.0_release_build/fsbl/build/cv1800b_wdmb_0008a_spinor/bl2/usb_tty.o
 .data.languageDesc
                0x000000003bc0b768        0x4 /root/.jenkins/workspace/v4.1.0_release_build/fsbl/build/cv1800b_wdmb_0008a_spinor/bl2/usb_tty.o
 *fill*         0x000000003bc0b76c        0x4 
 .data.qualifierDesc
                0x000000003bc0b770        0xa /root/.jenkins/workspace/v4.1.0_release_build/fsbl/build/cv1800b_wdmb_0008a_spinor/bl2/usb_tty.o
 *fill*         0x000000003bc0b77a        0x6 
 .data.rsp_buf  0x000000003bc0b780        0x8 /root/.jenkins/workspace/v4.1.0_release_build/fsbl/build/cv1800b_wdmb_0008a_spinor/bl2/usb_tty.o
 .data.setup_buf
                0x000000003bc0b788        0x8 /root/.jenkins/workspace/v4.1.0_release_build/fsbl/build/cv1800b_wdmb_0008a_spinor/bl2/usb_tty.o
 .data.dwc2_ep_ops
                0x000000003bc0b790       0x50 /root/.jenkins/workspace/v4.1.0_release_build/fsbl/build/cv1800b_wdmb_0008a_spinor/bl2/dwc2_udc_otg.o
 .data.ep0_fifo_size
                0x000000003bc0b7e0        0x4 /root/.jenkins/workspace/v4.1.0_release_build/fsbl/build/cv1800b_wdmb_0008a_spinor/bl2/dwc2_udc_otg_xfer_dma.o
 .data.ep_fifo_size
                0x000000003bc0b7e4        0x4 /root/.jenkins/workspace/v4.1.0_release_build/fsbl/build/cv1800b_wdmb_0008a_spinor/bl2/dwc2_udc_otg_xfer_dma.o
 .data.cv_usb_vid
                0x000000003bc0b7e8        0x2 /root/.jenkins/workspace/v4.1.0_release_build/fsbl/build/cv1800b_wdmb_0008a_spinor/bl2/cv_usb.o
                0x000000003bc0b7e8                cv_usb_vid
 *fill*         0x000000003bc0b7ea        0x2 
 .data.ddr_data_rate
                0x000000003bc0b7ec        0x4 /root/.jenkins/workspace/v4.1.0_release_build/fsbl/build/cv1800b_wdmb_0008a_spinor/bl2/ddrc_init.o
                0x000000003bc0b7ec                ddr_data_rate
                0x000000003bc0b7f0                . = ALIGN (0x10)
                0x000000003bc0b7f0                __DATA_END__ = .

stacks          0x000000003bc0b7f0     0x2010
                0x000000003bc0b800                . = ALIGN (0x40)
 *fill*         0x000000003bc0b7f0       0x10 
                0x000000003bc0b800                __STACKS_START__ = .
                0x000000003bc0d800                . = (. + 0x2000)
 *fill*         0x000000003bc0b800     0x2000 
                0x000000003bc0d800                . = ALIGN (0x40)
                0x000000003bc0d800                __STACKS_END__ = .

.bss            0x000000003bc0d800     0x5c10
                0x000000003bc0d800                . = ALIGN (0x10)
                0x000000003bc0d800                __BSS_START__ = .
 *(SORT_BY_ALIGNMENT(.bss*))
 .bss.fip_param2
                0x000000003bc0d800     0x1000 /root/.jenkins/workspace/v4.1.0_release_build/fsbl/build/cv1800b_wdmb_0008a_spinor/bl2/bl2_main.o
 .bss.sram_union_buf
                0x000000003bc0e800     0x4000 /root/.jenkins/workspace/v4.1.0_release_build/fsbl/build/cv1800b_wdmb_0008a_spinor/bl2/bl2_main.o
 .bss.acm_bufArr
                0x000000003bc12800       0x80 /root/.jenkins/workspace/v4.1.0_release_build/fsbl/build/cv1800b_wdmb_0008a_spinor/bl2/usb_tty.o
                0x000000003bc12800                acm_bufArr
 .bss.bulkBufAllocArr
                0x000000003bc12880      0x200 /root/.jenkins/workspace/v4.1.0_release_build/fsbl/build/cv1800b_wdmb_0008a_spinor/bl2/usb_tty.o
                0x000000003bc12880                bulkBufAllocArr
 .bss.cb0_bufArr
                0x000000003bc12a80       0x80 /root/.jenkins/workspace/v4.1.0_release_build/fsbl/build/cv1800b_wdmb_0008a_spinor/bl2/usb_tty.o
                0x000000003bc12a80                cb0_bufArr
 .bss.cb1_bufArr
                0x000000003bc12b00       0x80 /root/.jenkins/workspace/v4.1.0_release_build/fsbl/build/cv1800b_wdmb_0008a_spinor/bl2/usb_tty.o
                0x000000003bc12b00                cb1_bufArr
 .bss.cb2_bufArr
                0x000000003bc12b80       0x80 /root/.jenkins/workspace/v4.1.0_release_build/fsbl/build/cv1800b_wdmb_0008a_spinor/bl2/usb_tty.o
                0x000000003bc12b80                cb2_bufArr
 .bss.cmdBufAllocArr
                0x000000003bc12c00      0x200 /root/.jenkins/workspace/v4.1.0_release_build/fsbl/build/cv1800b_wdmb_0008a_spinor/bl2/usb_tty.o
                0x000000003bc12c00                cmdBufAllocArr
 .bss.ep0BuffAllocArr
                0x000000003bc12e00       0x80 /root/.jenkins/workspace/v4.1.0_release_build/fsbl/build/cv1800b_wdmb_0008a_spinor/bl2/usb_tty.o
                0x000000003bc12e00                ep0BuffAllocArr
 .bss.handlerArr
                0x000000003bc12e80      0x400 /root/.jenkins/workspace/v4.1.0_release_build/fsbl/build/cv1800b_wdmb_0008a_spinor/bl2/usb_tty.o
                0x000000003bc12e80                handlerArr
 .bss.rsp_bufArr
                0x000000003bc13280       0x10 /root/.jenkins/workspace/v4.1.0_release_build/fsbl/build/cv1800b_wdmb_0008a_spinor/bl2/usb_tty.o
                0x000000003bc13280                rsp_bufArr
 *fill*         0x000000003bc13290       0x30 
 .bss.setup_bufArr
                0x000000003bc132c0        0x8 /root/.jenkins/workspace/v4.1.0_release_build/fsbl/build/cv1800b_wdmb_0008a_spinor/bl2/usb_tty.o
                0x000000003bc132c0                setup_bufArr
 .bss.fw_dynamic_info
                0x000000003bc132c8       0x30 /root/.jenkins/workspace/v4.1.0_release_build/fsbl/build/cv1800b_wdmb_0008a_spinor/bl2/bl2_helper.o
 .bss.comp_alloc_buf
                0x000000003bc132f8        0x8 /root/.jenkins/workspace/v4.1.0_release_build/fsbl/build/cv1800b_wdmb_0008a_spinor/bl2/decompress.o
 .bss.comp_alloc_size
                0x000000003bc13300        0x8 /root/.jenkins/workspace/v4.1.0_release_build/fsbl/build/cv1800b_wdmb_0008a_spinor/bl2/decompress.o
 .bss.acm       0x000000003bc13308        0x8 /root/.jenkins/workspace/v4.1.0_release_build/fsbl/build/cv1800b_wdmb_0008a_spinor/bl2/usb_tty.o
                0x000000003bc13308                acm
 .bss.bulkBuf   0x000000003bc13310        0x8 /root/.jenkins/workspace/v4.1.0_release_build/fsbl/build/cv1800b_wdmb_0008a_spinor/bl2/usb_tty.o
 .bss.bulkInReq
                0x000000003bc13318        0x8 /root/.jenkins/workspace/v4.1.0_release_build/fsbl/build/cv1800b_wdmb_0008a_spinor/bl2/usb_tty.o
 .bss.bulkOutReq
                0x000000003bc13320        0x8 /root/.jenkins/workspace/v4.1.0_release_build/fsbl/build/cv1800b_wdmb_0008a_spinor/bl2/usb_tty.o
 .bss.cmdBuf    0x000000003bc13328        0x8 /root/.jenkins/workspace/v4.1.0_release_build/fsbl/build/cv1800b_wdmb_0008a_spinor/bl2/usb_tty.o
 .bss.ep0Buff   0x000000003bc13330        0x8 /root/.jenkins/workspace/v4.1.0_release_build/fsbl/build/cv1800b_wdmb_0008a_spinor/bl2/usb_tty.o
 .bss.ep0Req    0x000000003bc13338        0x8 /root/.jenkins/workspace/v4.1.0_release_build/fsbl/build/cv1800b_wdmb_0008a_spinor/bl2/usb_tty.o
 .bss.epIn      0x000000003bc13340        0x8 /root/.jenkins/workspace/v4.1.0_release_build/fsbl/build/cv1800b_wdmb_0008a_spinor/bl2/usb_tty.o
 .bss.epOut     0x000000003bc13348        0x8 /root/.jenkins/workspace/v4.1.0_release_build/fsbl/build/cv1800b_wdmb_0008a_spinor/bl2/usb_tty.o
 .bss.fip_buf   0x000000003bc13350        0x8 /root/.jenkins/workspace/v4.1.0_release_build/fsbl/build/cv1800b_wdmb_0008a_spinor/bl2/usb_tty.o
 .bss.productDesc
                0x000000003bc13358       0x1c /root/.jenkins/workspace/v4.1.0_release_build/fsbl/build/cv1800b_wdmb_0008a_spinor/bl2/usb_tty.o
 *fill*         0x000000003bc13374        0x4 
 .bss.serial.2  0x000000003bc13378       0x10 /root/.jenkins/workspace/v4.1.0_release_build/fsbl/build/cv1800b_wdmb_0008a_spinor/bl2/usb_tty.o
 .bss.serialDesc
                0x000000003bc13388       0x1c /root/.jenkins/workspace/v4.1.0_release_build/fsbl/build/cv1800b_wdmb_0008a_spinor/bl2/usb_tty.o
 *fill*         0x000000003bc133a4        0x4 
 .bss.vendorDesc
                0x000000003bc133a8       0x10 /root/.jenkins/workspace/v4.1.0_release_build/fsbl/build/cv1800b_wdmb_0008a_spinor/bl2/usb_tty.o
 .bss.reg       0x000000003bc133b8        0x8 /root/.jenkins/workspace/v4.1.0_release_build/fsbl/build/cv1800b_wdmb_0008a_spinor/bl2/dwc2_udc_otg.o
                0x000000003bc133b8                reg
 .bss.the_controller
                0x000000003bc133c0        0x8 /root/.jenkins/workspace/v4.1.0_release_build/fsbl/build/cv1800b_wdmb_0008a_spinor/bl2/dwc2_udc_otg.o
                0x000000003bc133c0                the_controller
 .bss.reg_set   0x000000003bc133c8        0x8 /root/.jenkins/workspace/v4.1.0_release_build/fsbl/build/cv1800b_wdmb_0008a_spinor/bl2/phy_pll_init.o
                0x000000003bc133c8                reg_set
 .bss.reg_span  0x000000003bc133d0        0x8 /root/.jenkins/workspace/v4.1.0_release_build/fsbl/build/cv1800b_wdmb_0008a_spinor/bl2/phy_pll_init.o
                0x000000003bc133d0                reg_span
 .bss.reg_step  0x000000003bc133d8        0x8 /root/.jenkins/workspace/v4.1.0_release_build/fsbl/build/cv1800b_wdmb_0008a_spinor/bl2/phy_pll_init.o
                0x000000003bc133d8                reg_step
 .bss.fip_tx_offset
                0x000000003bc133e0        0x4 /root/.jenkins/workspace/v4.1.0_release_build/fsbl/build/cv1800b_wdmb_0008a_spinor/bl2/usb_tty.o
 .bss.fip_tx_size
                0x000000003bc133e4        0x4 /root/.jenkins/workspace/v4.1.0_release_build/fsbl/build/cv1800b_wdmb_0008a_spinor/bl2/usb_tty.o
 .bss.transfer_size
                0x000000003bc133e8        0x4 /root/.jenkins/workspace/v4.1.0_release_build/fsbl/build/cv1800b_wdmb_0008a_spinor/bl2/usb_tty.o
 .bss.ts        0x000000003bc133ec        0x4 /root/.jenkins/workspace/v4.1.0_release_build/fsbl/build/cv1800b_wdmb_0008a_spinor/bl2/usb_tty.o
 .bss.rddata    0x000000003bc133f0        0x4 /root/.jenkins/workspace/v4.1.0_release_build/fsbl/build/cv1800b_wdmb_0008a_spinor/bl2/ddr_sys.o
                0x000000003bc133f0                rddata
 .bss.dev_freq  0x000000003bc133f4        0x4 /root/.jenkins/workspace/v4.1.0_release_build/fsbl/build/cv1800b_wdmb_0008a_spinor/bl2/phy_pll_init.o
                0x000000003bc133f4                dev_freq
 .bss.freq_in   0x000000003bc133f8        0x4 /root/.jenkins/workspace/v4.1.0_release_build/fsbl/build/cv1800b_wdmb_0008a_spinor/bl2/phy_pll_init.o
                0x000000003bc133f8                freq_in
 .bss.mod_freq  0x000000003bc133fc        0x4 /root/.jenkins/workspace/v4.1.0_release_build/fsbl/build/cv1800b_wdmb_0008a_spinor/bl2/phy_pll_init.o
                0x000000003bc133fc                mod_freq
 .bss.tar_freq  0x000000003bc13400        0x4 /root/.jenkins/workspace/v4.1.0_release_build/fsbl/build/cv1800b_wdmb_0008a_spinor/bl2/phy_pll_init.o
                0x000000003bc13400                tar_freq
 .bss.ack_idx.6
                0x000000003bc13404        0x1 /root/.jenkins/workspace/v4.1.0_release_build/fsbl/build/cv1800b_wdmb_0008a_spinor/bl2/usb_tty.o
 .bss.acm_configValue
                0x000000003bc13405        0x1 /root/.jenkins/workspace/v4.1.0_release_build/fsbl/build/cv1800b_wdmb_0008a_spinor/bl2/usb_tty.o
                0x000000003bc13405                acm_configValue
 .bss.configBreak
                0x000000003bc13406        0x1 /root/.jenkins/workspace/v4.1.0_release_build/fsbl/build/cv1800b_wdmb_0008a_spinor/bl2/usb_tty.o
 .bss.configValue
                0x000000003bc13407        0x1 /root/.jenkins/workspace/v4.1.0_release_build/fsbl/build/cv1800b_wdmb_0008a_spinor/bl2/usb_tty.o
 .bss.flagEnterDL
                0x000000003bc13408        0x1 /root/.jenkins/workspace/v4.1.0_release_build/fsbl/build/cv1800b_wdmb_0008a_spinor/bl2/usb_tty.o
 .bss.flagReboot
                0x000000003bc13409        0x1 /root/.jenkins/workspace/v4.1.0_release_build/fsbl/build/cv1800b_wdmb_0008a_spinor/bl2/usb_tty.o
 .bss.is_serial_patched.3
                0x000000003bc1340a        0x1 /root/.jenkins/workspace/v4.1.0_release_build/fsbl/build/cv1800b_wdmb_0008a_spinor/bl2/usb_tty.o
 .bss.mem_alloc_cnt
                0x000000003bc1340b        0x1 /root/.jenkins/workspace/v4.1.0_release_build/fsbl/build/cv1800b_wdmb_0008a_spinor/bl2/usb_tty.o
 .bss.ddr_capacity
                0x000000003bc1340c        0x1 /root/.jenkins/workspace/v4.1.0_release_build/fsbl/build/cv1800b_wdmb_0008a_spinor/bl2/ddr_pkg_info.o
                0x000000003bc1340c                ddr_capacity
 .bss.ddr_type  0x000000003bc1340d        0x1 /root/.jenkins/workspace/v4.1.0_release_build/fsbl/build/cv1800b_wdmb_0008a_spinor/bl2/ddr_pkg_info.o
                0x000000003bc1340d                ddr_type
 .bss.ddr_vendor
                0x000000003bc1340e        0x1 /root/.jenkins/workspace/v4.1.0_release_build/fsbl/build/cv1800b_wdmb_0008a_spinor/bl2/ddr_pkg_info.o
                0x000000003bc1340e                ddr_vendor
 .bss.pkg       0x000000003bc1340f        0x1 /root/.jenkins/workspace/v4.1.0_release_build/fsbl/build/cv1800b_wdmb_0008a_spinor/bl2/ddr_pkg_info.o
                0x000000003bc1340f                pkg
 *(COMMON)
                0x000000003bc13410                . = ALIGN (0x10)
                0x000000003bc13410                __BSS_END__ = .
                0x000000003bc13410                __BL2_END__ = .
                0x0000000000005c10                __BSS_SIZE__ = SIZEOF (.bss)
                0x0000000000000001                ASSERT ((. <= 0x3bc19000), BL2 image has exceeded its limit.)
                0x0000000004400100                p_rom_api_cryptodma_aes_decrypt = 0x4400100
                0x0000000004400080                p_rom_api_flash_init = 0x4400080
                0x0000000004400020                p_rom_api_get_boot_src = 0x4400020
                0x00000000044000c0                p_rom_api_get_number_of_retries = 0x44000c0
                0x00000000044000a0                p_rom_api_image_crc = 0x44000a0
                0x0000000004400060                p_rom_api_load_image = 0x4400060
                0x0000000004400040                p_rom_api_set_boot_src = 0x4400040
                0x00000000044000e0                p_rom_api_verify_rsa = 0x44000e0
LOAD /root/.jenkins/workspace/v4.1.0_release_build/fsbl/build/cv1800b_wdmb_0008a_spinor/bl2/build_message.o
LOAD /root/.jenkins/workspace/v4.1.0_release_build/fsbl/build/cv1800b_wdmb_0008a_spinor/bl2/cpu_helper.o
LOAD /root/.jenkins/workspace/v4.1.0_release_build/fsbl/build/cv1800b_wdmb_0008a_spinor/bl2/misc_helpers.o
LOAD /root/.jenkins/workspace/v4.1.0_release_build/fsbl/build/cv1800b_wdmb_0008a_spinor/bl2/cache.o
LOAD /root/.jenkins/workspace/v4.1.0_release_build/fsbl/build/cv1800b_wdmb_0008a_spinor/bl2/delay_timer.o
LOAD /root/.jenkins/workspace/v4.1.0_release_build/fsbl/build/cv1800b_wdmb_0008a_spinor/bl2/bl2_helper.o
LOAD /root/.jenkins/workspace/v4.1.0_release_build/fsbl/build/cv1800b_wdmb_0008a_spinor/bl2/uart_dw.o
LOAD /root/.jenkins/workspace/v4.1.0_release_build/fsbl/build/cv1800b_wdmb_0008a_spinor/bl2/tf_printf.o
LOAD /root/.jenkins/workspace/v4.1.0_release_build/fsbl/build/cv1800b_wdmb_0008a_spinor/bl2/platform.o
LOAD /root/.jenkins/workspace/v4.1.0_release_build/fsbl/build/cv1800b_wdmb_0008a_spinor/bl2/security.o
LOAD /root/.jenkins/workspace/v4.1.0_release_build/fsbl/build/cv1800b_wdmb_0008a_spinor/bl2/misc.o
LOAD /root/.jenkins/workspace/v4.1.0_release_build/fsbl/build/cv1800b_wdmb_0008a_spinor/bl2/assert.o
LOAD /root/.jenkins/workspace/v4.1.0_release_build/fsbl/build/cv1800b_wdmb_0008a_spinor/bl2/mem.o
LOAD /root/.jenkins/workspace/v4.1.0_release_build/fsbl/build/cv1800b_wdmb_0008a_spinor/bl2/putchar.o
LOAD /root/.jenkins/workspace/v4.1.0_release_build/fsbl/build/cv1800b_wdmb_0008a_spinor/bl2/strchr.o
LOAD /root/.jenkins/workspace/v4.1.0_release_build/fsbl/build/cv1800b_wdmb_0008a_spinor/bl2/strcmp.o
LOAD /root/.jenkins/workspace/v4.1.0_release_build/fsbl/build/cv1800b_wdmb_0008a_spinor/bl2/strlen.o
LOAD /root/.jenkins/workspace/v4.1.0_release_build/fsbl/build/cv1800b_wdmb_0008a_spinor/bl2/strncmp.o
LOAD /root/.jenkins/workspace/v4.1.0_release_build/fsbl/build/cv1800b_wdmb_0008a_spinor/bl2/strnlen.o
LOAD /root/.jenkins/workspace/v4.1.0_release_build/fsbl/build/cv1800b_wdmb_0008a_spinor/bl2/platform_device.o
LOAD /root/.jenkins/workspace/v4.1.0_release_build/fsbl/build/cv1800b_wdmb_0008a_spinor/bl2/bl2_main.o
LOAD /root/.jenkins/workspace/v4.1.0_release_build/fsbl/build/cv1800b_wdmb_0008a_spinor/bl2/decompress.o
LOAD /root/.jenkins/workspace/v4.1.0_release_build/fsbl/build/cv1800b_wdmb_0008a_spinor/bl2/cps_cvi.o
LOAD /root/.jenkins/workspace/v4.1.0_release_build/fsbl/build/cv1800b_wdmb_0008a_spinor/bl2/usb_tty.o
LOAD /root/.jenkins/workspace/v4.1.0_release_build/fsbl/build/cv1800b_wdmb_0008a_spinor/bl2/dwc2_udc_otg.o
LOAD /root/.jenkins/workspace/v4.1.0_release_build/fsbl/build/cv1800b_wdmb_0008a_spinor/bl2/dwc2_udc_otg_xfer_dma.o
LOAD /root/.jenkins/workspace/v4.1.0_release_build/fsbl/build/cv1800b_wdmb_0008a_spinor/bl2/cv_usb.o
LOAD /root/.jenkins/workspace/v4.1.0_release_build/fsbl/build/cv1800b_wdmb_0008a_spinor/bl2/crc16.o
LOAD /root/.jenkins/workspace/v4.1.0_release_build/fsbl/build/cv1800b_wdmb_0008a_spinor/bl2/LzmaDec.o
LOAD /root/.jenkins/workspace/v4.1.0_release_build/fsbl/build/cv1800b_wdmb_0008a_spinor/bl2/lz4_all.o
LOAD /root/.jenkins/workspace/v4.1.0_release_build/fsbl/build/cv1800b_wdmb_0008a_spinor/bl2/xxhash.o
LOAD /root/.jenkins/workspace/v4.1.0_release_build/fsbl/build/cv1800b_wdmb_0008a_spinor/bl2/ddr.o
LOAD /root/.jenkins/workspace/v4.1.0_release_build/fsbl/build/cv1800b_wdmb_0008a_spinor/bl2/ddr_pkg_info.o
LOAD /root/.jenkins/workspace/v4.1.0_release_build/fsbl/build/cv1800b_wdmb_0008a_spinor/bl2/ddr_sys_bring_up.o
LOAD /root/.jenkins/workspace/v4.1.0_release_build/fsbl/build/cv1800b_wdmb_0008a_spinor/bl2/ddr_sys.o
LOAD /root/.jenkins/workspace/v4.1.0_release_build/fsbl/build/cv1800b_wdmb_0008a_spinor/bl2/phy_pll_init.o
LOAD /root/.jenkins/workspace/v4.1.0_release_build/fsbl/build/cv1800b_wdmb_0008a_spinor/bl2/cvx16_pinmux.o
LOAD /root/.jenkins/workspace/v4.1.0_release_build/fsbl/build/cv1800b_wdmb_0008a_spinor/bl2/cvx16_dram_cap_check.o
LOAD /root/.jenkins/workspace/v4.1.0_release_build/fsbl/build/cv1800b_wdmb_0008a_spinor/bl2/ddrc_init.o
LOAD /root/.jenkins/workspace/v4.1.0_release_build/fsbl/build/cv1800b_wdmb_0008a_spinor/bl2/phy_init.o
LOAD /root/.jenkins/workspace/v4.1.0_release_build/fsbl/build/cv1800b_wdmb_0008a_spinor/bl2/ddr_patch_regs.o
LOAD /root/.jenkins/workspace/v4.1.0_release_build/fsbl/build/cv1800b_wdmb_0008a_spinor/bl2/bl2_entrypoint.o
OUTPUT(/root/.jenkins/workspace/v4.1.0_release_build/fsbl/build/cv1800b_wdmb_0008a_spinor/bl2/bl2.elf elf64-littleriscv)

.debug_info     0x0000000000000000    0x69058
 .debug_info    0x0000000000000000       0x89 /root/.jenkins/workspace/v4.1.0_release_build/fsbl/build/cv1800b_wdmb_0008a_spinor/bl2/build_message.o
 .debug_info    0x0000000000000089      0x1a1 /root/.jenkins/workspace/v4.1.0_release_build/fsbl/build/cv1800b_wdmb_0008a_spinor/bl2/cpu_helper.o
 .debug_info    0x000000000000022a      0x1e4 /root/.jenkins/workspace/v4.1.0_release_build/fsbl/build/cv1800b_wdmb_0008a_spinor/bl2/cache.o
 .debug_info    0x000000000000040e      0x45f /root/.jenkins/workspace/v4.1.0_release_build/fsbl/build/cv1800b_wdmb_0008a_spinor/bl2/delay_timer.o
 .debug_info    0x000000000000086d      0x3d6 /root/.jenkins/workspace/v4.1.0_release_build/fsbl/build/cv1800b_wdmb_0008a_spinor/bl2/bl2_helper.o
 .debug_info    0x0000000000000c43      0x33f /root/.jenkins/workspace/v4.1.0_release_build/fsbl/build/cv1800b_wdmb_0008a_spinor/bl2/uart_dw.o
 .debug_info    0x0000000000000f82      0x474 /root/.jenkins/workspace/v4.1.0_release_build/fsbl/build/cv1800b_wdmb_0008a_spinor/bl2/tf_printf.o
 .debug_info    0x00000000000013f6     0x1a6c /root/.jenkins/workspace/v4.1.0_release_build/fsbl/build/cv1800b_wdmb_0008a_spinor/bl2/platform.o
 .debug_info    0x0000000000002e62      0x99b /root/.jenkins/workspace/v4.1.0_release_build/fsbl/build/cv1800b_wdmb_0008a_spinor/bl2/security.o
 .debug_info    0x00000000000037fd      0x22a /root/.jenkins/workspace/v4.1.0_release_build/fsbl/build/cv1800b_wdmb_0008a_spinor/bl2/misc.o
 .debug_info    0x0000000000003a27      0x41f /root/.jenkins/workspace/v4.1.0_release_build/fsbl/build/cv1800b_wdmb_0008a_spinor/bl2/mem.o
 .debug_info    0x0000000000003e46      0x2d6 /root/.jenkins/workspace/v4.1.0_release_build/fsbl/build/cv1800b_wdmb_0008a_spinor/bl2/putchar.o
 .debug_info    0x000000000000411c      0x13d /root/.jenkins/workspace/v4.1.0_release_build/fsbl/build/cv1800b_wdmb_0008a_spinor/bl2/strcmp.o
 .debug_info    0x0000000000004259       0xf6 /root/.jenkins/workspace/v4.1.0_release_build/fsbl/build/cv1800b_wdmb_0008a_spinor/bl2/strlen.o
 .debug_info    0x000000000000434f      0x483 /root/.jenkins/workspace/v4.1.0_release_build/fsbl/build/cv1800b_wdmb_0008a_spinor/bl2/platform_device.o
 .debug_info    0x00000000000047d2     0x1dba /root/.jenkins/workspace/v4.1.0_release_build/fsbl/build/cv1800b_wdmb_0008a_spinor/bl2/bl2_main.o
 .debug_info    0x000000000000658c      0x9df /root/.jenkins/workspace/v4.1.0_release_build/fsbl/build/cv1800b_wdmb_0008a_spinor/bl2/decompress.o
 .debug_info    0x0000000000006f6b      0x3a2 /root/.jenkins/workspace/v4.1.0_release_build/fsbl/build/cv1800b_wdmb_0008a_spinor/bl2/cps_cvi.o
 .debug_info    0x000000000000730d     0x2fac /root/.jenkins/workspace/v4.1.0_release_build/fsbl/build/cv1800b_wdmb_0008a_spinor/bl2/usb_tty.o
 .debug_info    0x000000000000a2b9     0x3221 /root/.jenkins/workspace/v4.1.0_release_build/fsbl/build/cv1800b_wdmb_0008a_spinor/bl2/dwc2_udc_otg.o
 .debug_info    0x000000000000d4da     0x39b0 /root/.jenkins/workspace/v4.1.0_release_build/fsbl/build/cv1800b_wdmb_0008a_spinor/bl2/dwc2_udc_otg_xfer_dma.o
 .debug_info    0x0000000000010e8a      0x2b7 /root/.jenkins/workspace/v4.1.0_release_build/fsbl/build/cv1800b_wdmb_0008a_spinor/bl2/cv_usb.o
 .debug_info    0x0000000000011141      0x279 /root/.jenkins/workspace/v4.1.0_release_build/fsbl/build/cv1800b_wdmb_0008a_spinor/bl2/crc16.o
 .debug_info    0x00000000000113ba     0x17d0 /root/.jenkins/workspace/v4.1.0_release_build/fsbl/build/cv1800b_wdmb_0008a_spinor/bl2/LzmaDec.o
 .debug_info    0x0000000000012b8a    0x2854a /root/.jenkins/workspace/v4.1.0_release_build/fsbl/build/cv1800b_wdmb_0008a_spinor/bl2/lz4_all.o
 .debug_info    0x000000000003b0d4     0x4059 /root/.jenkins/workspace/v4.1.0_release_build/fsbl/build/cv1800b_wdmb_0008a_spinor/bl2/xxhash.o
 .debug_info    0x000000000003f12d      0x1a7 /root/.jenkins/workspace/v4.1.0_release_build/fsbl/build/cv1800b_wdmb_0008a_spinor/bl2/ddr.o
 .debug_info    0x000000000003f2d4      0x516 /root/.jenkins/workspace/v4.1.0_release_build/fsbl/build/cv1800b_wdmb_0008a_spinor/bl2/ddr_pkg_info.o
 .debug_info    0x000000000003f7ea     0x113b /root/.jenkins/workspace/v4.1.0_release_build/fsbl/build/cv1800b_wdmb_0008a_spinor/bl2/ddr_sys_bring_up.o
 .debug_info    0x0000000000040925    0x236ce /root/.jenkins/workspace/v4.1.0_release_build/fsbl/build/cv1800b_wdmb_0008a_spinor/bl2/ddr_sys.o
 .debug_info    0x0000000000063ff3      0x1e0 /root/.jenkins/workspace/v4.1.0_release_build/fsbl/build/cv1800b_wdmb_0008a_spinor/bl2/phy_pll_init.o
 .debug_info    0x00000000000641d3     0x11b2 /root/.jenkins/workspace/v4.1.0_release_build/fsbl/build/cv1800b_wdmb_0008a_spinor/bl2/cvx16_pinmux.o
 .debug_info    0x0000000000065385       0xc8 /root/.jenkins/workspace/v4.1.0_release_build/fsbl/build/cv1800b_wdmb_0008a_spinor/bl2/cvx16_dram_cap_check.o
 .debug_info    0x000000000006544d     0x1c32 /root/.jenkins/workspace/v4.1.0_release_build/fsbl/build/cv1800b_wdmb_0008a_spinor/bl2/ddrc_init.o
 .debug_info    0x000000000006707f     0x1fab /root/.jenkins/workspace/v4.1.0_release_build/fsbl/build/cv1800b_wdmb_0008a_spinor/bl2/phy_init.o
 .debug_info    0x000000000006902a       0x2e /root/.jenkins/workspace/v4.1.0_release_build/fsbl/build/cv1800b_wdmb_0008a_spinor/bl2/bl2_entrypoint.o

.debug_abbrev   0x0000000000000000     0x4ef5
 .debug_abbrev  0x0000000000000000       0x48 /root/.jenkins/workspace/v4.1.0_release_build/fsbl/build/cv1800b_wdmb_0008a_spinor/bl2/build_message.o
 .debug_abbrev  0x0000000000000048       0xc1 /root/.jenkins/workspace/v4.1.0_release_build/fsbl/build/cv1800b_wdmb_0008a_spinor/bl2/cpu_helper.o
 .debug_abbrev  0x0000000000000109       0xb0 /root/.jenkins/workspace/v4.1.0_release_build/fsbl/build/cv1800b_wdmb_0008a_spinor/bl2/cache.o
 .debug_abbrev  0x00000000000001b9      0x1ae /root/.jenkins/workspace/v4.1.0_release_build/fsbl/build/cv1800b_wdmb_0008a_spinor/bl2/delay_timer.o
 .debug_abbrev  0x0000000000000367      0x197 /root/.jenkins/workspace/v4.1.0_release_build/fsbl/build/cv1800b_wdmb_0008a_spinor/bl2/bl2_helper.o
 .debug_abbrev  0x00000000000004fe      0x187 /root/.jenkins/workspace/v4.1.0_release_build/fsbl/build/cv1800b_wdmb_0008a_spinor/bl2/uart_dw.o
 .debug_abbrev  0x0000000000000685      0x1e5 /root/.jenkins/workspace/v4.1.0_release_build/fsbl/build/cv1800b_wdmb_0008a_spinor/bl2/tf_printf.o