ap.o
ap_apcli.o
ap_assoc.o
ap_auth.o
ap_autoChSel.o
ap_cfg.o
ap_connect.o
ap_data.o
ap_dls.o
ap_ftkd.o
ap_ftrc.o
ap_ids.o
ap_mbss.o
ap_mlme.o
ap_nintendo.o
ap_qload.o
ap_sanity.o
ap_sync.o
ap_uapsd.o
ap_wds.o
ap_wpa.o
apcli_assoc.o
apcli_auth.o
apcli_ctrl.o
apcli_sync.o
rt30xx.o
rt305x.o
rt2880.o
rt2883.o
rt3070.o
rt3090.o
rt3572.o
acm_comm.o
acm_edca.o
acm_iocl.o
action.o
ba_action.o
cmm_aes.o
cmm_asic.o
cmm_cfg.o
cmm_data.o
cmm_data_pci.o
cmm_data_usb.o
cmm_info.o
cmm_mac_pci.o
cmm_mac_usb.o
cmm_mat.o
cmm_mat_iparp.o
cmm_mat_ipv6.o
cmm_mat_pppoe.o
cmm_profile.o
cmm_sanity.o
cmm_sync.o
cmm_tkip.o
cmm_wapi.o
cmm_wep.o
cmm_wpa.o
dfs.o
dfs_mcu.o
dh_key.o
ee_flash.o
eeprom.o
evp_enc.o
ft_iocl.o
hmac.o
igmp_snoop.o
led.o
md5.o
mesh.o
mesh_bmpkt.o
mesh_ctrl.o
mesh_forwarding.o
mesh_link_mng.o
mesh_path_mng.o
mesh_sanity.o
mesh_tlv.o
mlme.o
mlme_ex.o
netif_block.o
rt_channel.o
rt_rf.o
rtmp_init.o
rtmp_swmcu.o
rtmp_timer.o
rtusb_bulk.o
rtusb_data.o
rtusb_io.o
sha2.o
sms4.o
spectrum.o
wpi_pcrypt.o
wsc.o
wsc_tlv.o
ap_ioctl.o
pci_main_end.o
rbus_main_end.o
rt_main_end.o
rt_pci_rbus.o
rt_profile.o
rt_usb.o
rt_vxworks.o
usb_main_end.o
