Archive member included to satisfy reference by file (symbol)

comm/libcomm.a(comm_main.c.obj)
                              main/CMakeFiles/cvirtos.elf.dir/src/main.c.obj (main_cvirtos)
rgn/librgn.a(rgn_main.c.obj)  comm/libcomm.a(comm_main.c.obj) (prvRGNRunTask)
audio/libaudio.a(audio_main.c.obj)
                              comm/libcomm.a(comm_main.c.obj) (prvAudioRunTask)
audio/libaudio.a(cviaudio_algo_interface.c.obj)
                              audio/libaudio.a(audio_main.c.obj) (CviAud_Algo_Init)
audio/libaudio.a(cvi_ssp_interface.c.obj)
                              audio/libaudio.a(cviaudio_algo_interface.c.obj) (audio_ssp_init)
audio/libaudio.a(dc.c.obj)    audio/libaudio.a(cvi_ssp_interface.c.obj) (DC_remover_init)
audio/libaudio.a(delay.c.obj)
                              audio/libaudio.a(cvi_ssp_interface.c.obj) (delay_para)
audio/libaudio.a(dg.c.obj)    audio/libaudio.a(cvi_ssp_interface.c.obj) (DG_para)
audio/libaudio.a(eq.c.obj)    audio/libaudio.a(cvi_ssp_interface.c.obj) (equalizer_para)
audio/libaudio.a(lpaec.c.obj)
                              audio/libaudio.a(cvi_ssp_interface.c.obj) (LP_AEC_para)
audio/libaudio.a(lpaec_subfun.c.obj)
                              audio/libaudio.a(lpaec.c.obj) (DC_filter)
audio/libaudio.a(mmse.c.obj)  audio/libaudio.a(cvi_ssp_interface.c.obj) (NR)
audio/libaudio.a(mmse_init.c.obj)
                              audio/libaudio.a(cvi_ssp_interface.c.obj) (NR_para)
audio/libaudio.a(nlpaes.c.obj)
                              audio/libaudio.a(cvi_ssp_interface.c.obj) (NLP_AES_para)
audio/libaudio.a(nlpaes_subfun.c.obj)
                              audio/libaudio.a(nlpaes.c.obj) (filterbank_create)
audio/libaudio.a(notch.c.obj)
                              audio/libaudio.a(cvi_ssp_interface.c.obj) (notch_para)
audio/libaudio.a(packfft.c.obj)
                              audio/libaudio.a(lpaec.c.obj) (speech_fft_init)
audio/libaudio.a(power.c.obj)
                              audio/libaudio.a(mmse.c.obj) (c_power)
audio/libaudio.a(slope_detection.c.obj)
                              audio/libaudio.a(mmse.c.obj) (slope_detection)
audio/libaudio.a(sum.c.obj)   audio/libaudio.a(mmse.c.obj) (c_sum)
audio/libaudio.a(abs.c.obj)   audio/libaudio.a(mmse.c.obj) (a_abs)
audio/libaudio.a(agc.c.obj)   audio/libaudio.a(cvi_ssp_interface.c.obj) (AGC)
audio/libaudio.a(agc_init.c.obj)
                              audio/libaudio.a(cvi_ssp_interface.c.obj) (AGC_init)
audio/libaudio.a(agc_subfun.c.obj)
                              audio/libaudio.a(agc.c.obj) (envelope)
audio/libaudio.a(bessel.c.obj)
                              audio/libaudio.a(mmse.c.obj) (bessel_function)
audio/libaudio.a(db2linear.c.obj)
                              audio/libaudio.a(agc_init.c.obj) (db_to_linear)
audio/libaudio.a(dr_detection.c.obj)
                              audio/libaudio.a(mmse.c.obj) (dr_detection)
audio/libaudio.a(fftcore.c.obj)
                              audio/libaudio.a(packfft.c.obj) (core_drft_forward)
audio/libaudio.a(log.c.obj)   audio/libaudio.a(mmse.c.obj) (b_log)
audio/libaudio.a(mmse_rtwutil.c.obj)
                              audio/libaudio.a(abs.c.obj) (rt_hypotf)
/data/sam/proj_aiot/wanmosi/rls_sdk/sophpi-duo/sophpi-duo/cvi_mmf_sdk/freertos/cvitek/install/lib/libarch.a(cache.c.obj)
                              audio/libaudio.a(audio_main.c.obj) (inv_dcache_range)
/data/sam/proj_aiot/wanmosi/rls_sdk/sophpi-duo/sophpi-duo/cvi_mmf_sdk/freertos/cvitek/install/lib/libarch.a(start.S.obj)
                              (_start)
/data/sam/proj_aiot/wanmosi/rls_sdk/sophpi-duo/sophpi-duo/cvi_mmf_sdk/freertos/cvitek/install/lib/libcommon.a(memset.c.obj)
                              audio/libaudio.a(cviaudio_algo_interface.c.obj) (memset)
/data/sam/proj_aiot/wanmosi/rls_sdk/sophpi-duo/sophpi-duo/cvi_mmf_sdk/freertos/cvitek/install/lib/libcommon.a(printf.c.obj)
                              main/CMakeFiles/cvirtos.elf.dir/src/main.c.obj (printf)
/data/sam/proj_aiot/wanmosi/rls_sdk/sophpi-duo/sophpi-duo/cvi_mmf_sdk/freertos/cvitek/install/lib/libcommon.a(memcpy.S.obj)
                              audio/libaudio.a(cvi_ssp_interface.c.obj) (memcpy)
/data/sam/proj_aiot/wanmosi/rls_sdk/sophpi-duo/sophpi-duo/cvi_mmf_sdk/freertos/cvitek/install/lib/libcommon.a(sleep.c.obj)
                              audio/libaudio.a(audio_main.c.obj) (usleep)
/data/sam/proj_aiot/wanmosi/rls_sdk/sophpi-duo/sophpi-duo/cvi_mmf_sdk/freertos/cvitek/install/lib/libcommon.a(snprintf.c.obj)
                              /data/sam/proj_aiot/wanmosi/rls_sdk/sophpi-duo/sophpi-duo/cvi_mmf_sdk/freertos/cvitek/install/lib/libcommon.a(printf.c.obj) (vsnprintf)
/data/sam/proj_aiot/wanmosi/rls_sdk/sophpi-duo/sophpi-duo/cvi_mmf_sdk/freertos/cvitek/install/lib/libcommon.a(time.c.obj)
                              /data/sam/proj_aiot/wanmosi/rls_sdk/sophpi-duo/sophpi-duo/cvi_mmf_sdk/freertos/cvitek/install/lib/libcommon.a(printf.c.obj) (gettimeofday)
[...]
Memory Configuration

Name             Origin             Length             Attributes
psu_ddr_0_MEM_0  0x0000000083f40000 0x00000000000c0000
*default*        0x0000000000000000 0xffffffffffffffff

Linker script and memory map

LOAD main/CMakeFiles/cvirtos.elf.dir/src/FreeRTOS_tick_config.c.obj
LOAD main/CMakeFiles/cvirtos.elf.dir/src/main.c.obj
START GROUP
LOAD comm/libcomm.a
LOAD rgn/librgn.a
LOAD audio/libaudio.a
LOAD /data/sam/proj_aiot/wanmosi/rls_sdk/sophpi-duo/sophpi-duo/cvi_mmf_sdk/freertos/cvitek/install/lib/libarch.a
LOAD /data/sam/proj_aiot/wanmosi/rls_sdk/sophpi-duo/sophpi-duo/cvi_mmf_sdk/freertos/cvitek/install/lib/libaudio.a
LOAD /data/sam/proj_aiot/wanmosi/rls_sdk/sophpi-duo/sophpi-duo/cvi_mmf_sdk/freertos/cvitek/install/lib/libcomm.a
LOAD /data/sam/proj_aiot/wanmosi/rls_sdk/sophpi-duo/sophpi-duo/cvi_mmf_sdk/freertos/cvitek/install/lib/libcommon.a
LOAD /data/sam/proj_aiot/wanmosi/rls_sdk/sophpi-duo/sophpi-duo/cvi_mmf_sdk/freertos/cvitek/install/lib/libdriver.a
LOAD /data/sam/proj_aiot/wanmosi/rls_sdk/sophpi-duo/sophpi-duo/cvi_mmf_sdk/freertos/cvitek/install/lib/libhal.a
LOAD /data/sam/proj_aiot/wanmosi/rls_sdk/sophpi-duo/sophpi-duo/cvi_mmf_sdk/freertos/cvitek/install/lib/libkernel.a
LOAD /data/sam/proj_aiot/wanmosi/rls_sdk/sophpi-duo/sophpi-duo/cvi_mmf_sdk/freertos/cvitek/install/lib/librgn.a
LOAD /data/sam/proj_aiot/wanmosi/rls_sdk/sophpi-duo/host-tools/gcc/riscv64-elf-x86_64/bin/../lib/gcc/riscv64-unknown-elf/10.2.0/../../../../riscv64-unknown-elf/lib/rv64imafdc/lp64d/libm.a
LOAD /data/sam/proj_aiot/wanmosi/rls_sdk/sophpi-duo/host-tools/gcc/riscv64-elf-x86_64/bin/../lib/gcc/riscv64-unknown-elf/10.2.0/../../../../riscv64-unknown-elf/lib/rv64imafdc/lp64d/libc.a
LOAD /data/sam/proj_aiot/wanmosi/rls_sdk/sophpi-duo/host-tools/gcc/riscv64-elf-x86_64/bin/../lib/gcc/riscv64-unknown-elf/10.2.0/rv64imafdc/lp64d/libgcc.a
LOAD /data/sam/proj_aiot/wanmosi/rls_sdk/sophpi-duo/host-tools/gcc/riscv64-elf-x86_64/bin/../lib/gcc/riscv64-unknown-elf/10.2.0/../../../../riscv64-unknown-elf/lib/rv64imafdc/lp64d/libsim.a
END GROUP
                0x0000000080200000                CONFIG_SYS_TEXT_BASE = 0x80200000
                0x0000000000080000                CVIMMAP_ATF_SIZE = 0x80000
                0x0000000082473000                CVIMMAP_BOOTLOGO_ADDR = 0x82473000
                0x0000000000000000                CVIMMAP_BOOTLOGO_SIZE = 0x0
                0x0000000082300000                CVIMMAP_CONFIG_SYS_INIT_SP_ADDR = 0x82300000
                0x00000000813ffc00                CVIMMAP_CVI_UPDATE_HEADER_ADDR = 0x813ffc00
                0x0000000000000400                CVIMMAP_CVI_UPDATE_HEADER_SIZE = 0x400
                0x0000000080000000                CVIMMAP_DRAM_BASE = 0x80000000
                0x0000000004000000                CVIMMAP_DRAM_SIZE = 0x4000000
                0x0000000083f40000                CVIMMAP_FREERTOS_ADDR = 0x83f40000
                0x0000000000000000                CVIMMAP_FREERTOS_RESERVED_ION_SIZE = 0x0
                0x00000000000c0000                CVIMMAP_FREERTOS_SIZE = 0xc0000
                0x0000000083f40000                CVIMMAP_FSBL_C906L_START_ADDR = 0x83f40000
                0x0000000081400000                CVIMMAP_FSBL_UNZIP_ADDR = 0x81400000
                0x0000000000f00000                CVIMMAP_FSBL_UNZIP_SIZE = 0xf00000
                0x0000000082473000                CVIMMAP_H26X_BITSTREAM_ADDR = 0x82473000
                0x0000000000000000                CVIMMAP_H26X_BITSTREAM_SIZE = 0x0
                0x0000000082473000                CVIMMAP_H26X_ENC_BUFF_ADDR = 0x82473000
                0x0000000000000000                CVIMMAP_H26X_ENC_BUFF_SIZE = 0x0
                0x0000000082473000                CVIMMAP_ION_ADDR = 0x82473000
                0x0000000001acd000                CVIMMAP_ION_SIZE = 0x1acd000
                0x0000000082473000                CVIMMAP_ISP_MEM_BASE_ADDR = 0x82473000
                0x0000000000000000                CVIMMAP_ISP_MEM_BASE_SIZE = 0x0
                0x0000000080000000                CVIMMAP_KERNEL_MEMORY_ADDR = 0x80000000
                0x0000000003f40000                CVIMMAP_KERNEL_MEMORY_SIZE = 0x3f40000
                0x0000000080000000                CVIMMAP_MONITOR_ADDR = 0x80000000
                0x0000000080080000                CVIMMAP_OPENSBI_FDT_ADDR = 0x80080000
                0x0000000000080000                CVIMMAP_OPENSBI_SIZE = 0x80000
                0x0000000081400000                CVIMMAP_UIMAG_ADDR = 0x81400000
                0x0000000000f00000                CVIMMAP_UIMAG_SIZE = 0xf00000
                0x0000000000020000                _STACK_SIZE = DEFINED (_STACK_SIZE)?_STACK_SIZE:0x20000
                0x0000000000000400                _EL0_STACK_SIZE = DEFINED (_EL0_STACK_SIZE)?_EL0_STACK_SIZE:0x400
                0x0000000000000800                _EL1_STACK_SIZE = DEFINED (_EL1_STACK_SIZE)?_EL1_STACK_SIZE:0x800
                0x0000000000000400                _EL2_STACK_SIZE = DEFINED (_EL2_STACK_SIZE)?_EL2_STACK_SIZE:0x400

.text           0x0000000083f40000    0x10108
 *(.vectors)
 .vectors       0x0000000083f40000      0x100 /data/sam/proj_aiot/wanmosi/rls_sdk/sophpi-duo/sophpi-duo/cvi_mmf_sdk/freertos/cvitek/install/lib/libarch.a(start.S.obj)
                0x0000000083f40000                _start
 *(.boot)
 *(.text)
 .text          0x0000000083f40100       0xf6 /data/sam/proj_aiot/wanmosi/rls_sdk/sophpi-duo/sophpi-duo/cvi_mmf_sdk/freertos/cvitek/install/lib/libcommon.a(memcpy.S.obj)
                0x0000000083f40100                memcpy
 *fill*         0x0000000083f401f6        0xa 
 .text          0x0000000083f40200      0x390 /data/sam/proj_aiot/wanmosi/rls_sdk/sophpi-duo/sophpi-duo/cvi_mmf_sdk/freertos/cvitek/install/lib/libkernel.a(portASM.S.obj)
                0x0000000083f40200                freertos_risc_v_trap_handler
                0x0000000083f40400                xPortStartFirstTask
                0x0000000083f40500                pxPortInitialiseStack
 .text          0x0000000083f40590      0x20a /data/sam/proj_aiot/wanmosi/rls_sdk/sophpi-duo/host-tools/gcc/riscv64-elf-x86_64/bin/../lib/gcc/riscv64-unknown-elf/10.2.0/../../../../riscv64-unknown-elf/lib/rv64imafdc/lp64d/libm.a(lib_a-s_atan.o)
                0x0000000083f40590                atan
 .text          0x0000000083f4079a      0x138 /data/sam/proj_aiot/wanmosi/rls_sdk/sophpi-duo/host-tools/gcc/riscv64-elf-x86_64/bin/../lib/gcc/riscv64-unknown-elf/10.2.0/../../../../riscv64-unknown-elf/lib/rv64imafdc/lp64d/libm.a(lib_a-s_ceil.o)
                0x0000000083f4079a                ceil
 .text          0x0000000083f408d2       0x76 /data/sam/proj_aiot/wanmosi/rls_sdk/sophpi-duo/host-tools/gcc/riscv64-elf-x86_64/bin/../lib/gcc/riscv64-unknown-elf/10.2.0/../../../../riscv64-unknown-elf/lib/rv64imafdc/lp64d/libm.a(lib_a-s_cos.o)
                0x0000000083f408d2                cos
 .text          0x0000000083f40948       0x1a /data/sam/proj_aiot/wanmosi/rls_sdk/sophpi-duo/host-tools/gcc/riscv64-elf-x86_64/bin/../lib/gcc/riscv64-unknown-elf/10.2.0/../../../../riscv64-unknown-elf/lib/rv64imafdc/lp64d/libm.a(lib_a-s_fabs.o)
                0x0000000083f40948                fabs
 .text          0x0000000083f40962      0x13e /data/sam/proj_aiot/wanmosi/rls_sdk/sophpi-duo/host-tools/gcc/riscv64-elf-x86_64/bin/../lib/gcc/riscv64-unknown-elf/10.2.0/../../../../riscv64-unknown-elf/lib/rv64imafdc/lp64d/libm.a(lib_a-s_floor.o)
                0x0000000083f40962                floor
 .text          0x0000000083f40aa0       0xc6 /data/sam/proj_aiot/wanmosi/rls_sdk/sophpi-duo/host-tools/gcc/riscv64-elf-x86_64/bin/../lib/gcc/riscv64-unknown-elf/10.2.0/../../../../riscv64-unknown-elf/lib/rv64imafdc/lp64d/libm.a(lib_a-s_round.o)
                0x0000000083f40aa0                round
 .text          0x0000000083f40b66       0x78 /data/sam/proj_aiot/wanmosi/rls_sdk/sophpi-duo/host-tools/gcc/riscv64-elf-x86_64/bin/../lib/gcc/riscv64-unknown-elf/10.2.0/../../../../riscv64-unknown-elf/lib/rv64imafdc/lp64d/libm.a(lib_a-s_sin.o)
                0x0000000083f40b66                sin
 .text          0x0000000083f40bde        0x2 /data/sam/proj_aiot/wanmosi/rls_sdk/sophpi-duo/host-tools/gcc/riscv64-elf-x86_64/bin/../lib/gcc/riscv64-unknown-elf/10.2.0/../../../../riscv64-unknown-elf/lib/rv64imafdc/lp64d/libm.a(lib_a-w_atan2.o)
                0x0000000083f40bde                atan2
 .text          0x0000000083f40be0       0x7a /data/sam/proj_aiot/wanmosi/rls_sdk/sophpi-duo/host-tools/gcc/riscv64-elf-x86_64/bin/../lib/gcc/riscv64-unknown-elf/10.2.0/../../../../riscv64-unknown-elf/lib/rv64imafdc/lp64d/libm.a(lib_a-w_exp.o)
                0x0000000083f40be0                exp
 .text          0x0000000083f40c5a       0x68 /data/sam/proj_aiot/wanmosi/rls_sdk/sophpi-duo/host-tools/gcc/riscv64-elf-x86_64/bin/../lib/gcc/riscv64-unknown-elf/10.2.0/../../../../riscv64-unknown-elf/lib/rv64imafdc/lp64d/libm.a(lib_a-w_log.o)
                0x0000000083f40c5a                log
 .text          0x0000000083f40cc2      0x130 /data/sam/proj_aiot/wanmosi/rls_sdk/sophpi-duo/host-tools/gcc/riscv64-elf-x86_64/bin/../lib/gcc/riscv64-unknown-elf/10.2.0/../../../../riscv64-unknown-elf/lib/rv64imafdc/lp64d/libm.a(lib_a-w_pow.o)
                0x0000000083f40cc2                pow
 .text          0x0000000083f40df2       0x50 /data/sam/proj_aiot/wanmosi/rls_sdk/sophpi-duo/host-tools/gcc/riscv64-elf-x86_64/bin/../lib/gcc/riscv64-unknown-elf/10.2.0/../../../../riscv64-unknown-elf/lib/rv64imafdc/lp64d/libm.a(lib_a-w_sqrt.o)
                0x0000000083f40df2                sqrt
 .text          0x0000000083f40e42      0x1ea /data/sam/proj_aiot/wanmosi/rls_sdk/sophpi-duo/host-tools/gcc/riscv64-elf-x86_64/bin/../lib/gcc/riscv64-unknown-elf/10.2.0/../../../../riscv64-unknown-elf/lib/rv64imafdc/lp64d/libm.a(lib_a-e_atan2.o)
                0x0000000083f40e42                __ieee754_atan2
 .text          0x0000000083f4102c      0x27e /data/sam/proj_aiot/wanmosi/rls_sdk/sophpi-duo/host-tools/gcc/riscv64-elf-x86_64/bin/../lib/gcc/riscv64-unknown-elf/10.2.0/../../../../riscv64-unknown-elf/lib/rv64imafdc/lp64d/libm.a(lib_a-e_exp.o)
                0x0000000083f4102c                __ieee754_exp
 .text          0x0000000083f412aa      0x250 /data/sam/proj_aiot/wanmosi/rls_sdk/sophpi-duo/host-tools/gcc/riscv64-elf-x86_64/bin/../lib/gcc/riscv64-unknown-elf/10.2.0/../../../../riscv64-unknown-elf/lib/rv64imafdc/lp64d/libm.a(lib_a-e_log.o)
                0x0000000083f412aa                __ieee754_log
 .text          0x0000000083f414fa      0x774 /data/sam/proj_aiot/wanmosi/rls_sdk/sophpi-duo/host-tools/gcc/riscv64-elf-x86_64/bin/../lib/gcc/riscv64-unknown-elf/10.2.0/../../../../riscv64-unknown-elf/lib/rv64imafdc/lp64d/libm.a(lib_a-e_pow.o)
                0x0000000083f414fa                __ieee754_pow
 .text          0x0000000083f41c6e      0x2c6 /data/sam/proj_aiot/wanmosi/rls_sdk/sophpi-duo/host-tools/gcc/riscv64-elf-x86_64/bin/../lib/gcc/riscv64-unknown-elf/10.2.0/../../../../riscv64-unknown-elf/lib/rv64imafdc/lp64d/libm.a(lib_a-e_rem_pio2.o)
                0x0000000083f41c6e                __ieee754_rem_pio2
 .text          0x0000000083f41f34      0x1dc /data/sam/proj_aiot/wanmosi/rls_sdk/sophpi-duo/host-tools/gcc/riscv64-elf-x86_64/bin/../lib/gcc/riscv64-unknown-elf/10.2.0/../../../../riscv64-unknown-elf/lib/rv64imafdc/lp64d/libm.a(lib_a-e_sqrt.o)
                0x0000000083f41f34                __ieee754_sqrt
 .text          0x0000000083f42110      0x148 /data/sam/proj_aiot/wanmosi/rls_sdk/sophpi-duo/host-tools/gcc/riscv64-elf-x86_64/bin/../lib/gcc/riscv64-unknown-elf/10.2.0/../../../../riscv64-unknown-elf/lib/rv64imafdc/lp64d/libm.a(lib_a-k_cos.o)
                0x0000000083f42110                __kernel_cos
 .text          0x0000000083f42258      0x758 /data/sam/proj_aiot/wanmosi/rls_sdk/sophpi-duo/host-tools/gcc/riscv64-elf-x86_64/bin/../lib/gcc/riscv64-unknown-elf/10.2.0/../../../../riscv64-unknown-elf/lib/rv64imafdc/lp64d/libm.a(lib_a-k_rem_pio2.o)
                0x0000000083f42258                __kernel_rem_pio2
 .text          0x0000000083f429b0       0xa4 /data/sam/proj_aiot/wanmosi/rls_sdk/sophpi-duo/host-tools/gcc/riscv64-elf-x86_64/bin/../lib/gcc/riscv64-unknown-elf/10.2.0/../../../../riscv64-unknown-elf/lib/rv64imafdc/lp64d/libm.a(lib_a-k_sin.o)
                0x0000000083f429b0                __kernel_sin
 .text          0x0000000083f42a54       0x14 /data/sam/proj_aiot/wanmosi/rls_sdk/sophpi-duo/host-tools/gcc/riscv64-elf-x86_64/bin/../lib/gcc/riscv64-unknown-elf/10.2.0/../../../../riscv64-unknown-elf/lib/rv64imafdc/lp64d/libm.a(lib_a-s_finite.o)
                0x0000000083f42a54                finite
 .text          0x0000000083f42a68        0xa /data/sam/proj_aiot/wanmosi/rls_sdk/sophpi-duo/host-tools/gcc/riscv64-elf-x86_64/bin/../lib/gcc/riscv64-unknown-elf/10.2.0/../../../../riscv64-unknown-elf/lib/rv64imafdc/lp64d/libm.a(lib_a-s_nan.o)
                0x0000000083f42a68                nan
 .text          0x0000000083f42a72      0x16a /data/sam/proj_aiot/wanmosi/rls_sdk/sophpi-duo/host-tools/gcc/riscv64-elf-x86_64/bin/../lib/gcc/riscv64-unknown-elf/10.2.0/../../../../riscv64-unknown-elf/lib/rv64imafdc/lp64d/libm.a(lib_a-s_rint.o)
                0x0000000083f42a72                rint
 .text          0x0000000083f42bdc      0x12a /data/sam/proj_aiot/wanmosi/rls_sdk/sophpi-duo/host-tools/gcc/riscv64-elf-x86_64/bin/../lib/gcc/riscv64-unknown-elf/10.2.0/../../../../riscv64-unknown-elf/lib/rv64imafdc/lp64d/libm.a(lib_a-s_scalbn.o)
                0x0000000083f42bdc                scalbn
 .text          0x0000000083f42d06        0xa /data/sam/proj_aiot/wanmosi/rls_sdk/sophpi-duo/host-tools/gcc/riscv64-elf-x86_64/bin/../lib/gcc/riscv64-unknown-elf/10.2.0/../../../../riscv64-unknown-elf/lib/rv64imafdc/lp64d/libc.a(lib_a-abs.o)
                0x0000000083f42d06                abs
 .text          0x0000000083f42d10        0xa /data/sam/proj_aiot/wanmosi/rls_sdk/sophpi-duo/host-tools/gcc/riscv64-elf-x86_64/bin/../lib/gcc/riscv64-unknown-elf/10.2.0/../../../../riscv64-unknown-elf/lib/rv64imafdc/lp64d/libc.a(lib_a-errno.o)
                0x0000000083f42d10                __errno
 .text          0x0000000083f42d1a       0xd6 /data/sam/proj_aiot/wanmosi/rls_sdk/sophpi-duo/host-tools/gcc/riscv64-elf-x86_64/bin/../lib/gcc/riscv64-unknown-elf/10.2.0/../../../../riscv64-unknown-elf/lib/rv64imafdc/lp64d/libc.a(lib_a-memmove-stub.o)
                0x0000000083f42d1a                memmove
 .text          0x0000000083f42df0       0x30 /data/sam/proj_aiot/wanmosi/rls_sdk/sophpi-duo/host-tools/gcc/riscv64-elf-x86_64/bin/../lib/gcc/riscv64-unknown-elf/10.2.0/rv64imafdc/lp64d/libgcc.a(_clzsi2.o)
                0x0000000083f42df0                __clzdi2
 *(.text.*)
 .text.startup.main
                0x0000000083f42e20       0x34 main/CMakeFiles/cvirtos.elf.dir/src/main.c.obj
                0x0000000083f42e20                main
 .text.vApplicationMallocFailedHook
                0x0000000083f42e54       0x1a main/CMakeFiles/cvirtos.elf.dir/src/main.c.obj
                0x0000000083f42e54                vApplicationMallocFailedHook
 .text.vApplicationStackOverflowHook
                0x0000000083f42e6e       0x28 main/CMakeFiles/cvirtos.elf.dir/src/main.c.obj
                0x0000000083f42e6e                vApplicationStackOverflowHook
 .text.vApplicationTickHook
                0x0000000083f42e96        0x2 main/CMakeFiles/cvirtos.elf.dir/src/main.c.obj
                0x0000000083f42e96                vApplicationTickHook
 .text.vApplicationGetIdleTaskMemory
                0x0000000083f42e98       0x1c main/CMakeFiles/cvirtos.elf.dir/src/main.c.obj
                0x0000000083f42e98                vApplicationGetIdleTaskMemory
 .text.vApplicationGetTimerTaskMemory
                0x0000000083f42eb4       0x1e main/CMakeFiles/cvirtos.elf.dir/src/main.c.obj
                0x0000000083f42eb4                vApplicationGetTimerTaskMemory
 .text.prvCmdQuRunTask
                0x0000000083f42ed2      0x298 comm/libcomm.a(comm_main.c.obj)
                0x0000000083f42ed2                prvCmdQuRunTask
 .text.prvQueueISR
                0x0000000083f4316a      0x186 comm/libcomm.a(comm_main.c.obj)
                0x0000000083f4316a                prvQueueISR
 .text.main_GetMODHandle
                0x0000000083f432f0       0x24 comm/libcomm.a(comm_main.c.obj)
                0x0000000083f432f0                main_GetMODHandle
 .text.main_create_tasks
                0x0000000083f43314       0x4e comm/libcomm.a(comm_main.c.obj)
                0x0000000083f43314                main_create_tasks
 .text.main_cvirtos
                0x0000000083f43362       0x36 comm/libcomm.a(comm_main.c.obj)
                0x0000000083f43362                main_cvirtos
 .text.prvRGNRunTask
                0x0000000083f43398      0x398 rgn/librgn.a(rgn_main.c.obj)
                0x0000000083f43398                prvRGNRunTask
 .text.cvi_audio_init_test
                0x0000000083f43730       0x56 audio/libaudio.a(audio_main.c.obj)
                0x0000000083f43730                cvi_audio_init_test
 .text.prvAudioRunTask
                0x0000000083f43786      0x876 audio/libaudio.a(audio_main.c.obj)
                0x0000000083f43786                prvAudioRunTask
 .text.CviAud_Algo_Init
                0x0000000083f43ffc       0xa4 audio/libaudio.a(cviaudio_algo_interface.c.obj)
                0x0000000083f43ffc                CviAud_Algo_Init
 .text.CviAud_Algo_Process
                0x0000000083f440a0       0x6c audio/libaudio.a(cviaudio_algo_interface.c.obj)
                0x0000000083f440a0                CviAud_Algo_Process
 .text.CviAud_Algo_DeInit
                0x0000000083f4410c       0x38 audio/libaudio.a(cviaudio_algo_interface.c.obj)
                0x0000000083f4410c                CviAud_Algo_DeInit
 .text.audio_ssp_init
                0x0000000083f44144      0x37a audio/libaudio.a(cvi_ssp_interface.c.obj)
                0x0000000083f44144                audio_ssp_init
 .text.audio_ssp_process
                0x0000000083f444be      0x4e4 audio/libaudio.a(cvi_ssp_interface.c.obj)
                0x0000000083f444be                audio_ssp_process
 .text.audio_ssp_deinit
                0x0000000083f449a2       0xde audio/libaudio.a(cvi_ssp_interface.c.obj)
                0x0000000083f449a2                audio_ssp_deinit
 .text.DC_remover_init
                0x0000000083f44a80       0x46 audio/libaudio.a(dc.c.obj)
                0x0000000083f44a80                DC_remover_init
 .text.DC_remover
                0x0000000083f44ac6      0x106 audio/libaudio.a(dc.c.obj)
                0x0000000083f44ac6                DC_remover
 .text.delay_para
                0x0000000083f44bcc       0x26 audio/libaudio.a(delay.c.obj)
                0x0000000083f44bcc                delay_para
 .text.delay_init
                0x0000000083f44bf2       0x82 audio/libaudio.a(delay.c.obj)
                0x0000000083f44bf2                delay_init
 .text.delay_free
                0x0000000083f44c74       0x1a audio/libaudio.a(delay.c.obj)
                0x0000000083f44c74                delay_free
 .text.delay_ref
                0x0000000083f44c8e       0x52 audio/libaudio.a(delay.c.obj)
                0x0000000083f44c8e                delay_ref
 .text.DG_para  0x0000000083f44ce0       0x58 audio/libaudio.a(dg.c.obj)
                0x0000000083f44ce0                DG_para
 .text.apply_DG
                0x0000000083f44d38       0x88 audio/libaudio.a(dg.c.obj)
                0x0000000083f44d38                apply_DG
 .text.compen_DG
                0x0000000083f44dc0       0xbc audio/libaudio.a(dg.c.obj)
                0x0000000083f44dc0                compen_DG
 .text.LP_AEC_para
                0x0000000083f44e7c       0x42 audio/libaudio.a(lpaec.c.obj)
                0x0000000083f44e7c                LP_AEC_para
 .text.LP_AEC_init
                0x0000000083f44ebe      0x4d8 audio/libaudio.a(lpaec.c.obj)
                0x0000000083f44ebe                LP_AEC_init
 .text.echo_state_reset
                0x0000000083f45396      0x12c audio/libaudio.a(lpaec.c.obj)
                0x0000000083f45396                echo_state_reset
 .text.LP_AEC_free
                0x0000000083f454c2       0xb8 audio/libaudio.a(lpaec.c.obj)
                0x0000000083f454c2                LP_AEC_free
 .text.LP_AEC   0x0000000083f4557a      0xcd8 audio/libaudio.a(lpaec.c.obj)
                0x0000000083f4557a                LP_AEC
 .text.DC_filter
                0x0000000083f46252       0x78 audio/libaudio.a(lpaec_subfun.c.obj)
                0x0000000083f46252                DC_filter
 .text.inner_prod
                0x0000000083f462ca       0x46 audio/libaudio.a(lpaec_subfun.c.obj)
                0x0000000083f462ca                inner_prod
 .text.bin_power_spectrum
                0x0000000083f46310       0x7e audio/libaudio.a(lpaec_subfun.c.obj)
                0x0000000083f46310                bin_power_spectrum
 .text.accum_power_spectrum
                0x0000000083f4638e       0x92 audio/libaudio.a(lpaec_subfun.c.obj)
                0x0000000083f4638e                accum_power_spectrum
 .text.accum_spectral_mul
                0x0000000083f46420       0xf0 audio/libaudio.a(lpaec_subfun.c.obj)
                0x0000000083f46420                accum_spectral_mul
 .text.weighted_gradient_phi
                0x0000000083f46510       0xd2 audio/libaudio.a(lpaec_subfun.c.obj)
                0x0000000083f46510                weighted_gradient_phi
 .text.aec_adjust_prop
                0x0000000083f465e2      0x114 audio/libaudio.a(lpaec_subfun.c.obj)
                0x0000000083f465e2                aec_adjust_prop
 .text.NR       0x0000000083f466f6      0xccc audio/libaudio.a(mmse.c.obj)
                0x0000000083f466f6                NR
 .text.NR_para  0x0000000083f473c2      0x11c audio/libaudio.a(mmse_init.c.obj)
                0x0000000083f473c2                NR_para
 .text.NR_init  0x0000000083f474de      0x2da audio/libaudio.a(mmse_init.c.obj)
                0x0000000083f474de                NR_init
 .text.NR_free  0x0000000083f477b8       0x62 audio/libaudio.a(mmse_init.c.obj)
                0x0000000083f477b8                NR_free
 .text.NLP_AES_para
                0x0000000083f4781a       0x76 audio/libaudio.a(nlpaes.c.obj)
                0x0000000083f4781a                NLP_AES_para
 .text.NLP_AES_init
                0x0000000083f47890      0x2ba audio/libaudio.a(nlpaes.c.obj)
                0x0000000083f47890                NLP_AES_init
 .text.NLP_AES_free
                0x0000000083f47b4a       0x86 audio/libaudio.a(nlpaes.c.obj)
                0x0000000083f47b4a                NLP_AES_free
 .text.std_residual_echo
                0x0000000083f47bd0      0x328 audio/libaudio.a(nlpaes.c.obj)
                0x0000000083f47bd0                std_residual_echo
 .text.NLP_AES  0x0000000083f47ef8      0x86c audio/libaudio.a(nlpaes.c.obj)
                0x0000000083f47ef8                NLP_AES
 .text.filterbank_create
                0x0000000083f48764      0x20c audio/libaudio.a(nlpaes_subfun.c.obj)
                0x0000000083f48764                filterbank_create
 .text.filterbank_free
                0x0000000083f48970       0x2c audio/libaudio.a(nlpaes_subfun.c.obj)
                0x0000000083f48970                filterbank_free
 .text.filterbank_linear2sb
                0x0000000083f4899c       0x7c audio/libaudio.a(nlpaes_subfun.c.obj)
                0x0000000083f4899c                filterbank_linear2sb
 .text.filterbank_sb2linear
                0x0000000083f48a18       0x58 audio/libaudio.a(nlpaes_subfun.c.obj)
                0x0000000083f48a18                filterbank_sb2linear
 .text.aes_conj_window
                0x0000000083f48a70      0x132 audio/libaudio.a(nlpaes_subfun.c.obj)
                0x0000000083f48a70                aes_conj_window
 .text.aes_hypergeom_gain
                0x0000000083f48ba2       0xc6 audio/libaudio.a(nlpaes_subfun.c.obj)
                0x0000000083f48ba2                aes_hypergeom_gain
 .text.aes_qcurve
                0x0000000083f48c68       0x1e audio/libaudio.a(nlpaes_subfun.c.obj)
                0x0000000083f48c68                aes_qcurve
 .text.aes_gain_floor
                0x0000000083f48c86       0x98 audio/libaudio.a(nlpaes_subfun.c.obj)
                0x0000000083f48c86                aes_gain_floor
 .text.aes_analysis
                0x0000000083f48d1e      0x16c audio/libaudio.a(nlpaes_subfun.c.obj)
                0x0000000083f48d1e                aes_analysis
 .text.notch_para
                0x0000000083f48e8a       0x48 audio/libaudio.a(notch.c.obj)
                0x0000000083f48e8a                notch_para
 .text.notch_init
                0x0000000083f48ed2       0x1a audio/libaudio.a(notch.c.obj)
                0x0000000083f48ed2                notch_init
 .text.notch_filter
                0x0000000083f48eec      0x16a audio/libaudio.a(notch.c.obj)
                0x0000000083f48eec                notch_filter
 .text.speech_fft_init
                0x0000000083f49056       0x2e audio/libaudio.a(packfft.c.obj)
                0x0000000083f49056                speech_fft_init
 .text.speech_fft_free
                0x0000000083f49084       0x18 audio/libaudio.a(packfft.c.obj)
                0x0000000083f49084                speech_fft_free
 .text.speech_fft
                0x0000000083f4909c       0x6c audio/libaudio.a(packfft.c.obj)
                0x0000000083f4909c                speech_fft
 .text.speech_ifft
                0x0000000083f49108       0x2c audio/libaudio.a(packfft.c.obj)
                0x0000000083f49108                speech_ifft
 .text.c_power  0x0000000083f49134       0x2c audio/libaudio.a(power.c.obj)
                0x0000000083f49134                c_power
 .text.d_power  0x0000000083f49160       0x3a audio/libaudio.a(power.c.obj)
                0x0000000083f49160                d_power
 .text.slope_detection
                0x0000000083f4919a       0xbc audio/libaudio.a(slope_detection.c.obj)
                0x0000000083f4919a                slope_detection
 .text.c_sum    0x0000000083f49256       0x2e audio/libaudio.a(sum.c.obj)
                0x0000000083f49256                c_sum
 .text.a_abs    0x0000000083f49284       0x4a audio/libaudio.a(abs.c.obj)
                0x0000000083f49284                a_abs
 .text.AGC      0x0000000083f492ce      0x462 audio/libaudio.a(agc.c.obj)
                0x0000000083f492ce                AGC
 .text.AGC_init
                0x0000000083f49730       0x8e audio/libaudio.a(agc_init.c.obj)
                0x0000000083f49730                AGC_init
 .text.AGC_para
                0x0000000083f497be      0x1f4 audio/libaudio.a(agc_init.c.obj)
                0x0000000083f497be                AGC_para
 .text.envelope
                0x0000000083f499b2       0x56 audio/libaudio.a(agc_subfun.c.obj)
                0x0000000083f499b2                envelope
 .text.update_gain
                0x0000000083f49a08       0x42 audio/libaudio.a(agc_subfun.c.obj)
                0x0000000083f49a08                update_gain
 .text.bessel_function
                0x0000000083f49a4a      0x11e audio/libaudio.a(bessel.c.obj)
                0x0000000083f49a4a                bessel_function
 .text.db_to_linear
                0x0000000083f49b68       0x3e audio/libaudio.a(db2linear.c.obj)
                0x0000000083f49b68                db_to_linear
 .text.dr_detection
                0x0000000083f49ba6      0x18c audio/libaudio.a(dr_detection.c.obj)
                0x0000000083f49ba6                dr_detection
 .text.dradf2   0x0000000083f49d32      0x174 audio/libaudio.a(fftcore.c.obj)
 .text.dradf4   0x0000000083f49ea6      0x30a audio/libaudio.a(fftcore.c.obj)
 .text.dradb2   0x0000000083f4a1b0      0x174 audio/libaudio.a(fftcore.c.obj)
 .text.dradb3   0x0000000083f4a324      0x1cc audio/libaudio.a(fftcore.c.obj)
 .text.dradb4   0x0000000083f4a4f0      0x302 audio/libaudio.a(fftcore.c.obj)
 .text.dradfg   0x0000000083f4a7f2      0x8f6 audio/libaudio.a(fftcore.c.obj)
 .text.dradbg   0x0000000083f4b0e8      0x7fc audio/libaudio.a(fftcore.c.obj)
 .text.core_drft_forward
                0x0000000083f4b8e4      0x174 audio/libaudio.a(fftcore.c.obj)
                0x0000000083f4b8e4                core_drft_forward
 .text.core_drft_backward
                0x0000000083f4ba58      0x190 audio/libaudio.a(fftcore.c.obj)
                0x0000000083f4ba58                core_drft_backward
 .text.core_drft_init
                0x0000000083f4bbe8      0x20a audio/libaudio.a(fftcore.c.obj)
                0x0000000083f4bbe8                core_drft_init
 .text.core_drft_clear
                0x0000000083f4bdf2       0x2a audio/libaudio.a(fftcore.c.obj)
                0x0000000083f4bdf2                core_drft_clear
 .text.b_log    0x0000000083f4be1c       0x32 audio/libaudio.a(log.c.obj)
                0x0000000083f4be1c                b_log
 .text.rt_hypotf
                0x0000000083f4be4e       0xc2 audio/libaudio.a(mmse_rtwutil.c.obj)
                0x0000000083f4be4e                rt_hypotf
 .text.inv_dcache_range
                0x0000000083f4bf10       0x24 /data/sam/proj_aiot/wanmosi/rls_sdk/sophpi-duo/sophpi-duo/cvi_mmf_sdk/freertos/cvitek/install/lib/libarch.a(cache.c.obj)
                0x0000000083f4bf10                inv_dcache_range
 .text.clean_dcache_range
                0x0000000083f4bf34       0x24 /data/sam/proj_aiot/wanmosi/rls_sdk/sophpi-duo/sophpi-duo/cvi_mmf_sdk/freertos/cvitek/install/lib/libarch.a(cache.c.obj)
                0x0000000083f4bf34                clean_dcache_range
 .text.flush_dcache_range
                0x0000000083f4bf58       0x24 /data/sam/proj_aiot/wanmosi/rls_sdk/sophpi-duo/sophpi-duo/cvi_mmf_sdk/freertos/cvitek/install/lib/libarch.a(cache.c.obj)
                0x0000000083f4bf58                flush_dcache_range
 .text.memset   0x0000000083f4bf7c       0x18 /data/sam/proj_aiot/wanmosi/rls_sdk/sophpi-duo/sophpi-duo/cvi_mmf_sdk/freertos/cvitek/install/lib/libcommon.a(memset.c.obj)
                0x0000000083f4bf7c                memset
 .text.printf   0x0000000083f4bf94       0x62 /data/sam/proj_aiot/wanmosi/rls_sdk/sophpi-duo/sophpi-duo/cvi_mmf_sdk/freertos/cvitek/install/lib/libcommon.a(printf.c.obj)
                0x0000000083f4bf94                printf
 .text.usleep   0x0000000083f4bff6        0x4 /data/sam/proj_aiot/wanmosi/rls_sdk/sophpi-duo/sophpi-duo/cvi_mmf_sdk/freertos/cvitek/install/lib/libcommon.a(sleep.c.obj)
                0x0000000083f4bff6                usleep
 .text.vsnprintf
                0x0000000083f4bffa      0x276 /data/sam/proj_aiot/wanmosi/rls_sdk/sophpi-duo/sophpi-duo/cvi_mmf_sdk/freertos/cvitek/install/lib/libcommon.a(snprintf.c.obj)
                0x0000000083f4bffa                vsnprintf
 .text.snprintf
                0x0000000083f4c270       0x20 /data/sam/proj_aiot/wanmosi/rls_sdk/sophpi-duo/sophpi-duo/cvi_mmf_sdk/freertos/cvitek/install/lib/libcommon.a(snprintf.c.obj)
                0x0000000083f4c270                snprintf
 .text.gettimeofday
                0x0000000083f4c290       0x36 /data/sam/proj_aiot/wanmosi/rls_sdk/sophpi-duo/sophpi-duo/cvi_mmf_sdk/freertos/cvitek/install/lib/libcommon.a(time.c.obj)
                0x0000000083f4c290                gettimeofday
 .text.plic_ack_irq
                0x0000000083f4c2c6        0xe /data/sam/proj_aiot/wanmosi/rls_sdk/sophpi-duo/sophpi-duo/cvi_mmf_sdk/freertos/cvitek/install/lib/libdriver.a(system.c.obj)
 .text.plic_eoi_irq
                0x0000000083f4c2d4        0xc /data/sam/proj_aiot/wanmosi/rls_sdk/sophpi-duo/sophpi-duo/cvi_mmf_sdk/freertos/cvitek/install/lib/libdriver.a(system.c.obj)
 .text.plic_set_priority_irq
                0x0000000083f4c2e0       0x12 /data/sam/proj_aiot/wanmosi/rls_sdk/sophpi-duo/sophpi-duo/cvi_mmf_sdk/freertos/cvitek/install/lib/libdriver.a(system.c.obj)
 .text.plic_set_threshold
                0x0000000083f4c2f2        0xc /data/sam/proj_aiot/wanmosi/rls_sdk/sophpi-duo/sophpi-duo/cvi_mmf_sdk/freertos/cvitek/install/lib/libdriver.a(system.c.obj)
 .text.plic_unmask_irq
                0x0000000083f4c2fe       0x48 /data/sam/proj_aiot/wanmosi/rls_sdk/sophpi-duo/sophpi-duo/cvi_mmf_sdk/freertos/cvitek/install/lib/libdriver.a(system.c.obj)
 .text.GetCommInfo
                0x0000000083f4c346       0xce /data/sam/proj_aiot/wanmosi/rls_sdk/sophpi-duo/sophpi-duo/cvi_mmf_sdk/freertos/cvitek/install/lib/libdriver.a(system.c.obj)
                0x0000000083f4c346                GetCommInfo
 .text.post_system_init
                0x0000000083f4c414       0x18 /data/sam/proj_aiot/wanmosi/rls_sdk/sophpi-duo/sophpi-duo/cvi_mmf_sdk/freertos/cvitek/install/lib/libdriver.a(system.c.obj)
                0x0000000083f4c414                post_system_init
 .text.irq_init
                0x0000000083f4c42c       0x68 /data/sam/proj_aiot/wanmosi/rls_sdk/sophpi-duo/sophpi-duo/cvi_mmf_sdk/freertos/cvitek/install/lib/libdriver.a(system.c.obj)
                0x0000000083f4c42c                irq_init
 .text.pre_system_init
                0x0000000083f4c494       0x20 /data/sam/proj_aiot/wanmosi/rls_sdk/sophpi-duo/sophpi-duo/cvi_mmf_sdk/freertos/cvitek/install/lib/libdriver.a(system.c.obj)
                0x0000000083f4c494                pre_system_init
 .text.request_irq
                0x0000000083f4c4b4       0x74 /data/sam/proj_aiot/wanmosi/rls_sdk/sophpi-duo/sophpi-duo/cvi_mmf_sdk/freertos/cvitek/install/lib/libdriver.a(system.c.obj)
                0x0000000083f4c4b4                request_irq
 .text.do_irq   0x0000000083f4c528       0x60 /data/sam/proj_aiot/wanmosi/rls_sdk/sophpi-duo/sophpi-duo/cvi_mmf_sdk/freertos/cvitek/install/lib/libdriver.a(system.c.obj)
                0x0000000083f4c528                do_irq
 .text.pinmux_init
                0x0000000083f4c588        0x2 /data/sam/proj_aiot/wanmosi/rls_sdk/sophpi-duo/sophpi-duo/cvi_mmf_sdk/freertos/cvitek/install/lib/libdriver.a(pinmux.c.obj)
                0x0000000083f4c588                pinmux_init
 .text.uart_init
                0x0000000083f4c58a       0x14 /data/sam/proj_aiot/wanmosi/rls_sdk/sophpi-duo/sophpi-duo/cvi_mmf_sdk/freertos/cvitek/install/lib/libdriver.a(uart.c.obj)
                0x0000000083f4c58a                uart_init
 .text.uart_puts
                0x0000000083f4c59e       0x4a /data/sam/proj_aiot/wanmosi/rls_sdk/sophpi-duo/sophpi-duo/cvi_mmf_sdk/freertos/cvitek/install/lib/libdriver.a(uart.c.obj)
                0x0000000083f4c59e                uart_puts
 .text.dump_uart_init
                0x0000000083f4c5e8       0xde /data/sam/proj_aiot/wanmosi/rls_sdk/sophpi-duo/sophpi-duo/cvi_mmf_sdk/freertos/cvitek/install/lib/libdriver.a(uart.c.obj)
                0x0000000083f4c5e8                dump_uart_init
 .text.dump_uart_enable
                0x0000000083f4c6c6       0x18 /data/sam/proj_aiot/wanmosi/rls_sdk/sophpi-duo/sophpi-duo/cvi_mmf_sdk/freertos/cvitek/install/lib/libdriver.a(uart.c.obj)
                0x0000000083f4c6c6                dump_uart_enable
 .text.dump_uart_disable
                0x0000000083f4c6de       0x18 /data/sam/proj_aiot/wanmosi/rls_sdk/sophpi-duo/sophpi-duo/cvi_mmf_sdk/freertos/cvitek/install/lib/libdriver.a(uart.c.obj)
                0x0000000083f4c6de                dump_uart_disable
 .text.dump_uart_msg
                0x0000000083f4c6f6       0x66 /data/sam/proj_aiot/wanmosi/rls_sdk/sophpi-duo/sophpi-duo/cvi_mmf_sdk/freertos/cvitek/install/lib/libdriver.a(uart.c.obj)
                0x0000000083f4c6f6                dump_uart_msg
 .text.uart_put_buff
                0x0000000083f4c75c      0x392 /data/sam/proj_aiot/wanmosi/rls_sdk/sophpi-duo/sophpi-duo/cvi_mmf_sdk/freertos/cvitek/install/lib/libdriver.a(uart.c.obj)
                0x0000000083f4c75c                uart_put_buff
 .text.cvi_spinlock_init
                0x0000000083f4caee       0x58 /data/sam/proj_aiot/wanmosi/rls_sdk/sophpi-duo/sophpi-duo/cvi_mmf_sdk/freertos/cvitek/install/lib/libdriver.a(cvi_spinlock.c.obj)
                0x0000000083f4caee                cvi_spinlock_init
 .text.hw_spin_lock
                0x0000000083f4cb46       0xdc /data/sam/proj_aiot/wanmosi/rls_sdk/sophpi-duo/sophpi-duo/cvi_mmf_sdk/freertos/cvitek/install/lib/libdriver.a(cvi_spinlock.c.obj)
                0x0000000083f4cb46                hw_spin_lock
 .text._hw_raw_spin_lock_irqsave
                0x0000000083f4cc22       0x66 /data/sam/proj_aiot/wanmosi/rls_sdk/sophpi-duo/sophpi-duo/cvi_mmf_sdk/freertos/cvitek/install/lib/libdriver.a(cvi_spinlock.c.obj)
                0x0000000083f4cc22                _hw_raw_spin_lock_irqsave
 .text._hw_raw_spin_unlock_irqrestore
                0x0000000083f4cc88       0x6c /data/sam/proj_aiot/wanmosi/rls_sdk/sophpi-duo/sophpi-duo/cvi_mmf_sdk/freertos/cvitek/install/lib/libdriver.a(cvi_spinlock.c.obj)
                0x0000000083f4cc88                _hw_raw_spin_unlock_irqrestore
 .text.CVI_OSDC_EstCmprCanvasSize
                0x0000000083f4ccf4        0x4 /data/sam/proj_aiot/wanmosi/rls_sdk/sophpi-duo/sophpi-duo/cvi_mmf_sdk/freertos/cvitek/install/lib/libdriver.a(cvi_osdc.c.obj)
                0x0000000083f4ccf4                CVI_OSDC_EstCmprCanvasSize
 .text.CVI_OSDC_DrawCmprCanvas
                0x0000000083f4ccf8        0x4 /data/sam/proj_aiot/wanmosi/rls_sdk/sophpi-duo/sophpi-duo/cvi_mmf_sdk/freertos/cvitek/install/lib/libdriver.a(cvi_osdc.c.obj)
                0x0000000083f4ccf8                CVI_OSDC_DrawCmprCanvas
 .text.CVI_OSDC_SetRectObjAttr
                0x0000000083f4ccfc        0x8 /data/sam/proj_aiot/wanmosi/rls_sdk/sophpi-duo/sophpi-duo/cvi_mmf_sdk/freertos/cvitek/install/lib/libdriver.a(cvi_osdc.c.obj)
                0x0000000083f4ccfc                CVI_OSDC_SetRectObjAttr
 .text.CVI_OSDC_SetBitmapObjAttr
                0x0000000083f4cd04        0x4 /data/sam/proj_aiot/wanmosi/rls_sdk/sophpi-duo/sophpi-duo/cvi_mmf_sdk/freertos/cvitek/install/lib/libdriver.a(cvi_osdc.c.obj)
                0x0000000083f4cd04                CVI_OSDC_SetBitmapObjAttr
 .text.CVI_OSDC_SetLineObjAttr
                0x0000000083f4cd08        0x4 /data/sam/proj_aiot/wanmosi/rls_sdk/sophpi-duo/sophpi-duo/cvi_mmf_sdk/freertos/cvitek/install/lib/libdriver.a(cvi_osdc.c.obj)
                0x0000000083f4cd08                CVI_OSDC_SetLineObjAttr
 .text.recycle_obj_slices
                0x0000000083f4cd0c       0x78 /data/sam/proj_aiot/wanmosi/rls_sdk/sophpi-duo/sophpi-duo/cvi_mmf_sdk/freertos/cvitek/install/lib/libdriver.a(cmpr_canvas.c.obj)
                0x0000000083f4cd0c                recycle_obj_slices
 .text.recycle_draw_obj
                0x0000000083f4cd84       0x78 /data/sam/proj_aiot/wanmosi/rls_sdk/sophpi-duo/sophpi-duo/cvi_mmf_sdk/freertos/cvitek/install/lib/libdriver.a(cmpr_canvas.c.obj)
                0x0000000083f4cd84                recycle_draw_obj
 .text.obj_project_on_line
                0x0000000083f4cdfc      0x3b0 /data/sam/proj_aiot/wanmosi/rls_sdk/sophpi-duo/sophpi-duo/cvi_mmf_sdk/freertos/cvitek/install/lib/libdriver.a(cmpr_canvas.c.obj)
                0x0000000083f4cdfc                obj_project_on_line
 .text.draw_cmpr_init
                0x0000000083f4d1ac       0xa0 /data/sam/proj_aiot/wanmosi/rls_sdk/sophpi-duo/sophpi-duo/cvi_mmf_sdk/freertos/cvitek/install/lib/libdriver.a(cmpr_canvas.c.obj)
                0x0000000083f4d1ac                draw_cmpr_init
 .text.draw_cmpr_pixel
                0x0000000083f4d24c       0x84 /data/sam/proj_aiot/wanmosi/rls_sdk/sophpi-duo/sophpi-duo/cvi_mmf_sdk/freertos/cvitek/install/lib/libdriver.a(cmpr_canvas.c.obj)
                0x0000000083f4d24c                draw_cmpr_pixel
 .text.draw_cmpr_canvas_line
                0x0000000083f4d2d0      0x1c4 /data/sam/proj_aiot/wanmosi/rls_sdk/sophpi-duo/sophpi-duo/cvi_mmf_sdk/freertos/cvitek/install/lib/libdriver.a(cmpr_canvas.c.obj)
                0x0000000083f4d2d0                draw_cmpr_canvas_line
 .text.plot_segments_on_line
                0x0000000083f4d494      0x318 /data/sam/proj_aiot/wanmosi/rls_sdk/sophpi-duo/sophpi-duo/cvi_mmf_sdk/freertos/cvitek/install/lib/libdriver.a(cmpr_canvas.c.obj)
                0x0000000083f4d494                plot_segments_on_line
 .text.draw_cmpr_canvas
                0x0000000083f4d7ac      0x1b4 /data/sam/proj_aiot/wanmosi/rls_sdk/sophpi-duo/sophpi-duo/cvi_mmf_sdk/freertos/cvitek/install/lib/libdriver.a(cmpr_canvas.c.obj)
                0x0000000083f4d7ac                draw_cmpr_canvas
 .text.set_rect_position
                0x0000000083f4d960       0x68 /data/sam/proj_aiot/wanmosi/rls_sdk/sophpi-duo/sophpi-duo/cvi_mmf_sdk/freertos/cvitek/install/lib/libdriver.a(cmpr_canvas.c.obj)
                0x0000000083f4d960                set_rect_position
 .text.set_line_obj_attr
                0x0000000083f4d9c8      0x31a /data/sam/proj_aiot/wanmosi/rls_sdk/sophpi-duo/sophpi-duo/cvi_mmf_sdk/freertos/cvitek/install/lib/libdriver.a(cmpr_canvas.c.obj)
                0x0000000083f4d9c8                set_line_obj_attr
 .text.CVI_OSDC_est_cmpr_canvas_size
                0x0000000083f4dce2       0x20 /data/sam/proj_aiot/wanmosi/rls_sdk/sophpi-duo/sophpi-duo/cvi_mmf_sdk/freertos/cvitek/install/lib/libdriver.a(cmpr_canvas.c.obj)
                0x0000000083f4dce2                CVI_OSDC_est_cmpr_canvas_size
 .text.CVI_OSDC_draw_cmpr_canvas
                0x0000000083f4dd02        0x4 /data/sam/proj_aiot/wanmosi/rls_sdk/sophpi-duo/sophpi-duo/cvi_mmf_sdk/freertos/cvitek/install/lib/libdriver.a(cmpr_canvas.c.obj)
                0x0000000083f4dd02                CVI_OSDC_draw_cmpr_canvas
 .text.CVI_OSDC_set_rect_obj_attr
                0x0000000083f4dd06       0x6c /data/sam/proj_aiot/wanmosi/rls_sdk/sophpi-duo/sophpi-duo/cvi_mmf_sdk/freertos/cvitek/install/lib/libdriver.a(cmpr_canvas.c.obj)
                0x0000000083f4dd06                CVI_OSDC_set_rect_obj_attr
 .text.CVI_OSDC_set_bitmap_obj_attr
                0x0000000083f4dd72       0x4c /data/sam/proj_aiot/wanmosi/rls_sdk/sophpi-duo/sophpi-duo/cvi_mmf_sdk/freertos/cvitek/install/lib/libdriver.a(cmpr_canvas.c.obj)
                0x0000000083f4dd72                CVI_OSDC_set_bitmap_obj_attr
 .text.CVI_OSDC_set_line_obj_attr
                0x0000000083f4ddbe        0xa /data/sam/proj_aiot/wanmosi/rls_sdk/sophpi-duo/sophpi-duo/cvi_mmf_sdk/freertos/cvitek/install/lib/libdriver.a(cmpr_canvas.c.obj)
                0x0000000083f4ddbe                CVI_OSDC_set_line_obj_attr
 .text.clip     0x0000000083f4ddc8       0x1c /data/sam/proj_aiot/wanmosi/rls_sdk/sophpi-duo/sophpi-duo/cvi_mmf_sdk/freertos/cvitek/install/lib/libdriver.a(osd_cmpr.c.obj)
                0x0000000083f4ddc8                clip
 .text.init_stream
                0x0000000083f4dde4       0x1a /data/sam/proj_aiot/wanmosi/rls_sdk/sophpi-duo/sophpi-duo/cvi_mmf_sdk/freertos/cvitek/install/lib/libdriver.a(osd_cmpr.c.obj)
                0x0000000083f4dde4                init_stream
 .text.write_stream
                0x0000000083f4ddfe       0x8c /data/sam/proj_aiot/wanmosi/rls_sdk/sophpi-duo/sophpi-duo/cvi_mmf_sdk/freertos/cvitek/install/lib/libdriver.a(osd_cmpr.c.obj)
                0x0000000083f4ddfe                write_stream
 .text.get_color
                0x0000000083f4de8a       0x96 /data/sam/proj_aiot/wanmosi/rls_sdk/sophpi-duo/sophpi-duo/cvi_mmf_sdk/freertos/cvitek/install/lib/libdriver.a(osd_cmpr.c.obj)
                0x0000000083f4de8a                get_color
 .text.palette_cache_init
                0x0000000083f4df20       0x76 /data/sam/proj_aiot/wanmosi/rls_sdk/sophpi-duo/sophpi-duo/cvi_mmf_sdk/freertos/cvitek/install/lib/libdriver.a(osd_cmpr.c.obj)
                0x0000000083f4df20                palette_cache_init
 .text.palette_cache_lookup_color
                0x0000000083f4df96       0x92 /data/sam/proj_aiot/wanmosi/rls_sdk/sophpi-duo/sophpi-duo/cvi_mmf_sdk/freertos/cvitek/install/lib/libdriver.a(osd_cmpr.c.obj)
                0x0000000083f4df96                palette_cache_lookup_color
 .text.enc_literal
                0x0000000083f4e028       0xa8 /data/sam/proj_aiot/wanmosi/rls_sdk/sophpi-duo/sophpi-duo/cvi_mmf_sdk/freertos/cvitek/install/lib/libdriver.a(osd_cmpr.c.obj)
                0x0000000083f4e028                enc_literal
 .text.enc_mode_syntax
                0x0000000083f4e0d0      0x108 /data/sam/proj_aiot/wanmosi/rls_sdk/sophpi-duo/sophpi-duo/cvi_mmf_sdk/freertos/cvitek/install/lib/libdriver.a(osd_cmpr.c.obj)
                0x0000000083f4e0d0                enc_mode_syntax
 .text.osd_cmpr_enc_header
                0x0000000083f4e1d8       0xd4 /data/sam/proj_aiot/wanmosi/rls_sdk/sophpi-duo/sophpi-duo/cvi_mmf_sdk/freertos/cvitek/install/lib/libdriver.a(osd_cmpr.c.obj)
                0x0000000083f4e1d8                osd_cmpr_enc_header
 .text.osd_cmpr_enc_followed_run
                0x0000000083f4e2ac       0x90 /data/sam/proj_aiot/wanmosi/rls_sdk/sophpi-duo/sophpi-duo/cvi_mmf_sdk/freertos/cvitek/install/lib/libdriver.a(osd_cmpr.c.obj)
                0x0000000083f4e2ac                osd_cmpr_enc_followed_run
 .text.osd_cmpr_enc_const_pixel
                0x0000000083f4e33c       0xdc /data/sam/proj_aiot/wanmosi/rls_sdk/sophpi-duo/sophpi-duo/cvi_mmf_sdk/freertos/cvitek/install/lib/libdriver.a(osd_cmpr.c.obj)
                0x0000000083f4e33c                osd_cmpr_enc_const_pixel
 .text.osd_cmpr_frame_init
                0x0000000083f4e418       0x64 /data/sam/proj_aiot/wanmosi/rls_sdk/sophpi-duo/sophpi-duo/cvi_mmf_sdk/freertos/cvitek/install/lib/libdriver.a(osd_cmpr.c.obj)
                0x0000000083f4e418                osd_cmpr_frame_init
 .text.osd_cmpr_get_pixel_sz
                0x0000000083f4e47c       0x10 /data/sam/proj_aiot/wanmosi/rls_sdk/sophpi-duo/sophpi-duo/cvi_mmf_sdk/freertos/cvitek/install/lib/libdriver.a(osd_cmpr.c.obj)
                0x0000000083f4e47c                osd_cmpr_get_pixel_sz
 .text.osd_cmpr_get_header_sz
                0x0000000083f4e48c        0x4 /data/sam/proj_aiot/wanmosi/rls_sdk/sophpi-duo/sophpi-duo/cvi_mmf_sdk/freertos/cvitek/install/lib/libdriver.a(osd_cmpr.c.obj)
                0x0000000083f4e48c                osd_cmpr_get_header_sz
 .text.hal_uart_init
                0x0000000083f4e490       0x8e /data/sam/proj_aiot/wanmosi/rls_sdk/sophpi-duo/sophpi-duo/cvi_mmf_sdk/freertos/cvitek/install/lib/libhal.a(hal_uart_dw.c.obj)
                0x0000000083f4e490                hal_uart_init
 .text.hal_uart_putc
                0x0000000083f4e51e       0x16 /data/sam/proj_aiot/wanmosi/rls_sdk/sophpi-duo/sophpi-duo/cvi_mmf_sdk/freertos/cvitek/install/lib/libhal.a(hal_uart_dw.c.obj)
                0x0000000083f4e51e                hal_uart_putc
 .text.prvInsertBlockIntoFreeList
                0x0000000083f4e534       0x50 /data/sam/proj_aiot/wanmosi/rls_sdk/sophpi-duo/sophpi-duo/cvi_mmf_sdk/freertos/cvitek/install/lib/libkernel.a(heap_4.c.obj)
 .text.pvPortMalloc
                0x0000000083f4e584      0x166 /data/sam/proj_aiot/wanmosi/rls_sdk/sophpi-duo/sophpi-duo/cvi_mmf_sdk/freertos/cvitek/install/lib/libkernel.a(heap_4.c.obj)
                0x0000000083f4e584                pvPortMalloc
 .text.vPortFree
                0x0000000083f4e6ea       0x60 /data/sam/proj_aiot/wanmosi/rls_sdk/sophpi-duo/sophpi-duo/cvi_mmf_sdk/freertos/cvitek/install/lib/libkernel.a(heap_4.c.obj)
                0x0000000083f4e6ea                vPortFree
 .text.prvCopyDataToQueue
                0x0000000083f4e74a       0xa8 /data/sam/proj_aiot/wanmosi/rls_sdk/sophpi-duo/sophpi-duo/cvi_mmf_sdk/freertos/cvitek/install/lib/libkernel.a(queue.c.obj)
 .text.prvUnlockQueue
                0x0000000083f4e7f2       0xc6 /data/sam/proj_aiot/wanmosi/rls_sdk/sophpi-duo/sophpi-duo/cvi_mmf_sdk/freertos/cvitek/install/lib/libkernel.a(queue.c.obj)
 .text.xQueueGenericReset
                0x0000000083f4e8b8       0x8a /data/sam/proj_aiot/wanmosi/rls_sdk/sophpi-duo/sophpi-duo/cvi_mmf_sdk/freertos/cvitek/install/lib/libkernel.a(queue.c.obj)
                0x0000000083f4e8b8                xQueueGenericReset
 .text.xQueueGenericCreateStatic
                0x0000000083f4e942       0x98 /data/sam/proj_aiot/wanmosi/rls_sdk/sophpi-duo/sophpi-duo/cvi_mmf_sdk/freertos/cvitek/install/lib/libkernel.a(queue.c.obj)
                0x0000000083f4e942                xQueueGenericCreateStatic
 .text.xQueueGenericCreate
                0x0000000083f4e9da       0x6c /data/sam/proj_aiot/wanmosi/rls_sdk/sophpi-duo/sophpi-duo/cvi_mmf_sdk/freertos/cvitek/install/lib/libkernel.a(queue.c.obj)
                0x0000000083f4e9da                xQueueGenericCreate
 .text.xQueueGenericSend
                0x0000000083f4ea46      0x120 /data/sam/proj_aiot/wanmosi/rls_sdk/sophpi-duo/sophpi-duo/cvi_mmf_sdk/freertos/cvitek/install/lib/libkernel.a(queue.c.obj)
                0x0000000083f4ea46                xQueueGenericSend
 .text.xQueueGenericSendFromISR
                0x0000000083f4eb66       0x84 /data/sam/proj_aiot/wanmosi/rls_sdk/sophpi-duo/sophpi-duo/cvi_mmf_sdk/freertos/cvitek/install/lib/libkernel.a(queue.c.obj)
                0x0000000083f4eb66                xQueueGenericSendFromISR
 .text.xQueueGiveFromISR
                0x0000000083f4ebea       0x5c /data/sam/proj_aiot/wanmosi/rls_sdk/sophpi-duo/sophpi-duo/cvi_mmf_sdk/freertos/cvitek/install/lib/libkernel.a(queue.c.obj)
                0x0000000083f4ebea                xQueueGiveFromISR
 .text.xQueueReceive
                0x0000000083f4ec46      0x132 /data/sam/proj_aiot/wanmosi/rls_sdk/sophpi-duo/sophpi-duo/cvi_mmf_sdk/freertos/cvitek/install/lib/libkernel.a(queue.c.obj)
                0x0000000083f4ec46                xQueueReceive
 .text.xQueueReceiveFromISR
                0x0000000083f4ed78       0xa8 /data/sam/proj_aiot/wanmosi/rls_sdk/sophpi-duo/sophpi-duo/cvi_mmf_sdk/freertos/cvitek/install/lib/libkernel.a(queue.c.obj)
                0x0000000083f4ed78                xQueueReceiveFromISR
 .text.vQueueAddToRegistry
                0x0000000083f4ee20       0x7e /data/sam/proj_aiot/wanmosi/rls_sdk/sophpi-duo/sophpi-duo/cvi_mmf_sdk/freertos/cvitek/install/lib/libkernel.a(queue.c.obj)
                0x0000000083f4ee20                vQueueAddToRegistry
 .text.vQueueWaitForMessageRestricted
                0x0000000083f4ee9e       0x74 /data/sam/proj_aiot/wanmosi/rls_sdk/sophpi-duo/sophpi-duo/cvi_mmf_sdk/freertos/cvitek/install/lib/libkernel.a(queue.c.obj)
                0x0000000083f4ee9e                vQueueWaitForMessageRestricted
 .text.prvAddCurrentTaskToDelayedList
                0x0000000083f4ef12       0xec /data/sam/proj_aiot/wanmosi/rls_sdk/sophpi-duo/sophpi-duo/cvi_mmf_sdk/freertos/cvitek/install/lib/libkernel.a(tasks.c.obj)
 .text.vTaskSwitchContext.part.0
                0x0000000083f4effe       0xb0 /data/sam/proj_aiot/wanmosi/rls_sdk/sophpi-duo/sophpi-duo/cvi_mmf_sdk/freertos/cvitek/install/lib/libkernel.a(tasks.c.obj)
 .text.prvInitialiseNewTask.constprop.0
                0x0000000083f4f0ae       0xe8 /data/sam/proj_aiot/wanmosi/rls_sdk/sophpi-duo/sophpi-duo/cvi_mmf_sdk/freertos/cvitek/install/lib/libkernel.a(tasks.c.obj)
 .text.prvIdleTask
                0x0000000083f4f196       0xd4 /data/sam/proj_aiot/wanmosi/rls_sdk/sophpi-duo/sophpi-duo/cvi_mmf_sdk/freertos/cvitek/install/lib/libkernel.a(tasks.c.obj)
 .text.xTaskIncrementTick.part.0
                0x0000000083f4f26a      0x1cc /data/sam/proj_aiot/wanmosi/rls_sdk/sophpi-duo/sophpi-duo/cvi_mmf_sdk/freertos/cvitek/install/lib/libkernel.a(tasks.c.obj)
 .text.vTaskSuspendAll
                0x0000000083f4f436       0x10 /data/sam/proj_aiot/wanmosi/rls_sdk/sophpi-duo/sophpi-duo/cvi_mmf_sdk/freertos/cvitek/install/lib/libkernel.a(tasks.c.obj)
                0x0000000083f4f436                vTaskSuspendAll
 .text.xTaskGetTickCount
                0x0000000083f4f446        0xa /data/sam/proj_aiot/wanmosi/rls_sdk/sophpi-duo/sophpi-duo/cvi_mmf_sdk/freertos/cvitek/install/lib/libkernel.a(tasks.c.obj)
                0x0000000083f4f446                xTaskGetTickCount
 .text.xTaskIncrementTick
                0x0000000083f4f450       0x2c /data/sam/proj_aiot/wanmosi/rls_sdk/sophpi-duo/sophpi-duo/cvi_mmf_sdk/freertos/cvitek/install/lib/libkernel.a(tasks.c.obj)
                0x0000000083f4f450                xTaskIncrementTick
 .text.vTaskSwitchContext
                0x0000000083f4f47c       0x1a /data/sam/proj_aiot/wanmosi/rls_sdk/sophpi-duo/sophpi-duo/cvi_mmf_sdk/freertos/cvitek/install/lib/libkernel.a(tasks.c.obj)
                0x0000000083f4f47c                vTaskSwitchContext
 .text.vTaskPlaceOnEventList
                0x0000000083f4f496       0x26 /data/sam/proj_aiot/wanmosi/rls_sdk/sophpi-duo/sophpi-duo/cvi_mmf_sdk/freertos/cvitek/install/lib/libkernel.a(tasks.c.obj)
                0x0000000083f4f496                vTaskPlaceOnEventList
 .text.vTaskPlaceOnEventListRestricted
                0x0000000083f4f4bc       0x48 /data/sam/proj_aiot/wanmosi/rls_sdk/sophpi-duo/sophpi-duo/cvi_mmf_sdk/freertos/cvitek/install/lib/libkernel.a(tasks.c.obj)
                0x0000000083f4f4bc                vTaskPlaceOnEventListRestricted
 .text.xTaskRemoveFromEventList
                0x0000000083f4f504       0xe6 /data/sam/proj_aiot/wanmosi/rls_sdk/sophpi-duo/sophpi-duo/cvi_mmf_sdk/freertos/cvitek/install/lib/libkernel.a(tasks.c.obj)
                0x0000000083f4f504                xTaskRemoveFromEventList
 .text.vTaskInternalSetTimeOutState
                0x0000000083f4f5ea       0x16 /data/sam/proj_aiot/wanmosi/rls_sdk/sophpi-duo/sophpi-duo/cvi_mmf_sdk/freertos/cvitek/install/lib/libkernel.a(tasks.c.obj)
                0x0000000083f4f5ea                vTaskInternalSetTimeOutState
 .text.vTaskMissedYield
                0x0000000083f4f600        0xc /data/sam/proj_aiot/wanmosi/rls_sdk/sophpi-duo/sophpi-duo/cvi_mmf_sdk/freertos/cvitek/install/lib/libkernel.a(tasks.c.obj)
                0x0000000083f4f600                vTaskMissedYield
 .text.xTaskPriorityDisinherit
                0x0000000083f4f60c       0xaa /data/sam/proj_aiot/wanmosi/rls_sdk/sophpi-duo/sophpi-duo/cvi_mmf_sdk/freertos/cvitek/install/lib/libkernel.a(tasks.c.obj)
                0x0000000083f4f60c                xTaskPriorityDisinherit
 .text.vTaskEnterCritical
                0x0000000083f4f6b6       0x22 /data/sam/proj_aiot/wanmosi/rls_sdk/sophpi-duo/sophpi-duo/cvi_mmf_sdk/freertos/cvitek/install/lib/libkernel.a(tasks.c.obj)
                0x0000000083f4f6b6                vTaskEnterCritical
 .text.vTaskExitCritical
                0x0000000083f4f6d8       0x2c /data/sam/proj_aiot/wanmosi/rls_sdk/sophpi-duo/sophpi-duo/cvi_mmf_sdk/freertos/cvitek/install/lib/libkernel.a(tasks.c.obj)
                0x0000000083f4f6d8                vTaskExitCritical
 .text.prvAddNewTaskToReadyList
                0x0000000083f4f704      0x17a /data/sam/proj_aiot/wanmosi/rls_sdk/sophpi-duo/sophpi-duo/cvi_mmf_sdk/freertos/cvitek/install/lib/libkernel.a(tasks.c.obj)
 .text.xTaskCreateStatic
                0x0000000083f4f87e       0x3c /data/sam/proj_aiot/wanmosi/rls_sdk/sophpi-duo/sophpi-duo/cvi_mmf_sdk/freertos/cvitek/install/lib/libkernel.a(tasks.c.obj)
                0x0000000083f4f87e                xTaskCreateStatic
 .text.xTaskCreate
                0x0000000083f4f8ba       0x7c /data/sam/proj_aiot/wanmosi/rls_sdk/sophpi-duo/sophpi-duo/cvi_mmf_sdk/freertos/cvitek/install/lib/libkernel.a(tasks.c.obj)
                0x0000000083f4f8ba                xTaskCreate
 .text.vTaskStartScheduler
                0x0000000083f4f936       0x88 /data/sam/proj_aiot/wanmosi/rls_sdk/sophpi-duo/sophpi-duo/cvi_mmf_sdk/freertos/cvitek/install/lib/libkernel.a(tasks.c.obj)
                0x0000000083f4f936                vTaskStartScheduler
 .text.xTaskResumeAll
                0x0000000083f4f9be      0x1cc /data/sam/proj_aiot/wanmosi/rls_sdk/sophpi-duo/sophpi-duo/cvi_mmf_sdk/freertos/cvitek/install/lib/libkernel.a(tasks.c.obj)
                0x0000000083f4f9be                xTaskResumeAll
 .text.vTaskDelay
                0x0000000083f4fb8a       0x30 /data/sam/proj_aiot/wanmosi/rls_sdk/sophpi-duo/sophpi-duo/cvi_mmf_sdk/freertos/cvitek/install/lib/libkernel.a(tasks.c.obj)
                0x0000000083f4fb8a                vTaskDelay
 .text.xTaskCheckForTimeOut
                0x0000000083f4fbba       0xb2 /data/sam/proj_aiot/wanmosi/rls_sdk/sophpi-duo/sophpi-duo/cvi_mmf_sdk/freertos/cvitek/install/lib/libkernel.a(tasks.c.obj)
                0x0000000083f4fbba                xTaskCheckForTimeOut
 .text.prvCheckForValidListAndQueue
                0x0000000083f4fc6c       0x82 /data/sam/proj_aiot/wanmosi/rls_sdk/sophpi-duo/sophpi-duo/cvi_mmf_sdk/freertos/cvitek/install/lib/libkernel.a(timers.c.obj)
 .text.prvReloadTimer
                0x0000000083f4fcee       0x66 /data/sam/proj_aiot/wanmosi/rls_sdk/sophpi-duo/sophpi-duo/cvi_mmf_sdk/freertos/cvitek/install/lib/libkernel.a(timers.c.obj)
 .text.prvProcessExpiredTimer
                0x0000000083f4fd54       0x4e /data/sam/proj_aiot/wanmosi/rls_sdk/sophpi-duo/sophpi-duo/cvi_mmf_sdk/freertos/cvitek/install/lib/libkernel.a(timers.c.obj)
 .text.prvTimerTask
                0x0000000083f4fda2      0x1fa /data/sam/proj_aiot/wanmosi/rls_sdk/sophpi-duo/sophpi-duo/cvi_mmf_sdk/freertos/cvitek/install/lib/libkernel.a(timers.c.obj)
 .text.xTimerCreateTimerTask
                0x0000000083f4ff9c       0x52 /data/sam/proj_aiot/wanmosi/rls_sdk/sophpi-duo/sophpi-duo/cvi_mmf_sdk/freertos/cvitek/install/lib/libkernel.a(timers.c.obj)
                0x0000000083f4ff9c                xTimerCreateTimerTask
 .text.vListInitialise
                0x0000000083f4ffee       0x14 /data/sam/proj_aiot/wanmosi/rls_sdk/sophpi-duo/sophpi-duo/cvi_mmf_sdk/freertos/cvitek/install/lib/libkernel.a(list.c.obj)
                0x0000000083f4ffee                vListInitialise
 .text.vListInitialiseItem
                0x0000000083f50002        0x6 /data/sam/proj_aiot/wanmosi/rls_sdk/sophpi-duo/sophpi-duo/cvi_mmf_sdk/freertos/cvitek/install/lib/libkernel.a(list.c.obj)
                0x0000000083f50002                vListInitialiseItem
 .text.vListInsert
                0x0000000083f50008       0x2e /data/sam/proj_aiot/wanmosi/rls_sdk/sophpi-duo/sophpi-duo/cvi_mmf_sdk/freertos/cvitek/install/lib/libkernel.a(list.c.obj)
                0x0000000083f50008                vListInsert
 .text.uxListRemove
                0x0000000083f50036       0x32 /data/sam/proj_aiot/wanmosi/rls_sdk/sophpi-duo/sophpi-duo/cvi_mmf_sdk/freertos/cvitek/install/lib/libkernel.a(list.c.obj)
                0x0000000083f50036                uxListRemove
 .text.vPortSetupTimerInterrupt
                0x0000000083f50068       0x68 /data/sam/proj_aiot/wanmosi/rls_sdk/sophpi-duo/sophpi-duo/cvi_mmf_sdk/freertos/cvitek/install/lib/libkernel.a(port.c.obj)
                0x0000000083f50068                vPortSetupTimerInterrupt
 .text.xPortStartScheduler
                0x0000000083f500d0       0x1e /data/sam/proj_aiot/wanmosi/rls_sdk/sophpi-duo/sophpi-duo/cvi_mmf_sdk/freertos/cvitek/install/lib/libkernel.a(port.c.obj)
                0x0000000083f500d0                xPortStartScheduler
 .text.arch_usleep
                0x0000000083f500ee       0x1a /data/sam/proj_aiot/wanmosi/rls_sdk/sophpi-duo/sophpi-duo/cvi_mmf_sdk/freertos/cvitek/install/lib/libarch.a(arch_sleep.c.obj)
                0x0000000083f500ee                arch_usleep
 *(.gnu.linkonce.t.*)
 *(.plt)
 *(.gnu_warning)
 *(.gcc_execpt_table)
 *(.glue_7)
 *(.glue_7t)
 *(.ARM.extab)
 *(.gnu.linkonce.armextab.*)

.init
 *(.init)

.fini
 *(.fini)

.interp
 *(.interp)

.note-ABI-tag
 *(.note-ABI-tag)

.rodata         0x0000000083f50108     0x2670
                0x0000000083f50140                . = ALIGN (0x40)
 *fill*         0x0000000083f50108       0x38 
                0x0000000083f50140                __rodata_start = .
 *(.rodata)
 .rodata        0x0000000083f50140      0x891 audio/libaudio.a(audio_main.c.obj)
 *fill*         0x0000000083f509d1        0x7 
 .rodata        0x0000000083f509d8       0x40 /data/sam/proj_aiot/wanmosi/rls_sdk/sophpi-duo/host-tools/gcc/riscv64-elf-x86_64/bin/../lib/gcc/riscv64-unknown-elf/10.2.0/../../../../riscv64-unknown-elf/lib/rv64imafdc/lp64d/libm.a(lib_a-s_atan.o)
 .rodata        0x0000000083f50a18       0x30 /data/sam/proj_aiot/wanmosi/rls_sdk/sophpi-duo/host-tools/gcc/riscv64-elf-x86_64/bin/../lib/gcc/riscv64-unknown-elf/10.2.0/../../../../riscv64-unknown-elf/lib/rv64imafdc/lp64d/libm.a(lib_a-e_atan2.o)
 .rodata        0x0000000083f50a48       0x30 /data/sam/proj_aiot/wanmosi/rls_sdk/sophpi-duo/host-tools/gcc/riscv64-elf-x86_64/bin/../lib/gcc/riscv64-unknown-elf/10.2.0/../../../../riscv64-unknown-elf/lib/rv64imafdc/lp64d/libm.a(lib_a-e_exp.o)
 .rodata        0x0000000083f50a78      0x188 /data/sam/proj_aiot/wanmosi/rls_sdk/sophpi-duo/host-tools/gcc/riscv64-elf-x86_64/bin/../lib/gcc/riscv64-unknown-elf/10.2.0/../../../../riscv64-unknown-elf/lib/rv64imafdc/lp64d/libm.a(lib_a-e_rem_pio2.o)
 .rodata        0x0000000083f50c00       0x50 /data/sam/proj_aiot/wanmosi/rls_sdk/sophpi-duo/host-tools/gcc/riscv64-elf-x86_64/bin/../lib/gcc/riscv64-unknown-elf/10.2.0/../../../../riscv64-unknown-elf/lib/rv64imafdc/lp64d/libm.a(lib_a-k_rem_pio2.o)
 .rodata        0x0000000083f50c50       0x10 /data/sam/proj_aiot/wanmosi/rls_sdk/sophpi-duo/host-tools/gcc/riscv64-elf-x86_64/bin/../lib/gcc/riscv64-unknown-elf/10.2.0/../../../../riscv64-unknown-elf/lib/rv64imafdc/lp64d/libm.a(lib_a-s_rint.o)
 .rodata        0x0000000083f50c60      0x100 /data/sam/proj_aiot/wanmosi/rls_sdk/sophpi-duo/host-tools/gcc/riscv64-elf-x86_64/bin/../lib/gcc/riscv64-unknown-elf/10.2.0/rv64imafdc/lp64d/libgcc.a(_clz.o)
                0x0000000083f50c60                __clz_tab
 *(.rodata.*)
 .rodata.main.str1.8
                0x0000000083f50d60       0x44 main/CMakeFiles/cvirtos.elf.dir/src/main.c.obj
 *fill*         0x0000000083f50da4        0x4 
 .rodata.vApplicationMallocFailedHook.str1.8
                0x0000000083f50da8       0x1e main/CMakeFiles/cvirtos.elf.dir/src/main.c.obj
 *fill*         0x0000000083f50dc6        0x2 
 .rodata.vApplicationStackOverflowHook.str1.8
                0x0000000083f50dc8        0x7 main/CMakeFiles/cvirtos.elf.dir/src/main.c.obj
 *fill*         0x0000000083f50dcf        0x1 
 .rodata.__func__.4
                0x0000000083f50dd0       0x1e main/CMakeFiles/cvirtos.elf.dir/src/main.c.obj
 *fill*         0x0000000083f50dee        0x2 
 .rodata.prvCmdQuRunTask.str1.8
                0x0000000083f50df0       0xaf comm/libcomm.a(comm_main.c.obj)
 *fill*         0x0000000083f50e9f        0x1 
 .rodata.prvCmdQuRunTask
                0x0000000083f50ea0       0x2c comm/libcomm.a(comm_main.c.obj)
 *fill*         0x0000000083f50ecc        0x4 
 .rodata.prvQueueISR.str1.8
                0x0000000083f50ed0       0x4b comm/libcomm.a(comm_main.c.obj)
 *fill*         0x0000000083f50f1b        0x1 
 .rodata.prvQueueISR
                0x0000000083f50f1c       0x20 comm/libcomm.a(comm_main.c.obj)
 *fill*         0x0000000083f50f3c        0x4 
 .rodata.main_cvirtos.str1.8
                0x0000000083f50f40       0x20 comm/libcomm.a(comm_main.c.obj)
 .rodata.prvAudioRunTask
                0x0000000083f50f60       0x38 audio/libaudio.a(audio_main.c.obj)
 .rodata.__func__.0
                0x0000000083f50f98       0x26 audio/libaudio.a(audio_main.c.obj)
 *fill*         0x0000000083f50fbe        0x2 
 .rodata.__func__.1
                0x0000000083f50fc0       0x10 audio/libaudio.a(audio_main.c.obj)
 .rodata.CviAud_Algo_Process.str1.8
                0x0000000083f50fd0       0x6a audio/libaudio.a(cviaudio_algo_interface.c.obj)
 *fill*         0x0000000083f5103a        0x6 
 .rodata.CviAud_Algo_DeInit.str1.8
                0x0000000083f51040       0x29 audio/libaudio.a(cviaudio_algo_interface.c.obj)
 *fill*         0x0000000083f51069        0x7 
 .rodata.__func__.2
                0x0000000083f51070       0x13 audio/libaudio.a(cviaudio_algo_interface.c.obj)
 *fill*         0x0000000083f51083        0x5 
 .rodata.__func__.3
                0x0000000083f51088       0x14 audio/libaudio.a(cviaudio_algo_interface.c.obj)
 *fill*         0x0000000083f5109c        0x4 
 .rodata.audio_ssp_init.str1.8
                0x0000000083f510a0      0x2e6 audio/libaudio.a(cvi_ssp_interface.c.obj)
 *fill*         0x0000000083f51386        0x2 
 .rodata.audio_ssp_process.str1.8
                0x0000000083f51388       0xba audio/libaudio.a(cvi_ssp_interface.c.obj)
 *fill*         0x0000000083f51442        0x6 
 .rodata.audio_ssp_deinit.str1.8
                0x0000000083f51448       0x5b audio/libaudio.a(cvi_ssp_interface.c.obj)
 *fill*         0x0000000083f514a3        0x5 
 .rodata.__func__.3
                0x0000000083f514a8       0x11 audio/libaudio.a(cvi_ssp_interface.c.obj)
 *fill*         0x0000000083f514b9        0x7 
 .rodata.__func__.4
                0x0000000083f514c0        0xf audio/libaudio.a(cvi_ssp_interface.c.obj)
 *fill*         0x0000000083f514cf        0x1 
 .rodata.dg_boost_tab.0
                0x0000000083f514d0       0x30 audio/libaudio.a(dg.c.obj)
 .rodata.dg_cut_tab.1
                0x0000000083f51500       0x30 audio/libaudio.a(dg.c.obj)
 .rodata.fv0.1  0x0000000083f51530      0x500 audio/libaudio.a(mmse_init.c.obj)
 .rodata.fv1.0  0x0000000083f51a30      0x500 audio/libaudio.a(mmse_init.c.obj)
 .rodata.table.0
                0x0000000083f51f30       0x54 audio/libaudio.a(nlpaes_subfun.c.obj)
 *fill*         0x0000000083f51f84        0x4 
 .rodata.agc_gain_table.0
                0x0000000083f51f88        0xe audio/libaudio.a(agc_init.c.obj)
 *fill*         0x0000000083f51f96        0x2 
 .rodata.ntryh.1
                0x0000000083f51f98       0x10 audio/libaudio.a(fftcore.c.obj)
 .rodata.printf.str1.8
                0x0000000083f51fa8        0x9 /data/sam/proj_aiot/wanmosi/rls_sdk/sophpi-duo/sophpi-duo/cvi_mmf_sdk/freertos/cvitek/install/lib/libcommon.a(printf.c.obj)
 *fill*         0x0000000083f51fb1        0x3 
 .rodata.vsnprintf
                0x0000000083f51fb4       0x58 /data/sam/proj_aiot/wanmosi/rls_sdk/sophpi-duo/sophpi-duo/cvi_mmf_sdk/freertos/cvitek/install/lib/libcommon.a(snprintf.c.obj)
 *fill*         0x0000000083f5200c        0x4 
 .rodata.plic_unmask_irq.str1.8
                0x0000000083f52010       0x16 /data/sam/proj_aiot/wanmosi/rls_sdk/sophpi-duo/sophpi-duo/cvi_mmf_sdk/freertos/cvitek/install/lib/libdriver.a(system.c.obj)
 *fill*         0x0000000083f52026        0x2 
 .rodata.GetCommInfo.str1.8
                0x0000000083f52028       0x33 /data/sam/proj_aiot/wanmosi/rls_sdk/sophpi-duo/sophpi-duo/cvi_mmf_sdk/freertos/cvitek/install/lib/libdriver.a(system.c.obj)
 *fill*         0x0000000083f5205b        0x5 
 .rodata.post_system_init.str1.8
                0x0000000083f52060       0x17 /data/sam/proj_aiot/wanmosi/rls_sdk/sophpi-duo/sophpi-duo/cvi_mmf_sdk/freertos/cvitek/install/lib/libdriver.a(system.c.obj)
 *fill*         0x0000000083f52077        0x1 
 .rodata.pre_system_init.str1.8
                0x0000000083f52078       0x16 /data/sam/proj_aiot/wanmosi/rls_sdk/sophpi-duo/sophpi-duo/cvi_mmf_sdk/freertos/cvitek/install/lib/libdriver.a(system.c.obj)
 *fill*         0x0000000083f5208e        0x2 
 .rodata.do_irq.str1.8
                0x0000000083f52090       0x16 /data/sam/proj_aiot/wanmosi/rls_sdk/sophpi-duo/sophpi-duo/cvi_mmf_sdk/freertos/cvitek/install/lib/libdriver.a(system.c.obj)
 *fill*         0x0000000083f520a6        0x2 
 .rodata.dump_uart_init.str1.8
                0x0000000083f520a8       0x60 /data/sam/proj_aiot/wanmosi/rls_sdk/sophpi-duo/sophpi-duo/cvi_mmf_sdk/freertos/cvitek/install/lib/libdriver.a(uart.c.obj)
 .rodata.uart_put_buff.str1.8
                0x0000000083f52108        0x5 /data/sam/proj_aiot/wanmosi/rls_sdk/sophpi-duo/sophpi-duo/cvi_mmf_sdk/freertos/cvitek/install/lib/libdriver.a(uart.c.obj)
 *fill*         0x0000000083f5210d        0x3 
 .rodata.cvi_spinlock_init.str1.8
                0x0000000083f52110       0x2f /data/sam/proj_aiot/wanmosi/rls_sdk/sophpi-duo/sophpi-duo/cvi_mmf_sdk/freertos/cvitek/install/lib/libdriver.a(cvi_spinlock.c.obj)
 *fill*         0x0000000083f5213f        0x1 
 .rodata.hw_spin_lock.str1.8
                0x0000000083f52140       0x18 /data/sam/proj_aiot/wanmosi/rls_sdk/sophpi-duo/sophpi-duo/cvi_mmf_sdk/freertos/cvitek/install/lib/libdriver.a(cvi_spinlock.c.obj)
 .rodata._hw_raw_spin_lock_irqsave.str1.8
                0x0000000083f52158       0x30 /data/sam/proj_aiot/wanmosi/rls_sdk/sophpi-duo/sophpi-duo/cvi_mmf_sdk/freertos/cvitek/install/lib/libdriver.a(cvi_spinlock.c.obj)
 .rodata._hw_raw_spin_unlock_irqrestore.str1.8
                0x0000000083f52188       0x32 /data/sam/proj_aiot/wanmosi/rls_sdk/sophpi-duo/sophpi-duo/cvi_mmf_sdk/freertos/cvitek/install/lib/libdriver.a(cvi_spinlock.c.obj)
 *fill*         0x0000000083f521ba        0x6 
 .rodata.__func__.0
                0x0000000083f521c0       0x12 /data/sam/proj_aiot/wanmosi/rls_sdk/sophpi-duo/sophpi-duo/cvi_mmf_sdk/freertos/cvitek/install/lib/libdriver.a(cvi_spinlock.c.obj)
 *fill*         0x0000000083f521d2        0x6 
 .rodata.osd_cmpr_frame_init.str1.8
                0x0000000083f521d8       0x19 /data/sam/proj_aiot/wanmosi/rls_sdk/sophpi-duo/sophpi-duo/cvi_mmf_sdk/freertos/cvitek/install/lib/libdriver.a(osd_cmpr.c.obj)
 *fill*         0x0000000083f521f1        0x7 
 .rodata.__func__.1
                0x0000000083f521f8       0x14 /data/sam/proj_aiot/wanmosi/rls_sdk/sophpi-duo/sophpi-duo/cvi_mmf_sdk/freertos/cvitek/install/lib/libdriver.a(osd_cmpr.c.obj)
 *fill*         0x0000000083f5220c        0x4 
 .rodata.vTaskStartScheduler.str1.8
                0x0000000083f52210        0x5 /data/sam/proj_aiot/wanmosi/rls_sdk/sophpi-duo/sophpi-duo/cvi_mmf_sdk/freertos/cvitek/install/lib/libkernel.a(tasks.c.obj)
 *fill*         0x0000000083f52215        0x3 
 .rodata.prvCheckForValidListAndQueue.str1.8
                0x0000000083f52218        0x5 /data/sam/proj_aiot/wanmosi/rls_sdk/sophpi-duo/sophpi-duo/cvi_mmf_sdk/freertos/cvitek/install/lib/libkernel.a(timers.c.obj)
 *fill*         0x0000000083f5221d        0x3 
 .rodata.prvTimerTask
                0x0000000083f52220       0x28 /data/sam/proj_aiot/wanmosi/rls_sdk/sophpi-duo/sophpi-duo/cvi_mmf_sdk/freertos/cvitek/install/lib/libkernel.a(timers.c.obj)
 .rodata.xTimerCreateTimerTask.str1.8
                0x0000000083f52248        0x8 /data/sam/proj_aiot/wanmosi/rls_sdk/sophpi-duo/sophpi-duo/cvi_mmf_sdk/freertos/cvitek/install/lib/libkernel.a(timers.c.obj)
 .rodata.str1.8
                0x0000000083f52250        0x8 /data/sam/proj_aiot/wanmosi/rls_sdk/sophpi-duo/host-tools/gcc/riscv64-elf-x86_64/bin/../lib/gcc/riscv64-unknown-elf/10.2.0/../../../../riscv64-unknown-elf/lib/rv64imafdc/lp64d/libm.a(lib_a-w_log.o)
                                          0x1 (size before relaxing)
 .rodata.str1.8
                0x0000000083f52250        0x1 /data/sam/proj_aiot/wanmosi/rls_sdk/sophpi-duo/host-tools/gcc/riscv64-elf-x86_64/bin/../lib/gcc/riscv64-unknown-elf/10.2.0/../../../../riscv64-unknown-elf/lib/rv64imafdc/lp64d/libm.a(lib_a-e_pow.o)
 *(.srodata*)
 .srodata.cst4  0x0000000083f52250       0x30 audio/libaudio.a(cvi_ssp_interface.c.obj)
 .srodata.cst4  0x0000000083f52280       0x18 audio/libaudio.a(dc.c.obj)
                                         0x1c (size before relaxing)
 .srodata.cst8  0x0000000083f52298        0x8 audio/libaudio.a(dc.c.obj)
 .srodata.cst4  0x0000000083f522a0       0x1c audio/libaudio.a(dg.c.obj)
 .srodata.cst4  0x0000000083f522a0       0x44 audio/libaudio.a(lpaec.c.obj)
                                         0x64 (size before relaxing)
 *fill*         0x0000000083f522e4        0x4 
 .srodata.cst8  0x0000000083f522e8       0x40 audio/libaudio.a(lpaec.c.obj)
                                         0x48 (size before relaxing)
 .srodata.cst4  0x0000000083f52328        0x8 audio/libaudio.a(lpaec_subfun.c.obj)
                                         0x14 (size before relaxing)
 .srodata.cst8  0x0000000083f52330        0x8 audio/libaudio.a(lpaec_subfun.c.obj)
 .srodata.cst4  0x0000000083f52330       0x2c audio/libaudio.a(mmse.c.obj)
                                         0x40 (size before relaxing)
 *fill*         0x0000000083f5235c        0x4 
 .srodata.cst8  0x0000000083f52360       0x48 audio/libaudio.a(mmse_init.c.obj)
 .srodata.cst4  0x0000000083f523a8       0x10 audio/libaudio.a(mmse_init.c.obj)
                                         0x18 (size before relaxing)
 .srodata.cst4  0x0000000083f523b8       0x28 audio/libaudio.a(nlpaes.c.obj)
                                         0x74 (size before relaxing)
 .srodata.cst8  0x0000000083f523e0        0x8 audio/libaudio.a(nlpaes.c.obj)
 .srodata.cst4  0x0000000083f523e0       0x14 audio/libaudio.a(nlpaes_subfun.c.obj)
                                         0x2c (size before relaxing)
 *fill*         0x0000000083f523f4        0x4 
 .srodata.cst8  0x0000000083f523f8       0x20 audio/libaudio.a(nlpaes_subfun.c.obj)
                                         0x28 (size before relaxing)
 .srodata.cst4  0x0000000083f52418        0x4 audio/libaudio.a(notch.c.obj)
 .srodata.cst8  0x0000000083f52418        0x8 audio/libaudio.a(packfft.c.obj)
 .srodata.cst4  0x0000000083f52418        0x4 audio/libaudio.a(slope_detection.c.obj)
                                         0x18 (size before relaxing)
 .srodata.cst4  0x0000000083f5241c        0x4 audio/libaudio.a(bessel.c.obj)
                                          0xc (size before relaxing)
 .srodata.cst8  0x0000000083f52420       0x10 audio/libaudio.a(bessel.c.obj)
 .srodata.cst4  0x0000000083f52430       0x20 audio/libaudio.a(dr_detection.c.obj)
                                         0x38 (size before relaxing)
 .srodata.cst4  0x0000000083f52450       0x18 audio/libaudio.a(fftcore.c.obj)
                                         0x24 (size before relaxing)
 .srodata.cst4  0x0000000083f52468        0x8 audio/libaudio.a(mmse_rtwutil.c.obj)
 .srodata.cst8  0x0000000083f52468       0x18 /data/sam/proj_aiot/wanmosi/rls_sdk/sophpi-duo/sophpi-duo/cvi_mmf_sdk/freertos/cvitek/install/lib/libdriver.a(system.c.obj)
 .srodata.cst8  0x0000000083f52480       0x10 /data/sam/proj_aiot/wanmosi/rls_sdk/sophpi-duo/sophpi-duo/cvi_mmf_sdk/freertos/cvitek/install/lib/libdriver.a(cmpr_canvas.c.obj)
 .srodata.cst4  0x0000000083f52480        0x4 /data/sam/proj_aiot/wanmosi/rls_sdk/sophpi-duo/sophpi-duo/cvi_mmf_sdk/freertos/cvitek/install/lib/libdriver.a(cmpr_canvas.c.obj)
 *fill*         0x0000000083f52484        0x4 
 .srodata.uxTimerIncrementsForOneTick
                0x0000000083f52488        0x8 /data/sam/proj_aiot/wanmosi/rls_sdk/sophpi-duo/sophpi-duo/cvi_mmf_sdk/freertos/cvitek/install/lib/libkernel.a(port.c.obj)
                0x0000000083f52488                uxTimerIncrementsForOneTick
 .srodata.xISRStackTop
                0x0000000083f52490        0x8 /data/sam/proj_aiot/wanmosi/rls_sdk/sophpi-duo/sophpi-duo/cvi_mmf_sdk/freertos/cvitek/install/lib/libkernel.a(port.c.obj)
                0x0000000083f52490                xISRStackTop
 .srodata.cst8  0x0000000083f52498       0x80 /data/sam/proj_aiot/wanmosi/rls_sdk/sophpi-duo/host-tools/gcc/riscv64-elf-x86_64/bin/../lib/gcc/riscv64-unknown-elf/10.2.0/../../../../riscv64-unknown-elf/lib/rv64imafdc/lp64d/libm.a(lib_a-s_atan.o)
                                         0x90 (size before relaxing)
 .srodata.cst8  0x0000000083f52518        0x8 /data/sam/proj_aiot/wanmosi/rls_sdk/sophpi-duo/host-tools/gcc/riscv64-elf-x86_64/bin/../lib/gcc/riscv64-unknown-elf/10.2.0/../../../../riscv64-unknown-elf/lib/rv64imafdc/lp64d/libm.a(lib_a-s_ceil.o)
 .srodata.cst8  0x0000000083f52518        0x8 /data/sam/proj_aiot/wanmosi/rls_sdk/sophpi-duo/host-tools/gcc/riscv64-elf-x86_64/bin/../lib/gcc/riscv64-unknown-elf/10.2.0/../../../../riscv64-unknown-elf/lib/rv64imafdc/lp64d/libm.a(lib_a-s_floor.o)
 .srodata.cst8  0x0000000083f52518       0x18 /data/sam/proj_aiot/wanmosi/rls_sdk/sophpi-duo/host-tools/gcc/riscv64-elf-x86_64/bin/../lib/gcc/riscv64-unknown-elf/10.2.0/../../../../riscv64-unknown-elf/lib/rv64imafdc/lp64d/libm.a(lib_a-w_exp.o)
 .srodata.cst8  0x0000000083f52530        0x8 /data/sam/proj_aiot/wanmosi/rls_sdk/sophpi-duo/host-tools/gcc/riscv64-elf-x86_64/bin/../lib/gcc/riscv64-unknown-elf/10.2.0/../../../../riscv64-unknown-elf/lib/rv64imafdc/lp64d/libm.a(lib_a-w_log.o)
 .srodata.cst8  0x0000000083f52538       0x18 /data/sam/proj_aiot/wanmosi/rls_sdk/sophpi-duo/host-tools/gcc/riscv64-elf-x86_64/bin/../lib/gcc/riscv64-unknown-elf/10.2.0/../../../../riscv64-unknown-elf/lib/rv64imafdc/lp64d/libm.a(lib_a-w_pow.o)
 .srodata.cst8  0x0000000083f52538       0x20 /data/sam/proj_aiot/wanmosi/rls_sdk/sophpi-duo/host-tools/gcc/riscv64-elf-x86_64/bin/../lib/gcc/riscv64-unknown-elf/10.2.0/../../../../riscv64-unknown-elf/lib/rv64imafdc/lp64d/libm.a(lib_a-e_atan2.o)
                                         0x30 (size before relaxing)
 .srodata.cst8  0x0000000083f52558       0x48 /data/sam/proj_aiot/wanmosi/rls_sdk/sophpi-duo/host-tools/gcc/riscv64-elf-x86_64/bin/../lib/gcc/riscv64-unknown-elf/10.2.0/../../../../riscv64-unknown-elf/lib/rv64imafdc/lp64d/libm.a(lib_a-e_exp.o)
                                         0x70 (size before relaxing)
 .srodata.cst8  0x0000000083f525a0       0x50 /data/sam/proj_aiot/wanmosi/rls_sdk/sophpi-duo/host-tools/gcc/riscv64-elf-x86_64/bin/../lib/gcc/riscv64-unknown-elf/10.2.0/../../../../riscv64-unknown-elf/lib/rv64imafdc/lp64d/libm.a(lib_a-e_log.o)
                                         0x78 (size before relaxing)
 .srodata.cst8  0x0000000083f525f0       0xa0 /data/sam/proj_aiot/wanmosi/rls_sdk/sophpi-duo/host-tools/gcc/riscv64-elf-x86_64/bin/../lib/gcc/riscv64-unknown-elf/10.2.0/../../../../riscv64-unknown-elf/lib/rv64imafdc/lp64d/libm.a(lib_a-e_pow.o)
                                        0x110 (size before relaxing)
 .srodata.cst8  0x0000000083f52690       0x40 /data/sam/proj_aiot/wanmosi/rls_sdk/sophpi-duo/host-tools/gcc/riscv64-elf-x86_64/bin/../lib/gcc/riscv64-unknown-elf/10.2.0/../../../../riscv64-unknown-elf/lib/rv64imafdc/lp64d/libm.a(lib_a-e_rem_pio2.o)
                                         0x48 (size before relaxing)
 .srodata.cst8  0x0000000083f526d0       0x40 /data/sam/proj_aiot/wanmosi/rls_sdk/sophpi-duo/host-tools/gcc/riscv64-elf-x86_64/bin/../lib/gcc/riscv64-unknown-elf/10.2.0/../../../../riscv64-unknown-elf/lib/rv64imafdc/lp64d/libm.a(lib_a-k_cos.o)
                                         0x50 (size before relaxing)
 .srodata.cst8  0x0000000083f52710       0x20 /data/sam/proj_aiot/wanmosi/rls_sdk/sophpi-duo/host-tools/gcc/riscv64-elf-x86_64/bin/../lib/gcc/riscv64-unknown-elf/10.2.0/../../../../riscv64-unknown-elf/lib/rv64imafdc/lp64d/libm.a(lib_a-k_rem_pio2.o)
                                         0x38 (size before relaxing)
 .srodata.cst8  0x0000000083f52730       0x38 /data/sam/proj_aiot/wanmosi/rls_sdk/sophpi-duo/host-tools/gcc/riscv64-elf-x86_64/bin/../lib/gcc/riscv64-unknown-elf/10.2.0/../../../../riscv64-unknown-elf/lib/rv64imafdc/lp64d/libm.a(lib_a-k_sin.o)
                                         0x40 (size before relaxing)
 .srodata.cst8  0x0000000083f52768        0x8 /data/sam/proj_aiot/wanmosi/rls_sdk/sophpi-duo/host-tools/gcc/riscv64-elf-x86_64/bin/../lib/gcc/riscv64-unknown-elf/10.2.0/../../../../riscv64-unknown-elf/lib/rv64imafdc/lp64d/libm.a(lib_a-s_nan.o)
 .srodata.cst8  0x0000000083f52770        0x8 /data/sam/proj_aiot/wanmosi/rls_sdk/sophpi-duo/host-tools/gcc/riscv64-elf-x86_64/bin/../lib/gcc/riscv64-unknown-elf/10.2.0/../../../../riscv64-unknown-elf/lib/rv64imafdc/lp64d/libm.a(lib_a-s_scalbn.o)
                                         0x20 (size before relaxing)
 *(.gnu.linkonce.r.*)
                0x0000000083f52778                __rodata_end = .

.rela.dyn       0x0000000083f52778        0x0
 .rela.vectors  0x0000000083f52778        0x0 main/CMakeFiles/cvirtos.elf.dir/src/main.c.obj
 .rela.text.xPortStartScheduler
                0x0000000083f52778        0x0 main/CMakeFiles/cvirtos.elf.dir/src/main.c.obj

.rodata1        0x0000000083f52778        0x8
                0x0000000083f52780                . = ALIGN (0x40)
 *fill*         0x0000000083f52778        0x8 
                0x0000000083f52780                __rodata1_start = .
 *(.rodata1)
 *(.rodata1.*)
                0x0000000083f52780                __rodata1_end = .

.data           0x0000000083f52780      0xa60
                0x0000000083f52780                . = ALIGN (0x40)
                0x0000000083f52780                _data = .
 *(.data)
 .data          0x0000000083f52780      0x748 /data/sam/proj_aiot/wanmosi/rls_sdk/sophpi-duo/host-tools/gcc/riscv64-elf-x86_64/bin/../lib/gcc/riscv64-unknown-elf/10.2.0/../../../../riscv64-unknown-elf/lib/rv64imafdc/lp64d/libc.a(lib_a-impure.o)
 *(.data.*)
 .data.gTaskCtx
                0x0000000083f52ec8      0x1f8 comm/libcomm.a(comm_main.c.obj)
                0x0000000083f52ec8                gTaskCtx
 .data.nb_notch_coef.1
                0x0000000083f530c0       0x18 audio/libaudio.a(notch.c.obj)
 .data.wb_notch_coef.0
                0x0000000083f530d8       0x18 audio/libaudio.a(notch.c.obj)
 .data.bessel_v0_d.2
                0x0000000083f530f0       0x28 audio/libaudio.a(bessel.c.obj)
 .data.bessel_v0_f.3
                0x0000000083f53118       0x34 audio/libaudio.a(bessel.c.obj)
 *fill*         0x0000000083f5314c        0x4 
 .data.bessel_v1_d.0
                0x0000000083f53150       0x28 audio/libaudio.a(bessel.c.obj)
 .data.bessel_v1_f.1
                0x0000000083f53178       0x34 audio/libaudio.a(bessel.c.obj)
 *(.sdata)
 *fill*         0x0000000083f531ac        0x4 
 .sdata         0x0000000083f531b0        0x8 /data/sam/proj_aiot/wanmosi/rls_sdk/sophpi-duo/host-tools/gcc/riscv64-elf-x86_64/bin/../lib/gcc/riscv64-unknown-elf/10.2.0/../../../../riscv64-unknown-elf/lib/rv64imafdc/lp64d/libc.a(lib_a-impure.o)
                0x0000000083f531b0                _impure_ptr
 *(.sdata.*)
 .sdata.mailbox_lock
                0x0000000083f531b8        0x4 comm/libcomm.a(comm_main.c.obj)
                0x0000000083f531b8                mailbox_lock
 .sdata.notch_dbglevel
                0x0000000083f531bc        0x4 audio/libaudio.a(cviaudio_algo_interface.c.obj)
                0x0000000083f531bc                notch_dbglevel
 .sdata.cviaud_dbg
                0x0000000083f531c0        0x4 audio/libaudio.a(cvi_ssp_interface.c.obj)
                0x0000000083f531c0                cviaud_dbg
 .sdata.uart_putc_enable
                0x0000000083f531c4        0x4 /data/sam/proj_aiot/wanmosi/rls_sdk/sophpi-duo/sophpi-duo/cvi_mmf_sdk/freertos/cvitek/install/lib/libdriver.a(uart.c.obj)
                0x0000000083f531c4                uart_putc_enable
 .sdata.reg_base
                0x0000000083f531c8        0x8 /data/sam/proj_aiot/wanmosi/rls_sdk/sophpi-duo/sophpi-duo/cvi_mmf_sdk/freertos/cvitek/install/lib/libdriver.a(cvi_spinlock.c.obj)
 .sdata.uxTopUsedPriority
                0x0000000083f531d0        0x8 /data/sam/proj_aiot/wanmosi/rls_sdk/sophpi-duo/sophpi-duo/cvi_mmf_sdk/freertos/cvitek/install/lib/libkernel.a(tasks.c.obj)
                0x0000000083f531d0                uxTopUsedPriority
 .sdata.pullNextTime
                0x0000000083f531d8        0x8 /data/sam/proj_aiot/wanmosi/rls_sdk/sophpi-duo/sophpi-duo/cvi_mmf_sdk/freertos/cvitek/install/lib/libkernel.a(port.c.obj)
                0x0000000083f531d8                pullNextTime
 *(.gnu.linkonce.d.*)
 *(.jcr)
 *(.got)
 *(.got.plt)
                0x0000000083f531e0                _edata = .

.data1          0x0000000083f531e0       0x20
                0x0000000083f53200                . = ALIGN (0x40)
 *fill*         0x0000000083f531e0       0x20 
                0x0000000083f53200                __data1_start = .
 *(.data1)
 *(.data1.*)
                0x0000000083f53200                __data1_end = .

.got
 *(.got)

.got1
 *(.got1)

.got2
 *(.got2)

.ctors          0x0000000083f53200        0x0
                0x0000000083f53200                . = ALIGN (0x40)
                0x0000000083f53200                __CTOR_LIST__ = .
                0x0000000083f53200                ___CTORS_LIST___ = .
 *crtbegin.o(.ctors)
 *(EXCLUDE_FILE(*crtend.o) .ctors)
 *(SORT_BY_NAME(.ctors.*))
 *(.ctors)
                0x0000000083f53200                __CTOR_END__ = .
                0x0000000083f53200                ___CTORS_END___ = .

.dtors          0x0000000083f53200        0x0
                0x0000000083f53200                . = ALIGN (0x40)
                0x0000000083f53200                __DTOR_LIST__ = .
                0x0000000083f53200                ___DTORS_LIST___ = .
 *crtbegin.o(.dtors)
 *(EXCLUDE_FILE(*crtend.o) .dtors)
 *(SORT_BY_NAME(.dtors.*))
 *(.dtors)
                0x0000000083f53200                __DTOR_END__ = .
                0x0000000083f53200                ___DTORS_END___ = .

.fixup          0x0000000083f53200        0x0
                0x0000000083f53200                __fixup_start = .
 *(.fixup)
                0x0000000083f53200                __fixup_end = .

.eh_frame
 *(.eh_frame)

.eh_framehdr    0x0000000083f53200        0x0
                0x0000000083f53200                __eh_framehdr_start = .
 *(.eh_framehdr)
                0x0000000083f53200                __eh_framehdr_end = .

.gcc_except_table
 *(.gcc_except_table)

.bss            0x0000000083f53200     0xcb40
                0x0000000083f53200                . = ALIGN (0x40)
                0x0000000083f53200                _bss = .
 *(.bss)
 *(.bss.*)
 .bss.uxIdleTaskStack.2
                0x0000000083f53200     0x2000 main/CMakeFiles/cvirtos.elf.dir/src/main.c.obj
 .bss.uxTimerTaskStack.0
                0x0000000083f55200     0x4000 main/CMakeFiles/cvirtos.elf.dir/src/main.c.obj
 .bss.xIdleTaskTCB.3
                0x0000000083f59200       0xa8 main/CMakeFiles/cvirtos.elf.dir/src/main.c.obj
 .bss.xTimerTaskTCB.1
                0x0000000083f592a8       0xa8 main/CMakeFiles/cvirtos.elf.dir/src/main.c.obj
 .bss.gammak    0x0000000083f59350      0x504 audio/libaudio.a(mmse.c.obj)
                0x0000000083f59350                gammak
 *fill*         0x0000000083f59854        0x4 
 .bss.ksi       0x0000000083f59858      0x504 audio/libaudio.a(mmse.c.obj)
                0x0000000083f59858                ksi
 *fill*         0x0000000083f59d5c        0x4 
 .bss.nr_fd_half
                0x0000000083f59d60      0xa08 audio/libaudio.a(mmse.c.obj)
                0x0000000083f59d60                nr_fd_half
 .bss.nr_sig    0x0000000083f5a768      0x504 audio/libaudio.a(mmse.c.obj)
                0x0000000083f5a768                nr_sig
 *fill*         0x0000000083f5ac6c        0x4 
 .bss.tmp_fft_out
                0x0000000083f5ac70      0xa08 audio/libaudio.a(mmse.c.obj)
                0x0000000083f5ac70                tmp_fft_out
 .bss.tmp_ifft_out
                0x0000000083f5b678      0xa08 audio/libaudio.a(mmse.c.obj)
                0x0000000083f5b678                tmp_ifft_out
 .bss.g_irq_action
                0x0000000083f5c080     0x1400 /data/sam/proj_aiot/wanmosi/rls_sdk/sophpi-duo/sophpi-duo/cvi_mmf_sdk/freertos/cvitek/install/lib/libdriver.a(system.c.obj)
 .bss.transfer_config
                0x0000000083f5d480       0x40 /data/sam/proj_aiot/wanmosi/rls_sdk/sophpi-duo/sophpi-duo/cvi_mmf_sdk/freertos/cvitek/install/lib/libdriver.a(system.c.obj)
                0x0000000083f5d480                transfer_config
 .bss.seg_list_head
                0x0000000083f5d4c0       0x10 /data/sam/proj_aiot/wanmosi/rls_sdk/sophpi-duo/sophpi-duo/cvi_mmf_sdk/freertos/cvitek/install/lib/libdriver.a(cmpr_canvas.c.obj)
                0x0000000083f5d4c0                seg_list_head
 .bss.slc_list_head
                0x0000000083f5d4d0       0x10 /data/sam/proj_aiot/wanmosi/rls_sdk/sophpi-duo/sophpi-duo/cvi_mmf_sdk/freertos/cvitek/install/lib/libdriver.a(cmpr_canvas.c.obj)
                0x0000000083f5d4d0                slc_list_head
 .bss.xStart    0x0000000083f5d4e0       0x10 /data/sam/proj_aiot/wanmosi/rls_sdk/sophpi-duo/sophpi-duo/cvi_mmf_sdk/freertos/cvitek/install/lib/libkernel.a(heap_4.c.obj)
 .bss.xQueueRegistry
                0x0000000083f5d4f0      0x320 /data/sam/proj_aiot/wanmosi/rls_sdk/sophpi-duo/sophpi-duo/cvi_mmf_sdk/freertos/cvitek/install/lib/libkernel.a(queue.c.obj)
                0x0000000083f5d4f0                xQueueRegistry
 .bss.pxReadyTasksLists
                0x0000000083f5d810      0x140 /data/sam/proj_aiot/wanmosi/rls_sdk/sophpi-duo/sophpi-duo/cvi_mmf_sdk/freertos/cvitek/install/lib/libkernel.a(tasks.c.obj)
 .bss.xDelayedTaskList1
                0x0000000083f5d950       0x28 /data/sam/proj_aiot/wanmosi/rls_sdk/sophpi-duo/sophpi-duo/cvi_mmf_sdk/freertos/cvitek/install/lib/libkernel.a(tasks.c.obj)
 .bss.xDelayedTaskList2
                0x0000000083f5d978       0x28 /data/sam/proj_aiot/wanmosi/rls_sdk/sophpi-duo/sophpi-duo/cvi_mmf_sdk/freertos/cvitek/install/lib/libkernel.a(tasks.c.obj)
 .bss.xPendingReadyList
                0x0000000083f5d9a0       0x28 /data/sam/proj_aiot/wanmosi/rls_sdk/sophpi-duo/sophpi-duo/cvi_mmf_sdk/freertos/cvitek/install/lib/libkernel.a(tasks.c.obj)
 .bss.xSuspendedTaskList
                0x0000000083f5d9c8       0x28 /data/sam/proj_aiot/wanmosi/rls_sdk/sophpi-duo/sophpi-duo/cvi_mmf_sdk/freertos/cvitek/install/lib/libkernel.a(tasks.c.obj)
 .bss.xTasksWaitingTermination
                0x0000000083f5d9f0       0x28 /data/sam/proj_aiot/wanmosi/rls_sdk/sophpi-duo/sophpi-duo/cvi_mmf_sdk/freertos/cvitek/install/lib/libkernel.a(tasks.c.obj)
 .bss.ucStaticTimerQueueStorage.1
                0x0000000083f5da18       0xa0 /data/sam/proj_aiot/wanmosi/rls_sdk/sophpi-duo/sophpi-duo/cvi_mmf_sdk/freertos/cvitek/install/lib/libkernel.a(timers.c.obj)
 .bss.xActiveTimerList1
                0x0000000083f5dab8       0x28 /data/sam/proj_aiot/wanmosi/rls_sdk/sophpi-duo/sophpi-duo/cvi_mmf_sdk/freertos/cvitek/install/lib/libkernel.a(timers.c.obj)
 .bss.xActiveTimerList2
                0x0000000083f5dae0       0x28 /data/sam/proj_aiot/wanmosi/rls_sdk/sophpi-duo/sophpi-duo/cvi_mmf_sdk/freertos/cvitek/install/lib/libkernel.a(timers.c.obj)
 .bss.xStaticTimerQueue.0
                0x0000000083f5db08       0x90 /data/sam/proj_aiot/wanmosi/rls_sdk/sophpi-duo/sophpi-duo/cvi_mmf_sdk/freertos/cvitek/install/lib/libkernel.a(timers.c.obj)
 *fill*         0x0000000083f5db98        0x8 
 .bss.xISRStack
                0x0000000083f5dba0     0x2000 /data/sam/proj_aiot/wanmosi/rls_sdk/sophpi-duo/sophpi-duo/cvi_mmf_sdk/freertos/cvitek/install/lib/libkernel.a(port.c.obj)
 *(.sbss)
 .sbss          0x0000000083f5fba0        0x4 /data/sam/proj_aiot/wanmosi/rls_sdk/sophpi-duo/host-tools/gcc/riscv64-elf-x86_64/bin/../lib/gcc/riscv64-unknown-elf/10.2.0/../../../../riscv64-unknown-elf/lib/rv64imafdc/lp64d/libm.a(lib_a-s_lib_ver.o)
                0x0000000083f5fba0                __fdlib_version
 *(.sbss.*)
 *fill*         0x0000000083f5fba4        0x4 
 .sbss.mailbox_context
                0x0000000083f5fba8        0x8 comm/libcomm.a(comm_main.c.obj)
                0x0000000083f5fba8                mailbox_context
 .sbss.mbox_done_reg
                0x0000000083f5fbb0        0x8 comm/libcomm.a(comm_main.c.obj)
                0x0000000083f5fbb0                mbox_done_reg
 .sbss.mbox_reg
                0x0000000083f5fbb8        0x8 comm/libcomm.a(comm_main.c.obj)
                0x0000000083f5fbb8                mbox_reg
 .sbss.stop_ip.0
                0x0000000083f5fbc0        0x4 comm/libcomm.a(comm_main.c.obj)
 *fill*         0x0000000083f5fbc4        0x4 
 .sbss.xQueueRGN
                0x0000000083f5fbc8        0x8 rgn/librgn.a(rgn_main.c.obj)
                0x0000000083f5fbc8                xQueueRGN
 .sbss.xQueueRGNCmdqu
                0x0000000083f5fbd0        0x8 rgn/librgn.a(rgn_main.c.obj)
                0x0000000083f5fbd0                xQueueRGNCmdqu
 .sbss.unit_test_triggered
                0x0000000083f5fbd8        0x4 audio/libaudio.a(audio_main.c.obj)
                0x0000000083f5fbd8                unit_test_triggered
 *fill*         0x0000000083f5fbdc        0x4 
 .sbss.paudio_ssp_block
                0x0000000083f5fbe0        0x8 audio/libaudio.a(audio_main.c.obj)
                0x0000000083f5fbe0                paudio_ssp_block
 .sbss.paudio_ssp_handle
                0x0000000083f5fbe8        0x8 audio/libaudio.a(audio_main.c.obj)
                0x0000000083f5fbe8                paudio_ssp_handle
 .sbss.pindicator
                0x0000000083f5fbf0        0x8 audio/libaudio.a(audio_main.c.obj)
                0x0000000083f5fbf0                pindicator
 .sbss.pstSspBufTbl
                0x0000000083f5fbf8        0x8 audio/libaudio.a(audio_main.c.obj)
                0x0000000083f5fbf8                pstSspBufTbl
 .sbss.pstVqeConfig
                0x0000000083f5fc00        0x8 audio/libaudio.a(audio_main.c.obj)
                0x0000000083f5fc00                pstVqeConfig
 .sbss.ssp_running
                0x0000000083f5fc08        0x1 audio/libaudio.a(audio_main.c.obj)
                0x0000000083f5fc08                ssp_running
 *fill*         0x0000000083f5fc09        0x7 
 .sbss.xQueueAudio
                0x0000000083f5fc10        0x8 audio/libaudio.a(audio_main.c.obj)
                0x0000000083f5fc10                xQueueAudio
 .sbss.xQueueAudioCmdqu
                0x0000000083f5fc18        0x8 audio/libaudio.a(audio_main.c.obj)
                0x0000000083f5fc18                xQueueAudioCmdqu
 .sbss.dump_uart
                0x0000000083f5fc20        0x8 /data/sam/proj_aiot/wanmosi/rls_sdk/sophpi-duo/sophpi-duo/cvi_mmf_sdk/freertos/cvitek/install/lib/libdriver.a(uart.c.obj)
                0x0000000083f5fc20                dump_uart
 .sbss.init_enable.0
                0x0000000083f5fc28        0x4 /data/sam/proj_aiot/wanmosi/rls_sdk/sophpi-duo/sophpi-duo/cvi_mmf_sdk/freertos/cvitek/install/lib/libdriver.a(uart.c.obj)
 *fill*         0x0000000083f5fc2c        0x4 
 .sbss.printf_lock
                0x0000000083f5fc30        0x4 /data/sam/proj_aiot/wanmosi/rls_sdk/sophpi-duo/sophpi-duo/cvi_mmf_sdk/freertos/cvitek/install/lib/libdriver.a(uart.c.obj)
                0x0000000083f5fc30                printf_lock
 .sbss.lockCount
                0x0000000083f5fc34        0x1 /data/sam/proj_aiot/wanmosi/rls_sdk/sophpi-duo/sophpi-duo/cvi_mmf_sdk/freertos/cvitek/install/lib/libdriver.a(cvi_spinlock.c.obj)
 *fill*         0x0000000083f5fc35        0x3 
 .sbss.reg_write_lock
                0x0000000083f5fc38        0x8 /data/sam/proj_aiot/wanmosi/rls_sdk/sophpi-duo/sophpi-duo/cvi_mmf_sdk/freertos/cvitek/install/lib/libdriver.a(cvi_spinlock.c.obj)
                0x0000000083f5fc38                reg_write_lock
 .sbss.seg_init.0